###############################################################################
#
# IAR ELF Linker V2.60.1.1702 for Renesas RX              20/Oct/2015  16:01:05
# Copyright 2009-2014 IAR Systems AB.
#
#    Output file  =  
#        C:\Embed_v2\Exercises\HandsOn\Exercise5\Debug\Exe\Exercise5.out
#    Map file     =  
#        C:\Embed_v2\Exercises\HandsOn\Exercise5\Debug\List\Exercise5.map
#    Command line =  
#        C:\Embed_v2\Exercises\HandsOn\Exercise5\Debug\Obj\bsp.o
#        C:\Embed_v2\Exercises\HandsOn\Exercise5\Debug\Obj\bsp_glcd.o
#        C:\Embed_v2\Exercises\HandsOn\Exercise5\Debug\Obj\bsp_int.o
#        C:\Embed_v2\Exercises\HandsOn\Exercise5\Debug\Obj\bsp_led.o
#        C:\Embed_v2\Exercises\HandsOn\Exercise5\Debug\Obj\bsp_misc.o
#        C:\Embed_v2\Exercises\HandsOn\Exercise5\Debug\Obj\bsp_os.o
#        C:\Embed_v2\Exercises\HandsOn\Exercise5\Debug\Obj\bsp_ser.o
#        C:\Embed_v2\Exercises\HandsOn\Exercise5\Debug\Obj\bsp_sys.o
#        C:\Embed_v2\Exercises\HandsOn\Exercise5\Debug\Obj\cpu_bsp.o
#        C:\Embed_v2\Exercises\HandsOn\Exercise5\Debug\Obj\cpu_core.o
#        C:\Embed_v2\Exercises\HandsOn\Exercise5\Debug\Obj\cstartup.o
#        C:\Embed_v2\Exercises\HandsOn\Exercise5\Debug\Obj\exercise5.o
#        C:\Embed_v2\Exercises\HandsOn\Exercise5\Debug\Obj\font_8x8.o
#        C:\Embed_v2\Exercises\HandsOn\Exercise5\Debug\Obj\font_x5x7.o
#        C:\Embed_v2\Exercises\HandsOn\Exercise5\Debug\Obj\Glyph.o
#        C:\Embed_v2\Exercises\HandsOn\Exercise5\Debug\Obj\GlyphRegister.o
#        C:\Embed_v2\Exercises\HandsOn\Exercise5\Debug\Obj\interrupts.o
#        C:\Embed_v2\Exercises\HandsOn\Exercise5\Debug\Obj\lib_ascii.o
#        C:\Embed_v2\Exercises\HandsOn\Exercise5\Debug\Obj\lib_math.o
#        C:\Embed_v2\Exercises\HandsOn\Exercise5\Debug\Obj\lib_mem.o
#        C:\Embed_v2\Exercises\HandsOn\Exercise5\Debug\Obj\lib_str.o
#        C:\Embed_v2\Exercises\HandsOn\Exercise5\Debug\Obj\os_app_hooks.o
#        C:\Embed_v2\Exercises\HandsOn\Exercise5\Debug\Obj\os_bsp.o
#        C:\Embed_v2\Exercises\HandsOn\Exercise5\Debug\Obj\os_cfg_app.o
#        C:\Embed_v2\Exercises\HandsOn\Exercise5\Debug\Obj\os_core.o
#        C:\Embed_v2\Exercises\HandsOn\Exercise5\Debug\Obj\os_cpu_a.o
#        C:\Embed_v2\Exercises\HandsOn\Exercise5\Debug\Obj\os_cpu_c.o
#        C:\Embed_v2\Exercises\HandsOn\Exercise5\Debug\Obj\os_dbg.o
#        C:\Embed_v2\Exercises\HandsOn\Exercise5\Debug\Obj\os_flag.o
#        C:\Embed_v2\Exercises\HandsOn\Exercise5\Debug\Obj\os_int.o
#        C:\Embed_v2\Exercises\HandsOn\Exercise5\Debug\Obj\os_mem.o
#        C:\Embed_v2\Exercises\HandsOn\Exercise5\Debug\Obj\os_msg.o
#        C:\Embed_v2\Exercises\HandsOn\Exercise5\Debug\Obj\os_mutex.o
#        C:\Embed_v2\Exercises\HandsOn\Exercise5\Debug\Obj\os_pend_multi.o
#        C:\Embed_v2\Exercises\HandsOn\Exercise5\Debug\Obj\os_prio.o
#        C:\Embed_v2\Exercises\HandsOn\Exercise5\Debug\Obj\os_q.o
#        C:\Embed_v2\Exercises\HandsOn\Exercise5\Debug\Obj\os_sem.o
#        C:\Embed_v2\Exercises\HandsOn\Exercise5\Debug\Obj\os_stat.o
#        C:\Embed_v2\Exercises\HandsOn\Exercise5\Debug\Obj\os_task.o
#        C:\Embed_v2\Exercises\HandsOn\Exercise5\Debug\Obj\os_tick.o
#        C:\Embed_v2\Exercises\HandsOn\Exercise5\Debug\Obj\os_time.o
#        C:\Embed_v2\Exercises\HandsOn\Exercise5\Debug\Obj\os_tmr.o
#        C:\Embed_v2\Exercises\HandsOn\Exercise5\Debug\Obj\os_var.o
#        C:\Embed_v2\Exercises\HandsOn\Exercise5\Debug\Obj\ST7579_LCD.o
#        C:\Embed_v2\Exercises\HandsOn\Exercise5\Debug\Obj\YRDKRX63N_RSPI0.o
#        --redirect __Printf=__PrintfFull --redirect __Scanf=__ScanfFull -o
#        C:\Embed_v2\Exercises\HandsOn\Exercise5\Debug\Exe\Exercise5.out --map
#        C:\Embed_v2\Exercises\HandsOn\Exercise5\Debug\List\Exercise5.map
#        --config "C:\Program Files (x86)\IAR Systems\Embedded Workbench
#        7.0\rx\CONFIG\lnkr5f563nb.icf" --config_def _USTACK_SIZE=0x0
#        --config_def _ISTACK_SIZE=0x200 --config_def _HEAP_SIZE=0x800 --entry
#        __iar_program_start --debug_lib --inline --vfe
#
###############################################################################

*******************************************************************************
*** RUNTIME MODEL ATTRIBUTES
***

__SystemLibrary            = DLib
__calling_conv             = abi10
__core                     = 1
__dlib_file_descriptor     = 0
__dlib_full_locale_support = 0
__double_size              = 32
__endian                   = l
__fpu                      = 1
__int_size                 = 32
__lock_R10                 = 0
__lock_R11                 = 0
__lock_R12                 = 0
__lock_R13                 = 0
__lock_R8                  = 0
__lock_R9                  = 0
__rt_version               = 5


*******************************************************************************
*** PLACEMENT SUMMARY
***

"A1":  place at 0xffffff80 { ro section .nmivec };
"ROM16":
       place in [from 0xffff8000 to 0xffffffff] {
          ro section .code16*, ro section .data16* };
"ROM24":
       place in [from 0xfff00000 to 0xffffffff] {
          ro section .code24*, ro section .data24* };
"RAM24":
       place in [from 0x00000004 to 0x0001ffff] { rw section .data24* };
"ROM32":
       place in [from 0xfff00000 to 0xffffffff] { ro };
"RAM32":
       place in [from 0x00000004 to 0x0001ffff] {
          rw, ro section D, ro section D_1, ro section D_2, block HEAP,
          block STACKS };

  Section          Kind        Address    Size  Object
  -------          ----        -------    ----  ------
"RAM24":                                0x6b7c
  .data24.bss      zero     0x00000004  0x5000  lib_mem.o [1]
  .data24.bss      zero     0x00005004   0x640  os_cfg_app.o [1]
  .data24.bss      zero     0x00005644   0x200  exercise5.o [1]
  .data24.bss      zero     0x00005844   0x200  exercise5.o [1]
  .data24.bss      zero     0x00005a44   0x200  exercise5.o [1]
  .data24.bss      zero     0x00005c44   0x200  os_cfg_app.o [1]
  .data24.bss      zero     0x00005e44   0x200  os_cfg_app.o [1]
  .data24.bss      zero     0x00006044   0x200  os_cfg_app.o [1]
  .data24.bss      zero     0x00006244   0x200  os_cfg_app.o [1]
  .data24.bss      zero     0x00006444    0xc4  exercise5.o [1]
  .data24.bss      zero     0x00006508    0xc4  exercise5.o [1]
  .data24.bss      zero     0x000065cc    0xc4  exercise5.o [1]
  .data24.bss      zero     0x00006690    0xc4  os_var.o [1]
  .data24.bss      zero     0x00006754    0xc4  os_var.o [1]
  .data24.bss      zero     0x00006818    0xc4  os_var.o [1]
  .data24.bss      zero     0x000068dc    0xc0  os_var.o [1]
  .data24.bss      zero     0x0000699c    0x58  Glyph.o [1]
  .data24.bss      zero     0x000069f4    0x30  bsp_os.o [1]
  .data24.bss      zero     0x00006a24    0x30  exercise5.o [1]
  .data24.bss      zero     0x00006a54    0x30  os_var.o [1]
  .data24.bss      zero     0x00006a84    0x14  lib_mem.o [1]
  .data24.bss      zero     0x00006a98    0x10  cpu_core.o [1]
  .data24.bss      zero     0x00006aa8     0xc  Glyph.o [1]
  .data24.bss      zero     0x00006ab4     0xc  os_var.o [1]
  .data24.bss      zero     0x00006ac0     0x8  Glyph.o [1]
  .data24.bss      zero     0x00006ac8     0x8  os_var.o [1]
  .data24.bss      zero     0x00006ad0     0x8  os_var.o [1]
  .data24.bss      zero     0x00006ad8     0x4  bsp_glcd.o [1]
  .data24.bss      zero     0x00006adc     0x4  cpu_core.o [1]
  .data24.bss      zero     0x00006ae0     0x4  cpu_core.o [1]
  .data24.bss      zero     0x00006ae4     0x4  lib_mem.o [1]
  .data24.bss      zero     0x00006ae8     0x4  os_cpu_c.o [1]
  .data24.bss      zero     0x00006aec     0x4  os_prio.o [1]
  .data24.bss      zero     0x00006af0     0x4  os_var.o [1]
  .data24.bss      zero     0x00006af4     0x4  os_var.o [1]
  .data24.bss      zero     0x00006af8     0x4  os_var.o [1]
  .data24.bss      zero     0x00006afc     0x4  os_var.o [1]
  .data24.bss      zero     0x00006b00     0x4  os_var.o [1]
  .data24.bss      zero     0x00006b04     0x4  os_var.o [1]
  .data24.bss      zero     0x00006b08     0x4  os_var.o [1]
  .data24.bss      zero     0x00006b0c     0x4  os_var.o [1]
  .data24.bss      zero     0x00006b10     0x4  os_var.o [1]
  .data24.bss      zero     0x00006b14     0x4  os_var.o [1]
  .data24.bss      zero     0x00006b18     0x4  os_var.o [1]
  .data24.bss      zero     0x00006b1c     0x4  os_var.o [1]
  .data24.bss      zero     0x00006b20     0x4  os_var.o [1]
  .data24.bss      zero     0x00006b24     0x4  os_var.o [1]
  .data24.bss      zero     0x00006b28     0x4  os_var.o [1]
  .data24.bss      zero     0x00006b2c     0x4  os_var.o [1]
  .data24.bss      zero     0x00006b30     0x4  os_var.o [1]
  .data24.bss      zero     0x00006b34     0x4  os_var.o [1]
  .data24.bss      zero     0x00006b38     0x4  os_var.o [1]
  .data24.bss      zero     0x00006b3c     0x4  os_var.o [1]
  .data24.bss      zero     0x00006b40     0x4  os_var.o [1]
  .data24.bss      zero     0x00006b44     0x4  os_var.o [1]
  .data24.bss      zero     0x00006b48     0x4  os_var.o [1]
  .data24.bss      zero     0x00006b4c     0x4  os_var.o [1]
  .data24.bss      zero     0x00006b50     0x4  os_var.o [1]
  .data24.bss      zero     0x00006b54     0x2  cpu_core.o [1]
  .data24.bss      zero     0x00006b56     0x2  cpu_core.o [1]
  .data24.bss      zero     0x00006b58     0x2  cpu_core.o [1]
  .data24.bss      zero     0x00006b5a     0x2  cpu_core.o [1]
  .data24.bss      zero     0x00006b5c     0x2  cpu_core.o [1]
  .data24.bss      zero     0x00006b5e     0x2  cpu_core.o [1]
  .data24.bss      zero     0x00006b60     0x2  cpu_core.o [1]
  .data24.bss      zero     0x00006b62     0x2  cpu_core.o [1]
  .data24.bss      zero     0x00006b64     0x2  os_var.o [1]
  .data24.bss      zero     0x00006b66     0x2  os_var.o [1]
  .data24.bss      zero     0x00006b68     0x2  os_var.o [1]
  .data24.bss      zero     0x00006b6a     0x2  os_var.o [1]
  .data24.bss      zero     0x00006b6c     0x2  os_var.o [1]
  .data24.bss      zero     0x00006b6e     0x2  os_var.o [1]
  .data24.bss      zero     0x00006b70     0x2  os_var.o [1]
  .data24.bss      zero     0x00006b72     0x2  os_var.o [1]
  .data24.bss      zero     0x00006b74     0x2  os_var.o [1]
  .data24.bss      zero     0x00006b76     0x1  os_var.o [1]
  .data24.bss      zero     0x00006b77     0x1  os_var.o [1]
  .data24.bss      zero     0x00006b78     0x1  os_var.o [1]
  .data24.bss      zero     0x00006b79     0x1  os_var.o [1]
  .data24.bss      zero     0x00006b7a     0x1  os_var.o [1]
  .data24.bss      zero     0x00006b7b     0x1  os_var.o [1]
  .data24.bss      zero     0x00006b7c     0x1  os_var.o [1]
  .data24.bss      zero     0x00006b7d     0x1  os_var.o [1]
                          - 0x00006b7e  0x6b7a

"RAM32":                                 0x200
  STACKS                    0x00006b80   0x200  <Block>
    ISTACK                  0x00006b80   0x200  <Block>
      ISTACK       uninit   0x00006b80   0x200  <Block tail>
                          - 0x00006d80   0x200

"ROM16":                                  0x2c
  .data16.rodata   const    0xffff8000    0x16  xreportassert.o [4]
  .data16.rodata   const    0xffff8016     0xd  xreportassert.o [4]
  .data16.rodata   const    0xffff8023     0x5  xreportassert.o [4]
  .data16.rodata   const    0xffff8028     0x2  xreportassert.o [4]
  .data16.rodata   const    0xffff802a     0x2  xreportassert.o [4]
                          - 0xffff802c    0x2c

"ROM24":                                0x1d1d
  .data24.rodata   const    0xffff802c   0x400  font_8x8.o [1]
  .data24.rodata   const    0xffff842c   0x400  font_x5x7.o [1]
  .data24.rodata   const    0xffff882c   0x400  interrupts.o [1]
  .data24.rodata   const    0xffff8c2c   0x100  cpu_core.o [1]
  .data24.rodata   const    0xffff8d2c    0x34  exercise5.o [1]
  .data24.rodata   const    0xffff8d60    0x30  os_dbg.o [1]
  .data24.rodata   const    0xffff8d90    0x30  os_dbg.o [1]
  .data24.rodata   const    0xffff8dc0    0x30  os_dbg.o [1]
  .data24.rodata   const    0xffff8df0    0x28  os_dbg.o [1]
  .data24.rodata   const    0xffff8e18    0x28  os_dbg.o [1]
  .data24.rodata   const    0xffff8e40    0x20  os_dbg.o [1]
  .data24.rodata   const    0xffff8e60    0x15  os_tmr.o [1]
  .data24.rodata   const    0xffff8e75    0x13  exercise5.o [1]
  .data24.rodata   const    0xffff8e88    0x14  os_core.o [1]
  .data24.rodata   const    0xffff8e9c    0x14  os_tick.o [1]
  .data24.rodata   const    0xffff8eb0     0xd  os_tmr.o [1]
  .data24.rodata   const    0xffff8ebd     0xb  bsp_os.o [1]
  .data24.rodata   const    0xffff8ec8     0xb  exercise5.o [1]
  .data24.rodata   const    0xffff8ed3     0xb  exercise5.o [1]
  .data24.rodata   const    0xffff8ede     0xa  exercise5.o [1]
  .data24.rodata   const    0xffff8ee8     0xa  font_8x8.o [1]
  .data24.rodata   const    0xffff8ef2     0xa  font_8x8.o [1]
  .data24.rodata   const    0xffff8efc     0xa  font_8x8.o [1]
  .data24.rodata   const    0xffff8f06     0xa  font_8x8.o [1]
  .data24.rodata   const    0xffff8f10     0xa  font_8x8.o [1]
  .data24.rodata   const    0xffff8f1a     0xa  font_8x8.o [1]
  .data24.rodata   const    0xffff8f24     0xa  font_8x8.o [1]
  .data24.rodata   const    0xffff8f2e     0xa  font_8x8.o [1]
  .data24.rodata   const    0xffff8f38     0xa  font_8x8.o [1]
  .data24.rodata   const    0xffff8f42     0xa  font_8x8.o [1]
  .data24.rodata   const    0xffff8f4c     0xa  font_8x8.o [1]
  .data24.rodata   const    0xffff8f56     0xa  font_8x8.o [1]
  .data24.rodata   const    0xffff8f60     0xa  font_8x8.o [1]
  .data24.rodata   const    0xffff8f6a     0xa  font_8x8.o [1]
  .data24.rodata   const    0xffff8f74     0xa  font_8x8.o [1]
  .data24.rodata   const    0xffff8f7e     0xa  font_8x8.o [1]
  .data24.rodata   const    0xffff8f88     0xa  font_8x8.o [1]
  .data24.rodata   const    0xffff8f92     0xa  font_8x8.o [1]
  .data24.rodata   const    0xffff8f9c     0xa  font_8x8.o [1]
  .data24.rodata   const    0xffff8fa6     0xa  font_8x8.o [1]
  .data24.rodata   const    0xffff8fb0     0xa  font_8x8.o [1]
  .data24.rodata   const    0xffff8fba     0xa  font_8x8.o [1]
  .data24.rodata   const    0xffff8fc4     0xa  font_8x8.o [1]
  .data24.rodata   const    0xffff8fce     0xa  font_8x8.o [1]
  .data24.rodata   const    0xffff8fd8     0xa  font_8x8.o [1]
  .data24.rodata   const    0xffff8fe2     0xa  font_8x8.o [1]
  .data24.rodata   const    0xffff8fec     0xa  font_8x8.o [1]
  .data24.rodata   const    0xffff8ff6     0xa  font_8x8.o [1]
  .data24.rodata   const    0xffff9000     0xa  font_8x8.o [1]
  .data24.rodata   const    0xffff900a     0xa  font_8x8.o [1]
  .data24.rodata   const    0xffff9014     0xa  font_8x8.o [1]
  .data24.rodata   const    0xffff901e     0xa  font_8x8.o [1]
  .data24.rodata   const    0xffff9028     0xa  font_8x8.o [1]
  .data24.rodata   const    0xffff9032     0xa  font_8x8.o [1]
  .data24.rodata   const    0xffff903c     0xa  font_8x8.o [1]
  .data24.rodata   const    0xffff9046     0xa  font_8x8.o [1]
  .data24.rodata   const    0xffff9050     0xa  font_8x8.o [1]
  .data24.rodata   const    0xffff905a     0xa  font_8x8.o [1]
  .data24.rodata   const    0xffff9064     0xa  font_8x8.o [1]
  .data24.rodata   const    0xffff906e     0xa  font_8x8.o [1]
  .data24.rodata   const    0xffff9078     0xa  font_8x8.o [1]
  .data24.rodata   const    0xffff9082     0xa  font_8x8.o [1]
  .data24.rodata   const    0xffff908c     0xa  font_8x8.o [1]
  .data24.rodata   const    0xffff9096     0xa  font_8x8.o [1]
  .data24.rodata   const    0xffff90a0     0xa  font_8x8.o [1]
  .data24.rodata   const    0xffff90aa     0xa  font_8x8.o [1]
  .data24.rodata   const    0xffff90b4     0xa  font_8x8.o [1]
  .data24.rodata   const    0xffff90be     0xa  font_8x8.o [1]
  .data24.rodata   const    0xffff90c8     0xa  font_8x8.o [1]
  .data24.rodata   const    0xffff90d2     0xa  font_8x8.o [1]
  .data24.rodata   const    0xffff90dc     0xa  font_8x8.o [1]
  .data24.rodata   const    0xffff90e6     0xa  font_8x8.o [1]
  .data24.rodata   const    0xffff90f0     0xa  font_8x8.o [1]
  .data24.rodata   const    0xffff90fa     0xa  font_8x8.o [1]
  .data24.rodata   const    0xffff9104     0xa  font_8x8.o [1]
  .data24.rodata   const    0xffff910e     0xa  font_8x8.o [1]
  .data24.rodata   const    0xffff9118     0xa  font_8x8.o [1]
  .data24.rodata   const    0xffff9122     0xa  font_8x8.o [1]
  .data24.rodata   const    0xffff912c     0xa  font_8x8.o [1]
  .data24.rodata   const    0xffff9136     0xa  font_8x8.o [1]
  .data24.rodata   const    0xffff9140     0xa  font_8x8.o [1]
  .data24.rodata   const    0xffff914a     0xa  font_8x8.o [1]
  .data24.rodata   const    0xffff9154     0xa  font_8x8.o [1]
  .data24.rodata   const    0xffff915e     0xa  font_8x8.o [1]
  .data24.rodata   const    0xffff9168     0xa  font_8x8.o [1]
  .data24.rodata   const    0xffff9172     0xa  font_8x8.o [1]
  .data24.rodata   const    0xffff917c     0xa  font_8x8.o [1]
  .data24.rodata   const    0xffff9186     0xa  font_8x8.o [1]
  .data24.rodata   const    0xffff9190     0xa  font_8x8.o [1]
  .data24.rodata   const    0xffff919a     0xa  font_8x8.o [1]
  .data24.rodata   const    0xffff91a4     0xa  font_8x8.o [1]
  .data24.rodata   const    0xffff91ae     0xa  font_8x8.o [1]
  .data24.rodata   const    0xffff91b8     0xa  font_8x8.o [1]
  .data24.rodata   const    0xffff91c2     0xa  font_8x8.o [1]
  .data24.rodata   const    0xffff91cc     0xa  font_8x8.o [1]
  .data24.rodata   const    0xffff91d6     0xa  font_8x8.o [1]
  .data24.rodata   const    0xffff91e0     0xa  font_8x8.o [1]
  .data24.rodata   const    0xffff91ea     0xa  font_8x8.o [1]
  .data24.rodata   const    0xffff91f4     0xa  font_8x8.o [1]
  .data24.rodata   const    0xffff91fe     0xa  font_8x8.o [1]
  .data24.rodata   const    0xffff9208     0xa  font_8x8.o [1]
  .data24.rodata   const    0xffff9212     0xa  font_8x8.o [1]
  .data24.rodata   const    0xffff921c     0xa  font_8x8.o [1]
  .data24.rodata   const    0xffff9226     0xa  font_8x8.o [1]
  .data24.rodata   const    0xffff9230     0xa  font_8x8.o [1]
  .data24.rodata   const    0xffff923a     0xa  font_8x8.o [1]
  .data24.rodata   const    0xffff9244     0xa  font_8x8.o [1]
  .data24.rodata   const    0xffff924e     0xa  font_8x8.o [1]
  .data24.rodata   const    0xffff9258     0xa  font_8x8.o [1]
  .data24.rodata   const    0xffff9262     0xa  font_8x8.o [1]
  .data24.rodata   const    0xffff926c     0xa  font_8x8.o [1]
  .data24.rodata   const    0xffff9276     0xa  font_8x8.o [1]
  .data24.rodata   const    0xffff9280     0xa  font_8x8.o [1]
  .data24.rodata   const    0xffff928a     0xa  font_8x8.o [1]
  .data24.rodata   const    0xffff9294     0xa  font_8x8.o [1]
  .data24.rodata   const    0xffff929e     0xa  font_8x8.o [1]
  .data24.rodata   const    0xffff92a8     0xa  font_8x8.o [1]
  .data24.rodata   const    0xffff92b2     0xa  font_8x8.o [1]
  .data24.rodata   const    0xffff92bc     0xa  font_8x8.o [1]
  .data24.rodata   const    0xffff92c6     0xa  font_8x8.o [1]
  .data24.rodata   const    0xffff92d0     0xa  font_8x8.o [1]
  .data24.rodata   const    0xffff92da     0xa  font_8x8.o [1]
  .data24.rodata   const    0xffff92e4     0xa  font_8x8.o [1]
  .data24.rodata   const    0xffff92ee     0xa  font_8x8.o [1]
  .data24.rodata   const    0xffff92f8     0xa  font_8x8.o [1]
  .data24.rodata   const    0xffff9302     0xa  font_8x8.o [1]
  .data24.rodata   const    0xffff930c     0xa  font_8x8.o [1]
  .data24.rodata   const    0xffff9316     0xa  font_8x8.o [1]
  .data24.rodata   const    0xffff9320     0xa  font_8x8.o [1]
  .data24.rodata   const    0xffff932a     0xa  font_8x8.o [1]
  .data24.rodata   const    0xffff9334     0xa  font_8x8.o [1]
  .data24.rodata   const    0xffff933e     0xa  font_8x8.o [1]
  .data24.rodata   const    0xffff9348     0xa  font_8x8.o [1]
  .data24.rodata   const    0xffff9352     0xa  font_8x8.o [1]
  .data24.rodata   const    0xffff935c     0xa  font_8x8.o [1]
  .data24.rodata   const    0xffff9366     0xa  font_8x8.o [1]
  .data24.rodata   const    0xffff9370     0xa  font_8x8.o [1]
  .data24.rodata   const    0xffff937a     0xa  font_8x8.o [1]
  .data24.rodata   const    0xffff9384     0xa  font_8x8.o [1]
  .data24.rodata   const    0xffff938e     0xa  font_8x8.o [1]
  .data24.rodata   const    0xffff9398     0xa  font_8x8.o [1]
  .data24.rodata   const    0xffff93a2     0xa  font_8x8.o [1]
  .data24.rodata   const    0xffff93ac     0xa  font_8x8.o [1]
  .data24.rodata   const    0xffff93b6     0xa  font_8x8.o [1]
  .data24.rodata   const    0xffff93c0     0xa  font_8x8.o [1]
  .data24.rodata   const    0xffff93ca     0xa  font_8x8.o [1]
  .data24.rodata   const    0xffff93d4     0xa  font_8x8.o [1]
  .data24.rodata   const    0xffff93de     0xa  font_8x8.o [1]
  .data24.rodata   const    0xffff93e8     0xa  font_8x8.o [1]
  .data24.rodata   const    0xffff93f2     0xa  font_8x8.o [1]
  .data24.rodata   const    0xffff93fc     0xa  font_8x8.o [1]
  .data24.rodata   const    0xffff9406     0xa  font_8x8.o [1]
  .data24.rodata   const    0xffff9410     0xa  font_8x8.o [1]
  .data24.rodata   const    0xffff941a     0xa  font_8x8.o [1]
  .data24.rodata   const    0xffff9424     0xa  font_8x8.o [1]
  .data24.rodata   const    0xffff942e     0xa  font_8x8.o [1]
  .data24.rodata   const    0xffff9438     0xa  font_8x8.o [1]
  .data24.rodata   const    0xffff9442     0xa  font_8x8.o [1]
  .data24.rodata   const    0xffff944c     0xa  font_8x8.o [1]
  .data24.rodata   const    0xffff9456     0xa  font_8x8.o [1]
  .data24.rodata   const    0xffff9460     0xa  font_8x8.o [1]
  .data24.rodata   const    0xffff946a     0xa  font_8x8.o [1]
  .data24.rodata   const    0xffff9474     0xa  font_8x8.o [1]
  .data24.rodata   const    0xffff947e     0xa  font_8x8.o [1]
  .data24.rodata   const    0xffff9488     0xa  font_8x8.o [1]
  .data24.rodata   const    0xffff9492     0xa  font_8x8.o [1]
  .data24.rodata   const    0xffff949c     0xa  font_8x8.o [1]
  .data24.rodata   const    0xffff94a6     0xa  font_8x8.o [1]
  .data24.rodata   const    0xffff94b0     0xa  font_8x8.o [1]
  .data24.rodata   const    0xffff94ba     0xa  font_8x8.o [1]
  .data24.rodata   const    0xffff94c4     0xa  font_8x8.o [1]
  .data24.rodata   const    0xffff94ce     0xa  font_8x8.o [1]
  .data24.rodata   const    0xffff94d8     0xa  font_8x8.o [1]
  .data24.rodata   const    0xffff94e2     0xa  font_8x8.o [1]
  .data24.rodata   const    0xffff94ec     0xa  font_8x8.o [1]
  .data24.rodata   const    0xffff94f6     0xa  font_8x8.o [1]
  .data24.rodata   const    0xffff9500     0xa  font_8x8.o [1]
  .data24.rodata   const    0xffff950a     0xa  font_8x8.o [1]
  .data24.rodata   const    0xffff9514     0xa  font_8x8.o [1]
  .data24.rodata   const    0xffff951e     0xa  font_8x8.o [1]
  .data24.rodata   const    0xffff9528     0xa  font_8x8.o [1]
  .data24.rodata   const    0xffff9532     0xa  font_8x8.o [1]
  .data24.rodata   const    0xffff953c     0xa  font_8x8.o [1]
  .data24.rodata   const    0xffff9546     0xa  font_8x8.o [1]
  .data24.rodata   const    0xffff9550     0xa  font_8x8.o [1]
  .data24.rodata   const    0xffff955a     0xa  font_8x8.o [1]
  .data24.rodata   const    0xffff9564     0xa  font_8x8.o [1]
  .data24.rodata   const    0xffff956e     0xa  font_8x8.o [1]
  .data24.rodata   const    0xffff9578     0xa  font_8x8.o [1]
  .data24.rodata   const    0xffff9582     0xa  font_8x8.o [1]
  .data24.rodata   const    0xffff958c     0xa  font_8x8.o [1]
  .data24.rodata   const    0xffff9596     0xa  font_8x8.o [1]
  .data24.rodata   const    0xffff95a0     0xa  font_8x8.o [1]
  .data24.rodata   const    0xffff95aa     0xa  font_8x8.o [1]
  .data24.rodata   const    0xffff95b4     0xa  font_8x8.o [1]
  .data24.rodata   const    0xffff95be     0xa  font_8x8.o [1]
  .data24.rodata   const    0xffff95c8     0xa  font_8x8.o [1]
  .data24.rodata   const    0xffff95d2     0xa  font_8x8.o [1]
  .data24.rodata   const    0xffff95dc     0xa  font_8x8.o [1]
  .data24.rodata   const    0xffff95e6     0xa  font_8x8.o [1]
  .data24.rodata   const    0xffff95f0     0xa  font_8x8.o [1]
  .data24.rodata   const    0xffff95fa     0xa  font_8x8.o [1]
  .data24.rodata   const    0xffff9604     0xa  font_8x8.o [1]
  .data24.rodata   const    0xffff960e     0xa  font_8x8.o [1]
  .data24.rodata   const    0xffff9618     0xa  font_8x8.o [1]
  .data24.rodata   const    0xffff9622     0xa  font_8x8.o [1]
  .data24.rodata   const    0xffff962c     0xa  font_8x8.o [1]
  .data24.rodata   const    0xffff9636     0xa  font_8x8.o [1]
  .data24.rodata   const    0xffff9640     0xa  font_8x8.o [1]
  .data24.rodata   const    0xffff964a     0xa  font_8x8.o [1]
  .data24.rodata   const    0xffff9654     0xa  font_8x8.o [1]
  .data24.rodata   const    0xffff965e     0xa  font_8x8.o [1]
  .data24.rodata   const    0xffff9668     0xa  font_8x8.o [1]
  .data24.rodata   const    0xffff9672     0xa  font_8x8.o [1]
  .data24.rodata   const    0xffff967c     0xa  font_8x8.o [1]
  .data24.rodata   const    0xffff9686     0xa  font_8x8.o [1]
  .data24.rodata   const    0xffff9690     0xa  font_8x8.o [1]
  .data24.rodata   const    0xffff969a     0xa  font_8x8.o [1]
  .data24.rodata   const    0xffff96a4     0xa  font_8x8.o [1]
  .data24.rodata   const    0xffff96ae     0xa  font_8x8.o [1]
  .data24.rodata   const    0xffff96b8     0xa  font_8x8.o [1]
  .data24.rodata   const    0xffff96c2     0xa  font_8x8.o [1]
  .data24.rodata   const    0xffff96cc     0xa  font_8x8.o [1]
  .data24.rodata   const    0xffff96d6     0xa  font_8x8.o [1]
  .data24.rodata   const    0xffff96e0     0xa  font_8x8.o [1]
  .data24.rodata   const    0xffff96ea     0xa  font_8x8.o [1]
  .data24.rodata   const    0xffff96f4     0xa  font_8x8.o [1]
  .data24.rodata   const    0xffff96fe     0xa  font_8x8.o [1]
  .data24.rodata   const    0xffff9708     0xa  font_8x8.o [1]
  .data24.rodata   const    0xffff9712     0xa  font_8x8.o [1]
  .data24.rodata   const    0xffff971c     0xa  font_8x8.o [1]
  .data24.rodata   const    0xffff9726     0xa  font_8x8.o [1]
  .data24.rodata   const    0xffff9730     0xa  font_8x8.o [1]
  .data24.rodata   const    0xffff973a     0xa  font_8x8.o [1]
  .data24.rodata   const    0xffff9744     0xa  font_8x8.o [1]
  .data24.rodata   const    0xffff974e     0xa  font_8x8.o [1]
  .data24.rodata   const    0xffff9758     0xa  font_8x8.o [1]
  .data24.rodata   const    0xffff9762     0xa  font_8x8.o [1]
  .data24.rodata   const    0xffff976c     0xa  font_8x8.o [1]
  .data24.rodata   const    0xffff9776     0xa  font_8x8.o [1]
  .data24.rodata   const    0xffff9780     0xa  font_8x8.o [1]
  .data24.rodata   const    0xffff978a     0xa  font_8x8.o [1]
  .data24.rodata   const    0xffff9794     0xa  font_8x8.o [1]
  .data24.rodata   const    0xffff979e     0xa  font_8x8.o [1]
  .data24.rodata   const    0xffff97a8     0xa  font_8x8.o [1]
  .data24.rodata   const    0xffff97b2     0xa  font_8x8.o [1]
  .data24.rodata   const    0xffff97bc     0xa  font_8x8.o [1]
  .data24.rodata   const    0xffff97c6     0xa  font_8x8.o [1]
  .data24.rodata   const    0xffff97d0     0xa  font_8x8.o [1]
  .data24.rodata   const    0xffff97da     0xa  font_8x8.o [1]
  .data24.rodata   const    0xffff97e4     0xa  font_8x8.o [1]
  .data24.rodata   const    0xffff97ee     0xa  font_8x8.o [1]
  .data24.rodata   const    0xffff97f8     0xa  font_8x8.o [1]
  .data24.rodata   const    0xffff9802     0xa  font_8x8.o [1]
  .data24.rodata   const    0xffff980c     0xa  font_8x8.o [1]
  .data24.rodata   const    0xffff9816     0xa  font_8x8.o [1]
  .data24.rodata   const    0xffff9820     0xa  font_8x8.o [1]
  .data24.rodata   const    0xffff982a     0xa  font_8x8.o [1]
  .data24.rodata   const    0xffff9834     0xa  font_8x8.o [1]
  .data24.rodata   const    0xffff983e     0xa  font_8x8.o [1]
  .data24.rodata   const    0xffff9848     0xa  font_8x8.o [1]
  .data24.rodata   const    0xffff9852     0xa  font_8x8.o [1]
  .data24.rodata   const    0xffff985c     0xa  font_8x8.o [1]
  .data24.rodata   const    0xffff9866     0xa  font_8x8.o [1]
  .data24.rodata   const    0xffff9870     0xa  font_8x8.o [1]
  .data24.rodata   const    0xffff987a     0xa  font_8x8.o [1]
  .data24.rodata   const    0xffff9884     0xa  font_8x8.o [1]
  .data24.rodata   const    0xffff988e     0xa  font_8x8.o [1]
  .data24.rodata   const    0xffff9898     0xa  font_8x8.o [1]
  .data24.rodata   const    0xffff98a2     0xa  font_8x8.o [1]
  .data24.rodata   const    0xffff98ac     0xa  font_8x8.o [1]
  .data24.rodata   const    0xffff98b6     0xa  font_8x8.o [1]
  .data24.rodata   const    0xffff98c0     0xa  font_8x8.o [1]
  .data24.rodata   const    0xffff98ca     0xa  font_8x8.o [1]
  .data24.rodata   const    0xffff98d4     0xa  font_8x8.o [1]
  .data24.rodata   const    0xffff98de     0xa  font_8x8.o [1]
  .data24.rodata   const    0xffff98e8     0xa  ST7579_LCD.o [1]
  .data24.rodata   const    0xffff98f2     0x9  os_core.o [1]
  .data24.rodata   const    0xffff98fb     0x5  lib_mem.o [1]
  .data24.rodata   const    0xffff9900     0x8  exercise5.o [1]
  .data24.rodata   const    0xffff9908     0x7  font_x5x7.o [1]
  .data24.rodata   const    0xffff990f     0x7  font_x5x7.o [1]
  .data24.rodata   const    0xffff9916     0x7  font_x5x7.o [1]
  .data24.rodata   const    0xffff991d     0x7  font_x5x7.o [1]
  .data24.rodata   const    0xffff9924     0x7  font_x5x7.o [1]
  .data24.rodata   const    0xffff992b     0x7  font_x5x7.o [1]
  .data24.rodata   const    0xffff9932     0x7  font_x5x7.o [1]
  .data24.rodata   const    0xffff9939     0x7  font_x5x7.o [1]
  .data24.rodata   const    0xffff9940     0x7  font_x5x7.o [1]
  .data24.rodata   const    0xffff9947     0x7  font_x5x7.o [1]
  .data24.rodata   const    0xffff994e     0x7  font_x5x7.o [1]
  .data24.rodata   const    0xffff9955     0x7  font_x5x7.o [1]
  .data24.rodata   const    0xffff995c     0x7  font_x5x7.o [1]
  .data24.rodata   const    0xffff9963     0x7  font_x5x7.o [1]
  .data24.rodata   const    0xffff996a     0x7  font_x5x7.o [1]
  .data24.rodata   const    0xffff9971     0x7  font_x5x7.o [1]
  .data24.rodata   const    0xffff9978     0x7  font_x5x7.o [1]
  .data24.rodata   const    0xffff997f     0x7  font_x5x7.o [1]
  .data24.rodata   const    0xffff9986     0x7  font_x5x7.o [1]
  .data24.rodata   const    0xffff998d     0x7  font_x5x7.o [1]
  .data24.rodata   const    0xffff9994     0x7  font_x5x7.o [1]
  .data24.rodata   const    0xffff999b     0x7  font_x5x7.o [1]
  .data24.rodata   const    0xffff99a2     0x7  font_x5x7.o [1]
  .data24.rodata   const    0xffff99a9     0x7  font_x5x7.o [1]
  .data24.rodata   const    0xffff99b0     0x7  font_x5x7.o [1]
  .data24.rodata   const    0xffff99b7     0x7  font_x5x7.o [1]
  .data24.rodata   const    0xffff99be     0x7  font_x5x7.o [1]
  .data24.rodata   const    0xffff99c5     0x7  font_x5x7.o [1]
  .data24.rodata   const    0xffff99cc     0x7  font_x5x7.o [1]
  .data24.rodata   const    0xffff99d3     0x7  font_x5x7.o [1]
  .data24.rodata   const    0xffff99da     0x7  font_x5x7.o [1]
  .data24.rodata   const    0xffff99e1     0x7  font_x5x7.o [1]
  .data24.rodata   const    0xffff99e8     0x7  font_x5x7.o [1]
  .data24.rodata   const    0xffff99ef     0x7  font_x5x7.o [1]
  .data24.rodata   const    0xffff99f6     0x7  font_x5x7.o [1]
  .data24.rodata   const    0xffff99fd     0x7  font_x5x7.o [1]
  .data24.rodata   const    0xffff9a04     0x7  font_x5x7.o [1]
  .data24.rodata   const    0xffff9a0b     0x7  font_x5x7.o [1]
  .data24.rodata   const    0xffff9a12     0x7  font_x5x7.o [1]
  .data24.rodata   const    0xffff9a19     0x7  font_x5x7.o [1]
  .data24.rodata   const    0xffff9a20     0x7  font_x5x7.o [1]
  .data24.rodata   const    0xffff9a27     0x7  font_x5x7.o [1]
  .data24.rodata   const    0xffff9a2e     0x7  font_x5x7.o [1]
  .data24.rodata   const    0xffff9a35     0x7  font_x5x7.o [1]
  .data24.rodata   const    0xffff9a3c     0x7  font_x5x7.o [1]
  .data24.rodata   const    0xffff9a43     0x7  font_x5x7.o [1]
  .data24.rodata   const    0xffff9a4a     0x7  font_x5x7.o [1]
  .data24.rodata   const    0xffff9a51     0x7  font_x5x7.o [1]
  .data24.rodata   const    0xffff9a58     0x7  font_x5x7.o [1]
  .data24.rodata   const    0xffff9a5f     0x7  font_x5x7.o [1]
  .data24.rodata   const    0xffff9a66     0x7  font_x5x7.o [1]
  .data24.rodata   const    0xffff9a6d     0x7  font_x5x7.o [1]
  .data24.rodata   const    0xffff9a74     0x7  font_x5x7.o [1]
  .data24.rodata   const    0xffff9a7b     0x7  font_x5x7.o [1]
  .data24.rodata   const    0xffff9a82     0x7  font_x5x7.o [1]
  .data24.rodata   const    0xffff9a89     0x7  font_x5x7.o [1]
  .data24.rodata   const    0xffff9a90     0x7  font_x5x7.o [1]
  .data24.rodata   const    0xffff9a97     0x7  font_x5x7.o [1]
  .data24.rodata   const    0xffff9a9e     0x7  font_x5x7.o [1]
  .data24.rodata   const    0xffff9aa5     0x7  font_x5x7.o [1]
  .data24.rodata   const    0xffff9aac     0x7  font_x5x7.o [1]
  .data24.rodata   const    0xffff9ab3     0x7  font_x5x7.o [1]
  .data24.rodata   const    0xffff9aba     0x7  font_x5x7.o [1]
  .data24.rodata   const    0xffff9ac1     0x7  font_x5x7.o [1]
  .data24.rodata   const    0xffff9ac8     0x7  font_x5x7.o [1]
  .data24.rodata   const    0xffff9acf     0x7  font_x5x7.o [1]
  .data24.rodata   const    0xffff9ad6     0x7  font_x5x7.o [1]
  .data24.rodata   const    0xffff9add     0x7  font_x5x7.o [1]
  .data24.rodata   const    0xffff9ae4     0x7  font_x5x7.o [1]
  .data24.rodata   const    0xffff9aeb     0x7  font_x5x7.o [1]
  .data24.rodata   const    0xffff9af2     0x7  font_x5x7.o [1]
  .data24.rodata   const    0xffff9af9     0x7  font_x5x7.o [1]
  .data24.rodata   const    0xffff9b00     0x7  font_x5x7.o [1]
  .data24.rodata   const    0xffff9b07     0x7  font_x5x7.o [1]
  .data24.rodata   const    0xffff9b0e     0x7  font_x5x7.o [1]
  .data24.rodata   const    0xffff9b15     0x7  font_x5x7.o [1]
  .data24.rodata   const    0xffff9b1c     0x7  font_x5x7.o [1]
  .data24.rodata   const    0xffff9b23     0x7  font_x5x7.o [1]
  .data24.rodata   const    0xffff9b2a     0x7  font_x5x7.o [1]
  .data24.rodata   const    0xffff9b31     0x7  font_x5x7.o [1]
  .data24.rodata   const    0xffff9b38     0x7  font_x5x7.o [1]
  .data24.rodata   const    0xffff9b3f     0x7  font_x5x7.o [1]
  .data24.rodata   const    0xffff9b46     0x7  font_x5x7.o [1]
  .data24.rodata   const    0xffff9b4d     0x7  font_x5x7.o [1]
  .data24.rodata   const    0xffff9b54     0x7  font_x5x7.o [1]
  .data24.rodata   const    0xffff9b5b     0x7  font_x5x7.o [1]
  .data24.rodata   const    0xffff9b62     0x7  font_x5x7.o [1]
  .data24.rodata   const    0xffff9b69     0x7  font_x5x7.o [1]
  .data24.rodata   const    0xffff9b70     0x7  font_x5x7.o [1]
  .data24.rodata   const    0xffff9b77     0x7  font_x5x7.o [1]
  .data24.rodata   const    0xffff9b7e     0x7  font_x5x7.o [1]
  .data24.rodata   const    0xffff9b85     0x7  font_x5x7.o [1]
  .data24.rodata   const    0xffff9b8c     0x7  font_x5x7.o [1]
  .data24.rodata   const    0xffff9b93     0x7  font_x5x7.o [1]
  .data24.rodata   const    0xffff9b9a     0x7  font_x5x7.o [1]
  .data24.rodata   const    0xffff9ba1     0x7  font_x5x7.o [1]
  .data24.rodata   const    0xffff9ba8     0x7  font_x5x7.o [1]
  .data24.rodata   const    0xffff9baf     0x7  font_x5x7.o [1]
  .data24.rodata   const    0xffff9bb6     0x7  font_x5x7.o [1]
  .data24.rodata   const    0xffff9bbd     0x7  font_x5x7.o [1]
  .data24.rodata   const    0xffff9bc4     0x7  font_x5x7.o [1]
  .data24.rodata   const    0xffff9bcb     0x7  font_x5x7.o [1]
  .data24.rodata   const    0xffff9bd2     0x7  font_x5x7.o [1]
  .data24.rodata   const    0xffff9bd9     0x7  font_x5x7.o [1]
  .data24.rodata   const    0xffff9be0     0x7  font_x5x7.o [1]
  .data24.rodata   const    0xffff9be7     0x7  font_x5x7.o [1]
  .data24.rodata   const    0xffff9bee     0x7  font_x5x7.o [1]
  .data24.rodata   const    0xffff9bf5     0x7  font_x5x7.o [1]
  .data24.rodata   const    0xffff9bfc     0x7  font_x5x7.o [1]
  .data24.rodata   const    0xffff9c03     0x7  font_x5x7.o [1]
  .data24.rodata   const    0xffff9c0a     0x7  font_x5x7.o [1]
  .data24.rodata   const    0xffff9c11     0x7  font_x5x7.o [1]
  .data24.rodata   const    0xffff9c18     0x7  font_x5x7.o [1]
  .data24.rodata   const    0xffff9c1f     0x7  font_x5x7.o [1]
  .data24.rodata   const    0xffff9c26     0x7  font_x5x7.o [1]
  .data24.rodata   const    0xffff9c2d     0x7  font_x5x7.o [1]
  .data24.rodata   const    0xffff9c34     0x7  font_x5x7.o [1]
  .data24.rodata   const    0xffff9c3b     0x7  font_x5x7.o [1]
  .data24.rodata   const    0xffff9c42     0x7  font_x5x7.o [1]
  .data24.rodata   const    0xffff9c49     0x7  font_x5x7.o [1]
  .data24.rodata   const    0xffff9c50     0x7  font_x5x7.o [1]
  .data24.rodata   const    0xffff9c57     0x7  font_x5x7.o [1]
  .data24.rodata   const    0xffff9c5e     0x7  font_x5x7.o [1]
  .data24.rodata   const    0xffff9c65     0x7  font_x5x7.o [1]
  .data24.rodata   const    0xffff9c6c     0x7  font_x5x7.o [1]
  .data24.rodata   const    0xffff9c73     0x7  font_x5x7.o [1]
  .data24.rodata   const    0xffff9c7a     0x7  font_x5x7.o [1]
  .data24.rodata   const    0xffff9c81     0x7  os_core.o [1]
  .data24.rodata   const    0xffff9c88     0x6  os_task.o [1]
  .data24.rodata   const    0xffff9c8e     0x2  exercise5.o [1]
  .data24.rodata   const    0xffff9c90     0x4  os_cfg_app.o [1]
  .data24.rodata   const    0xffff9c94     0x4  os_cfg_app.o [1]
  .data24.rodata   const    0xffff9c98     0x4  os_cfg_app.o [1]
  .data24.rodata   const    0xffff9c9c     0x4  os_cfg_app.o [1]
  .data24.rodata   const    0xffff9ca0     0x4  os_cfg_app.o [1]
  .data24.rodata   const    0xffff9ca4     0x4  os_cfg_app.o [1]
  .data24.rodata   const    0xffff9ca8     0x4  os_cfg_app.o [1]
  .data24.rodata   const    0xffff9cac     0x4  os_cfg_app.o [1]
  .data24.rodata   const    0xffff9cb0     0x4  os_cfg_app.o [1]
  .data24.rodata   const    0xffff9cb4     0x4  os_cfg_app.o [1]
  .data24.rodata   const    0xffff9cb8     0x4  os_cfg_app.o [1]
  .data24.rodata   const    0xffff9cbc     0x4  os_cfg_app.o [1]
  .data24.rodata   const    0xffff9cc0     0x4  os_cfg_app.o [1]
  .data24.rodata   const    0xffff9cc4     0x4  os_cfg_app.o [1]
  .data24.rodata   const    0xffff9cc8     0x4  os_cfg_app.o [1]
  .data24.rodata   const    0xffff9ccc     0x4  os_cfg_app.o [1]
  .data24.rodata   const    0xffff9cd0     0x4  os_cfg_app.o [1]
  .data24.rodata   const    0xffff9cd4     0x4  os_cfg_app.o [1]
  .data24.rodata   const    0xffff9cd8     0x4  os_cfg_app.o [1]
  .data24.rodata   const    0xffff9cdc     0x4  os_cfg_app.o [1]
  .data24.rodata   const    0xffff9ce0     0x4  os_cfg_app.o [1]
  .data24.rodata   const    0xffff9ce4     0x4  os_dbg.o [1]
  .data24.rodata   const    0xffff9ce8     0x4  os_dbg.o [1]
  .data24.rodata   const    0xffff9cec     0x4  os_dbg.o [1]
  .data24.rodata   const    0xffff9cf0     0x2  os_cfg_app.o [1]
  .data24.rodata   const    0xffff9cf2     0x2  os_core.o [1]
  .data24.rodata   const    0xffff9cf4     0x2  os_dbg.o [1]
  .data24.rodata   const    0xffff9cf6     0x2  os_dbg.o [1]
  .data24.rodata   const    0xffff9cf8     0x2  os_dbg.o [1]
  .data24.rodata   const    0xffff9cfa     0x2  os_dbg.o [1]
  .data24.rodata   const    0xffff9cfc     0x2  os_dbg.o [1]
  .data24.rodata   const    0xffff9cfe     0x2  os_dbg.o [1]
  .data24.rodata   const    0xffff9d00     0x2  os_dbg.o [1]
  .data24.rodata   const    0xffff9d02     0x2  os_dbg.o [1]
  .data24.rodata   const    0xffff9d04     0x2  os_dbg.o [1]
  .data24.rodata   const    0xffff9d06     0x2  os_dbg.o [1]
  .data24.rodata   const    0xffff9d08     0x2  os_dbg.o [1]
  .data24.rodata   const    0xffff9d0a     0x2  os_dbg.o [1]
  .data24.rodata   const    0xffff9d0c     0x2  os_dbg.o [1]
  .data24.rodata   const    0xffff9d0e     0x2  os_dbg.o [1]
  .data24.rodata   const    0xffff9d10     0x2  os_dbg.o [1]
  .data24.rodata   const    0xffff9d12     0x2  os_dbg.o [1]
  .data24.rodata   const    0xffff9d14     0x2  os_dbg.o [1]
  .data24.rodata   const    0xffff9d16     0x2  os_dbg.o [1]
  .data24.rodata   const    0xffff9d18     0x2  os_dbg.o [1]
  .data24.rodata   const    0xffff9d1a     0x2  os_dbg.o [1]
  .data24.rodata   const    0xffff9d1c     0x2  os_mutex.o [1]
  .data24.rodata   const    0xffff9d1e     0x2  os_task.o [1]
  .data24.rodata   const    0xffff9d20     0x1  os_cfg_app.o [1]
  .data24.rodata   const    0xffff9d21     0x1  os_cfg_app.o [1]
  .data24.rodata   const    0xffff9d22     0x1  os_dbg.o [1]
  .data24.rodata   const    0xffff9d23     0x1  os_dbg.o [1]
  .data24.rodata   const    0xffff9d24     0x1  os_dbg.o [1]
  .data24.rodata   const    0xffff9d25     0x1  os_dbg.o [1]
  .data24.rodata   const    0xffff9d26     0x1  os_dbg.o [1]
  .data24.rodata   const    0xffff9d27     0x1  os_dbg.o [1]
  .data24.rodata   const    0xffff9d28     0x1  os_dbg.o [1]
  .data24.rodata   const    0xffff9d29     0x1  os_dbg.o [1]
  .data24.rodata   const    0xffff9d2a     0x1  os_dbg.o [1]
  .data24.rodata   const    0xffff9d2b     0x1  os_dbg.o [1]
  .data24.rodata   const    0xffff9d2c     0x1  os_dbg.o [1]
  .data24.rodata   const    0xffff9d2d     0x1  os_dbg.o [1]
  .data24.rodata   const    0xffff9d2e     0x1  os_dbg.o [1]
  .data24.rodata   const    0xffff9d2f     0x1  os_dbg.o [1]
  .data24.rodata   const    0xffff9d30     0x1  os_dbg.o [1]
  .data24.rodata   const    0xffff9d31     0x1  os_dbg.o [1]
  .data24.rodata   const    0xffff9d32     0x1  os_dbg.o [1]
  .data24.rodata   const    0xffff9d33     0x1  os_dbg.o [1]
  .data24.rodata   const    0xffff9d34     0x1  os_dbg.o [1]
  .data24.rodata   const    0xffff9d35     0x1  os_dbg.o [1]
  .data24.rodata   const    0xffff9d36     0x1  os_dbg.o [1]
  .data24.rodata   const    0xffff9d37     0x1  os_dbg.o [1]
  .data24.rodata   const    0xffff9d38     0x1  os_dbg.o [1]
  .data24.rodata   const    0xffff9d39     0x1  os_dbg.o [1]
  .data24.rodata   const    0xffff9d3a     0x1  os_dbg.o [1]
  .data24.rodata   const    0xffff9d3b     0x1  os_dbg.o [1]
  .data24.rodata   const    0xffff9d3c     0x1  os_dbg.o [1]
  .data24.rodata   const    0xffff9d3d     0x1  os_dbg.o [1]
  .data24.rodata   const    0xffff9d3e     0x1  os_dbg.o [1]
  .data24.rodata   const    0xffff9d3f     0x1  os_dbg.o [1]
  .data24.rodata   const    0xffff9d40     0x1  os_dbg.o [1]
  .data24.rodata   const    0xffff9d41     0x1  os_dbg.o [1]
  .data24.rodata   const    0xffff9d42     0x1  os_dbg.o [1]
  .data24.rodata   const    0xffff9d43     0x1  os_dbg.o [1]
  .data24.rodata   const    0xffff9d44     0x1  os_dbg.o [1]
  .data24.rodata   const    0xffff9d45     0x1  os_dbg.o [1]
  .data24.rodata   const    0xffff9d46     0x1  os_dbg.o [1]
  .data24.rodata   const    0xffff9d47     0x1  os_dbg.o [1]
  .data24.rodata   const    0xffff9d48     0x1  os_dbg.o [1]
                          - 0xffff9d49  0x1d1d

"ROM32":                                0x48b2
  .text            ro code  0xffff9d49   0xb50  os_core.o [1]
  .text            ro code  0xffffa899   0x482  os_tick.o [1]
  .text            ro code  0xffffad1b   0x322  cpu_core.o [1]
  .text            ro code  0xffffb03d    0x82  cpu_bsp.o [1]
  .text            ro code  0xffffb0bf    0xa6  os_prio.o [1]
  .text            ro code  0xffffb165   0x836  os_task.o [1]
  .text            ro code  0xffffb99b   0x1ff  os_cpu_c.o [1]
  .text            ro code  0xffffbb9a    0xa1  os_cpu_a.o [1]
  .text            ro code  0xffffbc3b    0x14  os_flag.o [1]
  .text            ro code  0xffffbc4f    0xda  os_msg.o [1]
  .text            ro code  0xffffbd29   0x499  os_mutex.o [1]
  .text            ro code  0xffffc1c2    0x14  os_q.o [1]
  .text            ro code  0xffffc1d6    0x14  os_sem.o [1]
  .text            ro code  0xffffc1ea   0x214  os_tmr.o [1]
  .text            ro code  0xffffc3fe   0x155  os_dbg.o [1]
  .text            ro code  0xffffc553    0x79  os_cfg_app.o [1]
  .text            ro code  0xffffc5cc   0x1f4  lib_mem.o [1]
  .text            ro code  0xffffc7c0    0xf1  bsp_sys.o [1]
  .text            ro code  0xffffc8b1   0x814  ST7579_LCD.o [1]
  .inttable                 0xffffd0c8   0x400  <Block>
    .inttable      const    0xffffd0c8   0x400  interrupt_table.o [4]
  .text            ro code  0xffffd4c8   0x38a  bsp_led.o [1]
  .text            ro code  0xffffd852   0x225  exercise5.o [1]
  .text            ro code  0xffffda77   0x208  interrupts.o [1]
  .text            ro code  0xffffdc7f    0x89  xassert.o [4]
  .text            ro code  0xffffdd08    0x15  bsp.o [1]
  .text            ro code  0xffffdd1d   0x169  os_time.o [1]
  .text            ro code  0xffffde86    0x87  xreportassert.o [4]
  .text            ro code  0xffffdf0d     0xf  __dbg_abort.o [3]
  .text            ro code  0xffffdf1c    0xc8  os_bsp.o [1]
  .text            ro code  0xffffdfe4    0x44  bsp_glcd.o [1]
  .text            ro code  0xffffe028    0xd0  bsp_misc.o [1]
  .text            ro code  0xffffe0f8    0x25  putchar.o [4]
  .text            ro code  0xffffe11d     0x1  __dbg_break.o [3]
  .text            ro code  0xffffe11e    0x12  __dbg_xxexit.o [3]
  .text            ro code  0xffffe130    0x48  bsp_os.o [1]
  .text            ro code  0xffffe178    0x7c  Glyph.o [1]
  .text            ro code  0xffffe1f4     0xa  __dbg_xxwrite.o [3]
  .text            ro code  0xffffe1fe    0x6c  GlyphRegister.o [1]
  .text            ro code  0xffffe26a    0x15  __dbg_xxdwrite.o [3]
  .text            ro code  0xffffe27f   0x1e5  YRDKRX63N_RSPI0.o [1]
  .switch.rodata   const    0xffffe464    0x2c  ST7579_LCD.o [1]
  .switch.rodata   const    0xffffe490    0x2a  ST7579_LCD.o [1]
  .text            ro code  0xffffe4ba     0x2  def_nmi_handlers.o [4]
  .switch.rodata   const    0xffffe4bc    0x24  ST7579_LCD.o [1]
  .text            ro code  0xffffe4e0    0x22  cstartup.o [1]
  .text            ro code  0xffffe502    0x15  data_init2.o [4]
  .text            ro code  0xffffe517     0x4  exit.o [4]
  .text            ro code  0xffffe51b     0x8  cexit.o [4]
  .iar.init_table  const    0xffffe524    0x10  - Linker created -
  .switch.rodata   const    0xffffe534    0x20  bsp_led.o [1]
  .switch.rodata   const    0xffffe554    0x20  bsp_led.o [1]
  .text            ro code  0xffffe574    0x20  interrupt_table.o [4]
  .text            ro code  0xffffe594    0x18  zero_init2.o [4]
  .switch.rodata   const    0xffffe5ac    0x10  os_core.o [1]
  .switch.rodata   const    0xffffe5bc    0x10  os_task.o [1]
  .switch.rodata   const    0xffffe5cc    0x10  os_task.o [1]
  .switch.rodata   const    0xffffe5dc    0x10  os_task.o [1]
  .switch.rodata   const    0xffffe5ec     0x8  os_task.o [1]
  .switch.rodata   const    0xffffe5f4     0x7  bsp_sys.o [1]
                          - 0xffffe5fb  0x48b2

"A1":                                     0x80
  .nmivec          const    0xffffff80    0x80  nmivec.o [4]
                          - 0x00000000    0x80


*******************************************************************************
*** INIT TABLE
***

          Address     Size
          -------     ----
Zero (___iar_zero_init2)
    1 destination range, total size 0x6b7a:
          0x00000004  0x6b7a



*******************************************************************************
*** MODULE SUMMARY
***

    Module              ro code  ro data  rw data
    ------              -------  -------  -------
C:\Embed_v2\Exercises\HandsOn\Exercise5\Debug\Obj: [1]
    Glyph.o                 124               108
    GlyphRegister.o         108
    ST7579_LCD.o          2 068      132
    YRDKRX63N_RSPI0.o       485
    bsp.o                    21
    bsp_glcd.o               68                 4
    bsp_led.o               906       64
    bsp_misc.o              208
    bsp_os.o                 72       11       48
    bsp_sys.o               241        7
    cpu_bsp.o               130
    cpu_core.o              802      256       40
    cstartup.o               34
    exercise5.o             549      113    2 172
    font_8x8.o                     3 584
    font_x5x7.o                    1 913
    interrupts.o            520    1 024
    lib_mem.o               500        5   20 504
    os_bsp.o                200
    os_cfg_app.o            121       88    3 648
    os_core.o             2 896       54
    os_cpu_a.o              161
    os_cpu_c.o              511                 4
    os_dbg.o                341      347
    os_flag.o                20
    os_msg.o                218
    os_mutex.o            1 177        2
    os_prio.o               166                 4
    os_q.o                   20
    os_sem.o                 20
    os_task.o             2 102       64
    os_tick.o             1 154       20
    os_time.o               361
    os_tmr.o                532       34
    os_var.o                                  982
    ---------------------------------------------
    Total:               16 836    7 718   27 514

command line: [2]
    ---------------------------------------------
    Total:

dbgrxlld.a: [3]
    __dbg_abort.o            15
    __dbg_break.o             1
    __dbg_xxdwrite.o         21
    __dbg_xxexit.o           18
    __dbg_xxwrite.o          10
    ---------------------------------------------
    Total:                   65

dlrxflln.a: [4]
    cexit.o                   8
    data_init2.o             21
    def_nmi_handlers.o        2
    exit.o                    4
    interrupt_table.o        32    1 024
    nmivec.o                         128
    putchar.o                37
    xassert.o               137
    xreportassert.o         135       44
    zero_init2.o             24
    ---------------------------------------------
    Total:                  400    1 196

    Gaps                               1
    Linker created                    16      512
-------------------------------------------------
    Grand Total:         17 301    8 931   28 026


*******************************************************************************
*** ENTRY LIST
***

Entry                      Address    Size  Type      Object
-----                      -------    ----  ----      ------
.inttable$$Base         0xffffd0c8           --   Gb  - Linker created -
.inttable$$Limit        0xffffd4c8           --   Gb  - Linker created -
ISTACK$$Base            0x00006b80           --   Gb  - Linker created -
ISTACK$$Limit           0x00006d80           --   Gb  - Linker created -
Region$$Table$$Base     0xffffe524           --   Gb  - Linker created -
Region$$Table$$Limit    0xffffe534           --   Gb  - Linker created -
STACKS$$Base            0x00006b80           --   Gb  - Linker created -
STACKS$$Limit           0x00006d80           --   Gb  - Linker created -
_BSP_GraphLCD           0x00006ad8     0x4  Data  Lc  bsp_glcd.o [1]
_BSP_GraphLCD_Init      0xffffdfe4    0x44  Code  Gb  bsp_glcd.o [1]
_BSP_Init               0xffffdd08    0x15  Code  Gb  bsp.o [1]
_BSP_IntHandler_000     0xffffdc71     0x2  Code  Gb  interrupts.o [1]
_BSP_IntHandler_001     0xffffdc6f     0x2  Code  Gb  interrupts.o [1]
_BSP_IntHandler_002     0xffffdc6d     0x2  Code  Gb  interrupts.o [1]
_BSP_IntHandler_003     0xffffdc6b     0x2  Code  Gb  interrupts.o [1]
_BSP_IntHandler_004     0xffffdc69     0x2  Code  Gb  interrupts.o [1]
_BSP_IntHandler_005     0xffffdc67     0x2  Code  Gb  interrupts.o [1]
_BSP_IntHandler_006     0xffffdc65     0x2  Code  Gb  interrupts.o [1]
_BSP_IntHandler_007     0xffffdc63     0x2  Code  Gb  interrupts.o [1]
_BSP_IntHandler_008     0xffffdc61     0x2  Code  Gb  interrupts.o [1]
_BSP_IntHandler_009     0xffffdc5f     0x2  Code  Gb  interrupts.o [1]
_BSP_IntHandler_010     0xffffdc5d     0x2  Code  Gb  interrupts.o [1]
_BSP_IntHandler_011     0xffffdc5b     0x2  Code  Gb  interrupts.o [1]
_BSP_IntHandler_012     0xffffdc59     0x2  Code  Gb  interrupts.o [1]
_BSP_IntHandler_013     0xffffdc57     0x2  Code  Gb  interrupts.o [1]
_BSP_IntHandler_014     0xffffdc55     0x2  Code  Gb  interrupts.o [1]
_BSP_IntHandler_015     0xffffdc53     0x2  Code  Gb  interrupts.o [1]
_BSP_IntHandler_016     0xffffdc51     0x2  Code  Gb  interrupts.o [1]
_BSP_IntHandler_017     0xffffdc4f     0x2  Code  Gb  interrupts.o [1]
_BSP_IntHandler_018     0xffffdc4d     0x2  Code  Gb  interrupts.o [1]
_BSP_IntHandler_019     0xffffdc4b     0x2  Code  Gb  interrupts.o [1]
_BSP_IntHandler_020     0xffffdc49     0x2  Code  Gb  interrupts.o [1]
_BSP_IntHandler_021     0xffffdc47     0x2  Code  Gb  interrupts.o [1]
_BSP_IntHandler_022     0xffffdc45     0x2  Code  Gb  interrupts.o [1]
_BSP_IntHandler_023     0xffffdc43     0x2  Code  Gb  interrupts.o [1]
_BSP_IntHandler_024     0xffffdc41     0x2  Code  Gb  interrupts.o [1]
_BSP_IntHandler_025     0xffffdc3f     0x2  Code  Gb  interrupts.o [1]
_BSP_IntHandler_026     0xffffdc3d     0x2  Code  Gb  interrupts.o [1]
_BSP_IntHandler_029     0xffffdc3b     0x2  Code  Gb  interrupts.o [1]
_BSP_IntHandler_030     0xffffdc39     0x2  Code  Gb  interrupts.o [1]
_BSP_IntHandler_031     0xffffdc37     0x2  Code  Gb  interrupts.o [1]
_BSP_IntHandler_032     0xffffdc35     0x2  Code  Gb  interrupts.o [1]
_BSP_IntHandler_033     0xffffdc33     0x2  Code  Gb  interrupts.o [1]
_BSP_IntHandler_034     0xffffdc31     0x2  Code  Gb  interrupts.o [1]
_BSP_IntHandler_035     0xffffdc2f     0x2  Code  Gb  interrupts.o [1]
_BSP_IntHandler_036     0xffffdc2d     0x2  Code  Gb  interrupts.o [1]
_BSP_IntHandler_037     0xffffdc2b     0x2  Code  Gb  interrupts.o [1]
_BSP_IntHandler_038     0xffffdc29     0x2  Code  Gb  interrupts.o [1]
_BSP_IntHandler_039     0xffffdc27     0x2  Code  Gb  interrupts.o [1]
_BSP_IntHandler_040     0xffffdc25     0x2  Code  Gb  interrupts.o [1]
_BSP_IntHandler_041     0xffffdc23     0x2  Code  Gb  interrupts.o [1]
_BSP_IntHandler_042     0xffffdc21     0x2  Code  Gb  interrupts.o [1]
_BSP_IntHandler_043     0xffffdc1f     0x2  Code  Gb  interrupts.o [1]
_BSP_IntHandler_044     0xffffdc1d     0x2  Code  Gb  interrupts.o [1]
_BSP_IntHandler_045     0xffffdc1b     0x2  Code  Gb  interrupts.o [1]
_BSP_IntHandler_046     0xffffdc19     0x2  Code  Gb  interrupts.o [1]
_BSP_IntHandler_047     0xffffdc17     0x2  Code  Gb  interrupts.o [1]
_BSP_IntHandler_048     0xffffdc15     0x2  Code  Gb  interrupts.o [1]
_BSP_IntHandler_049     0xffffdc13     0x2  Code  Gb  interrupts.o [1]
_BSP_IntHandler_050     0xffffdc11     0x2  Code  Gb  interrupts.o [1]
_BSP_IntHandler_051     0xffffdc0f     0x2  Code  Gb  interrupts.o [1]
_BSP_IntHandler_052     0xffffdc0d     0x2  Code  Gb  interrupts.o [1]
_BSP_IntHandler_053     0xffffdc0b     0x2  Code  Gb  interrupts.o [1]
_BSP_IntHandler_054     0xffffdc09     0x2  Code  Gb  interrupts.o [1]
_BSP_IntHandler_055     0xffffdc07     0x2  Code  Gb  interrupts.o [1]
_BSP_IntHandler_056     0xffffdc05     0x2  Code  Gb  interrupts.o [1]
_BSP_IntHandler_057     0xffffdc03     0x2  Code  Gb  interrupts.o [1]
_BSP_IntHandler_058     0xffffdc01     0x2  Code  Gb  interrupts.o [1]
_BSP_IntHandler_059     0xffffdbff     0x2  Code  Gb  interrupts.o [1]
_BSP_IntHandler_060     0xffffdbfd     0x2  Code  Gb  interrupts.o [1]
_BSP_IntHandler_061     0xffffdbfb     0x2  Code  Gb  interrupts.o [1]
_BSP_IntHandler_062     0xffffdbf9     0x2  Code  Gb  interrupts.o [1]
_BSP_IntHandler_063     0xffffdbf7     0x2  Code  Gb  interrupts.o [1]
_BSP_IntHandler_064     0xffffdbf5     0x2  Code  Gb  interrupts.o [1]
_BSP_IntHandler_065     0xffffdbf3     0x2  Code  Gb  interrupts.o [1]
_BSP_IntHandler_066     0xffffdbf1     0x2  Code  Gb  interrupts.o [1]
_BSP_IntHandler_067     0xffffdbef     0x2  Code  Gb  interrupts.o [1]
_BSP_IntHandler_068     0xffffdbed     0x2  Code  Gb  interrupts.o [1]
_BSP_IntHandler_069     0xffffdbeb     0x2  Code  Gb  interrupts.o [1]
_BSP_IntHandler_070     0xffffdbe9     0x2  Code  Gb  interrupts.o [1]
_BSP_IntHandler_071     0xffffdbe7     0x2  Code  Gb  interrupts.o [1]
_BSP_IntHandler_072     0xffffdbe5     0x2  Code  Gb  interrupts.o [1]
_BSP_IntHandler_073     0xffffdbe3     0x2  Code  Gb  interrupts.o [1]
_BSP_IntHandler_074     0xffffdbe1     0x2  Code  Gb  interrupts.o [1]
_BSP_IntHandler_075     0xffffdbdf     0x2  Code  Gb  interrupts.o [1]
_BSP_IntHandler_076     0xffffdbdd     0x2  Code  Gb  interrupts.o [1]
_BSP_IntHandler_077     0xffffdbdb     0x2  Code  Gb  interrupts.o [1]
_BSP_IntHandler_078     0xffffdbd9     0x2  Code  Gb  interrupts.o [1]
_BSP_IntHandler_079     0xffffdbd7     0x2  Code  Gb  interrupts.o [1]
_BSP_IntHandler_080     0xffffdbd5     0x2  Code  Gb  interrupts.o [1]
_BSP_IntHandler_081     0xffffdbd3     0x2  Code  Gb  interrupts.o [1]
_BSP_IntHandler_082     0xffffdbd1     0x2  Code  Gb  interrupts.o [1]
_BSP_IntHandler_083     0xffffdbcf     0x2  Code  Gb  interrupts.o [1]
_BSP_IntHandler_084     0xffffdbcd     0x2  Code  Gb  interrupts.o [1]
_BSP_IntHandler_085     0xffffdbcb     0x2  Code  Gb  interrupts.o [1]
_BSP_IntHandler_086     0xffffdbc9     0x2  Code  Gb  interrupts.o [1]
_BSP_IntHandler_087     0xffffdbc7     0x2  Code  Gb  interrupts.o [1]
_BSP_IntHandler_088     0xffffdbc5     0x2  Code  Gb  interrupts.o [1]
_BSP_IntHandler_089     0xffffdbc3     0x2  Code  Gb  interrupts.o [1]
_BSP_IntHandler_090     0xffffdbc1     0x2  Code  Gb  interrupts.o [1]
_BSP_IntHandler_091     0xffffdbbf     0x2  Code  Gb  interrupts.o [1]
_BSP_IntHandler_092     0xffffdbbd     0x2  Code  Gb  interrupts.o [1]
_BSP_IntHandler_093     0xffffdbbb     0x2  Code  Gb  interrupts.o [1]
_BSP_IntHandler_094     0xffffdbb9     0x2  Code  Gb  interrupts.o [1]
_BSP_IntHandler_095     0xffffdbb7     0x2  Code  Gb  interrupts.o [1]
_BSP_IntHandler_096     0xffffdbb5     0x2  Code  Gb  interrupts.o [1]
_BSP_IntHandler_097     0xffffdbb3     0x2  Code  Gb  interrupts.o [1]
_BSP_IntHandler_098     0xffffdbb1     0x2  Code  Gb  interrupts.o [1]
_BSP_IntHandler_099     0xffffdbaf     0x2  Code  Gb  interrupts.o [1]
_BSP_IntHandler_100     0xffffdbad     0x2  Code  Gb  interrupts.o [1]
_BSP_IntHandler_101     0xffffdbab     0x2  Code  Gb  interrupts.o [1]
_BSP_IntHandler_102     0xffffdba9     0x2  Code  Gb  interrupts.o [1]
_BSP_IntHandler_103     0xffffdba7     0x2  Code  Gb  interrupts.o [1]
_BSP_IntHandler_104     0xffffdba5     0x2  Code  Gb  interrupts.o [1]
_BSP_IntHandler_105     0xffffdba3     0x2  Code  Gb  interrupts.o [1]
_BSP_IntHandler_106     0xffffdba1     0x2  Code  Gb  interrupts.o [1]
_BSP_IntHandler_107     0xffffdb9f     0x2  Code  Gb  interrupts.o [1]
_BSP_IntHandler_108     0xffffdb9d     0x2  Code  Gb  interrupts.o [1]
_BSP_IntHandler_109     0xffffdb9b     0x2  Code  Gb  interrupts.o [1]
_BSP_IntHandler_110     0xffffdb99     0x2  Code  Gb  interrupts.o [1]
_BSP_IntHandler_111     0xffffdb97     0x2  Code  Gb  interrupts.o [1]
_BSP_IntHandler_112     0xffffdb95     0x2  Code  Gb  interrupts.o [1]
_BSP_IntHandler_113     0xffffdb93     0x2  Code  Gb  interrupts.o [1]
_BSP_IntHandler_114     0xffffdb91     0x2  Code  Gb  interrupts.o [1]
_BSP_IntHandler_115     0xffffdb8f     0x2  Code  Gb  interrupts.o [1]
_BSP_IntHandler_116     0xffffdb8d     0x2  Code  Gb  interrupts.o [1]
_BSP_IntHandler_117     0xffffdb8b     0x2  Code  Gb  interrupts.o [1]
_BSP_IntHandler_118     0xffffdb89     0x2  Code  Gb  interrupts.o [1]
_BSP_IntHandler_119     0xffffdb87     0x2  Code  Gb  interrupts.o [1]
_BSP_IntHandler_120     0xffffdb85     0x2  Code  Gb  interrupts.o [1]
_BSP_IntHandler_121     0xffffdb83     0x2  Code  Gb  interrupts.o [1]
_BSP_IntHandler_122     0xffffdb81     0x2  Code  Gb  interrupts.o [1]
_BSP_IntHandler_123     0xffffdb7f     0x2  Code  Gb  interrupts.o [1]
_BSP_IntHandler_124     0xffffdb7d     0x2  Code  Gb  interrupts.o [1]
_BSP_IntHandler_125     0xffffdb7b     0x2  Code  Gb  interrupts.o [1]
_BSP_IntHandler_126     0xffffdb79     0x2  Code  Gb  interrupts.o [1]
_BSP_IntHandler_127     0xffffdb77     0x2  Code  Gb  interrupts.o [1]
_BSP_IntHandler_128     0xffffdb75     0x2  Code  Gb  interrupts.o [1]
_BSP_IntHandler_129     0xffffdb73     0x2  Code  Gb  interrupts.o [1]
_BSP_IntHandler_130     0xffffdb71     0x2  Code  Gb  interrupts.o [1]
_BSP_IntHandler_131     0xffffdb6f     0x2  Code  Gb  interrupts.o [1]
_BSP_IntHandler_132     0xffffdb6d     0x2  Code  Gb  interrupts.o [1]
_BSP_IntHandler_133     0xffffdb6b     0x2  Code  Gb  interrupts.o [1]
_BSP_IntHandler_134     0xffffdb69     0x2  Code  Gb  interrupts.o [1]
_BSP_IntHandler_135     0xffffdb67     0x2  Code  Gb  interrupts.o [1]
_BSP_IntHandler_136     0xffffdb65     0x2  Code  Gb  interrupts.o [1]
_BSP_IntHandler_137     0xffffdb63     0x2  Code  Gb  interrupts.o [1]
_BSP_IntHandler_138     0xffffdb61     0x2  Code  Gb  interrupts.o [1]
_BSP_IntHandler_139     0xffffdb5f     0x2  Code  Gb  interrupts.o [1]
_BSP_IntHandler_140     0xffffdb5d     0x2  Code  Gb  interrupts.o [1]
_BSP_IntHandler_141     0xffffdb5b     0x2  Code  Gb  interrupts.o [1]
_BSP_IntHandler_142     0xffffdb59     0x2  Code  Gb  interrupts.o [1]
_BSP_IntHandler_143     0xffffdb57     0x2  Code  Gb  interrupts.o [1]
_BSP_IntHandler_144     0xffffdb55     0x2  Code  Gb  interrupts.o [1]
_BSP_IntHandler_145     0xffffdb53     0x2  Code  Gb  interrupts.o [1]
_BSP_IntHandler_146     0xffffdb51     0x2  Code  Gb  interrupts.o [1]
_BSP_IntHandler_147     0xffffdb4f     0x2  Code  Gb  interrupts.o [1]
_BSP_IntHandler_148     0xffffdb4d     0x2  Code  Gb  interrupts.o [1]
_BSP_IntHandler_149     0xffffdb4b     0x2  Code  Gb  interrupts.o [1]
_BSP_IntHandler_150     0xffffdb49     0x2  Code  Gb  interrupts.o [1]
_BSP_IntHandler_151     0xffffdb47     0x2  Code  Gb  interrupts.o [1]
_BSP_IntHandler_152     0xffffdb45     0x2  Code  Gb  interrupts.o [1]
_BSP_IntHandler_153     0xffffdb43     0x2  Code  Gb  interrupts.o [1]
_BSP_IntHandler_154     0xffffdb41     0x2  Code  Gb  interrupts.o [1]
_BSP_IntHandler_155     0xffffdb3f     0x2  Code  Gb  interrupts.o [1]
_BSP_IntHandler_156     0xffffdb3d     0x2  Code  Gb  interrupts.o [1]
_BSP_IntHandler_157     0xffffdb3b     0x2  Code  Gb  interrupts.o [1]
_BSP_IntHandler_158     0xffffdb39     0x2  Code  Gb  interrupts.o [1]
_BSP_IntHandler_159     0xffffdb37     0x2  Code  Gb  interrupts.o [1]
_BSP_IntHandler_160     0xffffdb35     0x2  Code  Gb  interrupts.o [1]
_BSP_IntHandler_161     0xffffdb33     0x2  Code  Gb  interrupts.o [1]
_BSP_IntHandler_162     0xffffdb31     0x2  Code  Gb  interrupts.o [1]
_BSP_IntHandler_163     0xffffdb2f     0x2  Code  Gb  interrupts.o [1]
_BSP_IntHandler_164     0xffffdb2d     0x2  Code  Gb  interrupts.o [1]
_BSP_IntHandler_165     0xffffdb2b     0x2  Code  Gb  interrupts.o [1]
_BSP_IntHandler_166     0xffffdb29     0x2  Code  Gb  interrupts.o [1]
_BSP_IntHandler_167     0xffffdb27     0x2  Code  Gb  interrupts.o [1]
_BSP_IntHandler_168     0xffffdb25     0x2  Code  Gb  interrupts.o [1]
_BSP_IntHandler_169     0xffffdb23     0x2  Code  Gb  interrupts.o [1]
_BSP_IntHandler_170     0xffffdb21     0x2  Code  Gb  interrupts.o [1]
_BSP_IntHandler_171     0xffffdb1f     0x2  Code  Gb  interrupts.o [1]
_BSP_IntHandler_172     0xffffdb1d     0x2  Code  Gb  interrupts.o [1]
_BSP_IntHandler_173     0xffffdb1b     0x2  Code  Gb  interrupts.o [1]
_BSP_IntHandler_174     0xffffdb19     0x2  Code  Gb  interrupts.o [1]
_BSP_IntHandler_175     0xffffdb17     0x2  Code  Gb  interrupts.o [1]
_BSP_IntHandler_176     0xffffdb15     0x2  Code  Gb  interrupts.o [1]
_BSP_IntHandler_177     0xffffdb13     0x2  Code  Gb  interrupts.o [1]
_BSP_IntHandler_178     0xffffdb11     0x2  Code  Gb  interrupts.o [1]
_BSP_IntHandler_179     0xffffdb0f     0x2  Code  Gb  interrupts.o [1]
_BSP_IntHandler_180     0xffffdb0d     0x2  Code  Gb  interrupts.o [1]
_BSP_IntHandler_181     0xffffdb0b     0x2  Code  Gb  interrupts.o [1]
_BSP_IntHandler_182     0xffffdb09     0x2  Code  Gb  interrupts.o [1]
_BSP_IntHandler_183     0xffffdb07     0x2  Code  Gb  interrupts.o [1]
_BSP_IntHandler_184     0xffffdb05     0x2  Code  Gb  interrupts.o [1]
_BSP_IntHandler_185     0xffffdb03     0x2  Code  Gb  interrupts.o [1]
_BSP_IntHandler_186     0xffffdb01     0x2  Code  Gb  interrupts.o [1]
_BSP_IntHandler_187     0xffffdaff     0x2  Code  Gb  interrupts.o [1]
_BSP_IntHandler_188     0xffffdafd     0x2  Code  Gb  interrupts.o [1]
_BSP_IntHandler_189     0xffffdafb     0x2  Code  Gb  interrupts.o [1]
_BSP_IntHandler_190     0xffffdaf9     0x2  Code  Gb  interrupts.o [1]
_BSP_IntHandler_191     0xffffdaf7     0x2  Code  Gb  interrupts.o [1]
_BSP_IntHandler_192     0xffffdaf5     0x2  Code  Gb  interrupts.o [1]
_BSP_IntHandler_193     0xffffdaf3     0x2  Code  Gb  interrupts.o [1]
_BSP_IntHandler_194     0xffffdaf1     0x2  Code  Gb  interrupts.o [1]
_BSP_IntHandler_195     0xffffdaef     0x2  Code  Gb  interrupts.o [1]
_BSP_IntHandler_196     0xffffdaed     0x2  Code  Gb  interrupts.o [1]
_BSP_IntHandler_197     0xffffdaeb     0x2  Code  Gb  interrupts.o [1]
_BSP_IntHandler_198     0xffffdae9     0x2  Code  Gb  interrupts.o [1]
_BSP_IntHandler_199     0xffffdae7     0x2  Code  Gb  interrupts.o [1]
_BSP_IntHandler_200     0xffffdae5     0x2  Code  Gb  interrupts.o [1]
_BSP_IntHandler_201     0xffffdae3     0x2  Code  Gb  interrupts.o [1]
_BSP_IntHandler_202     0xffffdae1     0x2  Code  Gb  interrupts.o [1]
_BSP_IntHandler_203     0xffffdadf     0x2  Code  Gb  interrupts.o [1]
_BSP_IntHandler_204     0xffffdadd     0x2  Code  Gb  interrupts.o [1]
_BSP_IntHandler_205     0xffffdadb     0x2  Code  Gb  interrupts.o [1]
_BSP_IntHandler_206     0xffffdad9     0x2  Code  Gb  interrupts.o [1]
_BSP_IntHandler_207     0xffffdad7     0x2  Code  Gb  interrupts.o [1]
_BSP_IntHandler_208     0xffffdad5     0x2  Code  Gb  interrupts.o [1]
_BSP_IntHandler_209     0xffffdad3     0x2  Code  Gb  interrupts.o [1]
_BSP_IntHandler_210     0xffffdad1     0x2  Code  Gb  interrupts.o [1]
_BSP_IntHandler_211     0xffffdacf     0x2  Code  Gb  interrupts.o [1]
_BSP_IntHandler_212     0xffffdacd     0x2  Code  Gb  interrupts.o [1]
_BSP_IntHandler_213     0xffffdacb     0x2  Code  Gb  interrupts.o [1]
_BSP_IntHandler_214     0xffffdac9     0x2  Code  Gb  interrupts.o [1]
_BSP_IntHandler_215     0xffffdac7     0x2  Code  Gb  interrupts.o [1]
_BSP_IntHandler_216     0xffffdac5     0x2  Code  Gb  interrupts.o [1]
_BSP_IntHandler_217     0xffffdac3     0x2  Code  Gb  interrupts.o [1]
_BSP_IntHandler_218     0xffffdac1     0x2  Code  Gb  interrupts.o [1]
_BSP_IntHandler_219     0xffffdabf     0x2  Code  Gb  interrupts.o [1]
_BSP_IntHandler_220     0xffffdabd     0x2  Code  Gb  interrupts.o [1]
_BSP_IntHandler_221     0xffffdabb     0x2  Code  Gb  interrupts.o [1]
_BSP_IntHandler_222     0xffffdab9     0x2  Code  Gb  interrupts.o [1]
_BSP_IntHandler_223     0xffffdab7     0x2  Code  Gb  interrupts.o [1]
_BSP_IntHandler_224     0xffffdab5     0x2  Code  Gb  interrupts.o [1]
_BSP_IntHandler_225     0xffffdab3     0x2  Code  Gb  interrupts.o [1]
_BSP_IntHandler_226     0xffffdab1     0x2  Code  Gb  interrupts.o [1]
_BSP_IntHandler_227     0xffffdaaf     0x2  Code  Gb  interrupts.o [1]
_BSP_IntHandler_228     0xffffdaad     0x2  Code  Gb  interrupts.o [1]
_BSP_IntHandler_229     0xffffdaab     0x2  Code  Gb  interrupts.o [1]
_BSP_IntHandler_230     0xffffdaa9     0x2  Code  Gb  interrupts.o [1]
_BSP_IntHandler_231     0xffffdaa7     0x2  Code  Gb  interrupts.o [1]
_BSP_IntHandler_232     0xffffdaa5     0x2  Code  Gb  interrupts.o [1]
_BSP_IntHandler_233     0xffffdaa3     0x2  Code  Gb  interrupts.o [1]
_BSP_IntHandler_234     0xffffdaa1     0x2  Code  Gb  interrupts.o [1]
_BSP_IntHandler_235     0xffffda9f     0x2  Code  Gb  interrupts.o [1]
_BSP_IntHandler_236     0xffffda9d     0x2  Code  Gb  interrupts.o [1]
_BSP_IntHandler_237     0xffffda9b     0x2  Code  Gb  interrupts.o [1]
_BSP_IntHandler_238     0xffffda99     0x2  Code  Gb  interrupts.o [1]
_BSP_IntHandler_239     0xffffda97     0x2  Code  Gb  interrupts.o [1]
_BSP_IntHandler_240     0xffffda95     0x2  Code  Gb  interrupts.o [1]
_BSP_IntHandler_241     0xffffda93     0x2  Code  Gb  interrupts.o [1]
_BSP_IntHandler_242     0xffffda91     0x2  Code  Gb  interrupts.o [1]
_BSP_IntHandler_243     0xffffda8f     0x2  Code  Gb  interrupts.o [1]
_BSP_IntHandler_244     0xffffda8d     0x2  Code  Gb  interrupts.o [1]
_BSP_IntHandler_245     0xffffda8b     0x2  Code  Gb  interrupts.o [1]
_BSP_IntHandler_246     0xffffda89     0x2  Code  Gb  interrupts.o [1]
_BSP_IntHandler_247     0xffffda87     0x2  Code  Gb  interrupts.o [1]
_BSP_IntHandler_248     0xffffda85     0x2  Code  Gb  interrupts.o [1]
_BSP_IntHandler_249     0xffffda83     0x2  Code  Gb  interrupts.o [1]
_BSP_IntHandler_250     0xffffda81     0x2  Code  Gb  interrupts.o [1]
_BSP_IntHandler_251     0xffffda7f     0x2  Code  Gb  interrupts.o [1]
_BSP_IntHandler_252     0xffffda7d     0x2  Code  Gb  interrupts.o [1]
_BSP_IntHandler_253     0xffffda7b     0x2  Code  Gb  interrupts.o [1]
_BSP_IntHandler_254     0xffffda79     0x2  Code  Gb  interrupts.o [1]
_BSP_IntHandler_255     0xffffda77     0x2  Code  Gb  interrupts.o [1]
_BSP_IntVectSet         0xffffdc73     0xc  Code  Gb  interrupts.o [1]
_BSP_IntVectTbl         0xffff882c   0x400  Data  Gb  interrupts.o [1]
_BSP_LED_Init           0xffffd7f8    0x5a  Code  Gb  bsp_led.o [1]
_BSP_LED_Off            0xffffd71e    0xda  Code  Gb  bsp_led.o [1]
_BSP_LED_Toggle         0xffffd4c8   0x256  Code  Gb  bsp_led.o [1]
_BSP_MicInit            0xffffe0a6    0x48  Code  Lc  bsp_misc.o [1]
_BSP_MiscInit           0xffffe0ee     0xa  Code  Gb  bsp_misc.o [1]
_BSP_OS_GLCD_MutexCreate
                        0xffffe15a    0x1e  Code  Gb  bsp_os.o [1]
_BSP_OS_GLCD_MutexPend  0xffffe141    0x19  Code  Gb  bsp_os.o [1]
_BSP_OS_GLCD_MutexPost  0xffffe130    0x11  Code  Gb  bsp_os.o [1]
_BSP_PotInit            0xffffe03e    0x68  Code  Lc  bsp_misc.o [1]
_BSP_SwsInit            0xffffe028    0x16  Code  Lc  bsp_misc.o [1]
_BSP_SysInit            0xffffc84e    0x63  Code  Gb  bsp_sys.o [1]
_BSP_SysPerClkFreqGet   0xffffc7c0    0x8e  Code  Gb  bsp_sys.o [1]
_CPU_CntLeadZeros       0xffffae6f    0x10  Code  Gb  cpu_core.o [1]
_CPU_CntLeadZeros32     0xffffae08    0x67  Code  Gb  cpu_core.o [1]
_CPU_CntLeadZerosTbl    0xffff8c2c   0x100  Data  Lc  cpu_core.o [1]
_CPU_Init               0xffffb033     0xa  Code  Gb  cpu_core.o [1]
_CPU_IntDisMeasCtr      0x00006b56     0x2  Data  Gb  cpu_core.o [1]
_CPU_IntDisMeasInit     0xffffad3c    0xa2  Code  Lc  cpu_core.o [1]
_CPU_IntDisMeasMaxCalc  0xffffad1b    0x21  Code  Lc  cpu_core.o [1]
_CPU_IntDisMeasMaxCurGet
                        0xffffaf21    0x39  Code  Gb  cpu_core.o [1]
_CPU_IntDisMeasMaxCurReset
                        0xffffaf5a    0x38  Code  Gb  cpu_core.o [1]
_CPU_IntDisMeasMaxCur_cnts
                        0x00006b60     0x2  Data  Gb  cpu_core.o [1]
_CPU_IntDisMeasMax_cnts
                        0x00006b62     0x2  Data  Gb  cpu_core.o [1]
_CPU_IntDisMeasOvrhd_cnts
                        0x00006b5e     0x2  Data  Gb  cpu_core.o [1]
_CPU_IntDisMeasStart    0xffffaeea    0x37  Code  Gb  cpu_core.o [1]
_CPU_IntDisMeasStart_cnts
                        0x00006b5a     0x2  Data  Gb  cpu_core.o [1]
_CPU_IntDisMeasStop     0xffffae7f    0x6b  Code  Gb  cpu_core.o [1]
_CPU_IntDisMeasStop_cnts
                        0x00006b5c     0x2  Data  Gb  cpu_core.o [1]
_CPU_IntDisNestCtr      0x00006b58     0x2  Data  Gb  cpu_core.o [1]
_CPU_Name               0x00006a98    0x10  Data  Gb  cpu_core.o [1]
_CPU_NameClr            0xffffaff8    0x39  Code  Gb  cpu_core.o [1]
_CPU_NameInit           0xffffae04     0x4  Code  Lc  cpu_core.o [1]
_CPU_SW_Exception       0xffffb031     0x2  Code  Gb  cpu_core.o [1]
_CPU_TS_32_Accum        0x00006adc     0x4  Data  Gb  cpu_core.o [1]
_CPU_TS_32_TmrPrev      0x00006b54     0x2  Data  Gb  cpu_core.o [1]
_CPU_TS_Get32           0xffffaf9e    0x5a  Code  Gb  cpu_core.o [1]
_CPU_TS_Init            0xffffadde    0x26  Code  Lc  cpu_core.o [1]
_CPU_TS_TmrFreqSet      0xffffaf92     0x8  Code  Gb  cpu_core.o [1]
_CPU_TS_TmrFreq_Hz      0x00006ae0     0x4  Data  Gb  cpu_core.o [1]
_CPU_TS_TmrInit         0xffffb047    0x78  Code  Gb  cpu_bsp.o [1]
_CPU_TS_TmrRd           0xffffb03d     0xa  Code  Gb  cpu_bsp.o [1]
_CPU_TS_Update          0xffffaf9a     0x4  Code  Gb  cpu_core.o [1]
_Comm_API               0x00006aa8     0xc  Data  Gb  Glyph.o [1]
_Font8x8_char_0         0xffff8ee8     0xa  Data  Gb  font_8x8.o [1]
_Font8x8_char_1         0xffff8ef2     0xa  Data  Gb  font_8x8.o [1]
_Font8x8_char_10        0xffff8f4c     0xa  Data  Gb  font_8x8.o [1]
_Font8x8_char_100       0xffff92d0     0xa  Data  Gb  font_8x8.o [1]
_Font8x8_char_101       0xffff92da     0xa  Data  Gb  font_8x8.o [1]
_Font8x8_char_102       0xffff92e4     0xa  Data  Gb  font_8x8.o [1]
_Font8x8_char_103       0xffff92ee     0xa  Data  Gb  font_8x8.o [1]
_Font8x8_char_104       0xffff92f8     0xa  Data  Gb  font_8x8.o [1]
_Font8x8_char_105       0xffff9302     0xa  Data  Gb  font_8x8.o [1]
_Font8x8_char_106       0xffff930c     0xa  Data  Gb  font_8x8.o [1]
_Font8x8_char_107       0xffff9316     0xa  Data  Gb  font_8x8.o [1]
_Font8x8_char_108       0xffff9320     0xa  Data  Gb  font_8x8.o [1]
_Font8x8_char_109       0xffff932a     0xa  Data  Gb  font_8x8.o [1]
_Font8x8_char_11        0xffff8f56     0xa  Data  Gb  font_8x8.o [1]
_Font8x8_char_110       0xffff9334     0xa  Data  Gb  font_8x8.o [1]
_Font8x8_char_111       0xffff933e     0xa  Data  Gb  font_8x8.o [1]
_Font8x8_char_112       0xffff9348     0xa  Data  Gb  font_8x8.o [1]
_Font8x8_char_113       0xffff9352     0xa  Data  Gb  font_8x8.o [1]
_Font8x8_char_114       0xffff935c     0xa  Data  Gb  font_8x8.o [1]
_Font8x8_char_115       0xffff9366     0xa  Data  Gb  font_8x8.o [1]
_Font8x8_char_116       0xffff9370     0xa  Data  Gb  font_8x8.o [1]
_Font8x8_char_117       0xffff937a     0xa  Data  Gb  font_8x8.o [1]
_Font8x8_char_118       0xffff9384     0xa  Data  Gb  font_8x8.o [1]
_Font8x8_char_119       0xffff938e     0xa  Data  Gb  font_8x8.o [1]
_Font8x8_char_12        0xffff8f60     0xa  Data  Gb  font_8x8.o [1]
_Font8x8_char_120       0xffff9398     0xa  Data  Gb  font_8x8.o [1]
_Font8x8_char_121       0xffff93a2     0xa  Data  Gb  font_8x8.o [1]
_Font8x8_char_122       0xffff93ac     0xa  Data  Gb  font_8x8.o [1]
_Font8x8_char_123       0xffff93b6     0xa  Data  Gb  font_8x8.o [1]
_Font8x8_char_124       0xffff93c0     0xa  Data  Gb  font_8x8.o [1]
_Font8x8_char_125       0xffff93ca     0xa  Data  Gb  font_8x8.o [1]
_Font8x8_char_126       0xffff93d4     0xa  Data  Gb  font_8x8.o [1]
_Font8x8_char_127       0xffff93de     0xa  Data  Gb  font_8x8.o [1]
_Font8x8_char_128       0xffff93e8     0xa  Data  Gb  font_8x8.o [1]
_Font8x8_char_129       0xffff93f2     0xa  Data  Gb  font_8x8.o [1]
_Font8x8_char_13        0xffff8f6a     0xa  Data  Gb  font_8x8.o [1]
_Font8x8_char_130       0xffff93fc     0xa  Data  Gb  font_8x8.o [1]
_Font8x8_char_131       0xffff9406     0xa  Data  Gb  font_8x8.o [1]
_Font8x8_char_132       0xffff9410     0xa  Data  Gb  font_8x8.o [1]
_Font8x8_char_133       0xffff941a     0xa  Data  Gb  font_8x8.o [1]
_Font8x8_char_134       0xffff9424     0xa  Data  Gb  font_8x8.o [1]
_Font8x8_char_135       0xffff942e     0xa  Data  Gb  font_8x8.o [1]
_Font8x8_char_136       0xffff9438     0xa  Data  Gb  font_8x8.o [1]
_Font8x8_char_137       0xffff9442     0xa  Data  Gb  font_8x8.o [1]
_Font8x8_char_138       0xffff944c     0xa  Data  Gb  font_8x8.o [1]
_Font8x8_char_139       0xffff9456     0xa  Data  Gb  font_8x8.o [1]
_Font8x8_char_14        0xffff8f74     0xa  Data  Gb  font_8x8.o [1]
_Font8x8_char_140       0xffff9460     0xa  Data  Gb  font_8x8.o [1]
_Font8x8_char_141       0xffff946a     0xa  Data  Gb  font_8x8.o [1]
_Font8x8_char_142       0xffff9474     0xa  Data  Gb  font_8x8.o [1]
_Font8x8_char_143       0xffff947e     0xa  Data  Gb  font_8x8.o [1]
_Font8x8_char_144       0xffff9488     0xa  Data  Gb  font_8x8.o [1]
_Font8x8_char_145       0xffff9492     0xa  Data  Gb  font_8x8.o [1]
_Font8x8_char_146       0xffff949c     0xa  Data  Gb  font_8x8.o [1]
_Font8x8_char_147       0xffff94a6     0xa  Data  Gb  font_8x8.o [1]
_Font8x8_char_148       0xffff94b0     0xa  Data  Gb  font_8x8.o [1]
_Font8x8_char_149       0xffff94ba     0xa  Data  Gb  font_8x8.o [1]
_Font8x8_char_15        0xffff8f7e     0xa  Data  Gb  font_8x8.o [1]
_Font8x8_char_150       0xffff94c4     0xa  Data  Gb  font_8x8.o [1]
_Font8x8_char_151       0xffff94ce     0xa  Data  Gb  font_8x8.o [1]
_Font8x8_char_152       0xffff94d8     0xa  Data  Gb  font_8x8.o [1]
_Font8x8_char_153       0xffff94e2     0xa  Data  Gb  font_8x8.o [1]
_Font8x8_char_154       0xffff94ec     0xa  Data  Gb  font_8x8.o [1]
_Font8x8_char_155       0xffff94f6     0xa  Data  Gb  font_8x8.o [1]
_Font8x8_char_156       0xffff9500     0xa  Data  Gb  font_8x8.o [1]
_Font8x8_char_157       0xffff950a     0xa  Data  Gb  font_8x8.o [1]
_Font8x8_char_158       0xffff9514     0xa  Data  Gb  font_8x8.o [1]
_Font8x8_char_159       0xffff951e     0xa  Data  Gb  font_8x8.o [1]
_Font8x8_char_16        0xffff8f88     0xa  Data  Gb  font_8x8.o [1]
_Font8x8_char_160       0xffff9528     0xa  Data  Gb  font_8x8.o [1]
_Font8x8_char_161       0xffff9532     0xa  Data  Gb  font_8x8.o [1]
_Font8x8_char_162       0xffff953c     0xa  Data  Gb  font_8x8.o [1]
_Font8x8_char_163       0xffff9546     0xa  Data  Gb  font_8x8.o [1]
_Font8x8_char_164       0xffff9550     0xa  Data  Gb  font_8x8.o [1]
_Font8x8_char_165       0xffff955a     0xa  Data  Gb  font_8x8.o [1]
_Font8x8_char_166       0xffff9564     0xa  Data  Gb  font_8x8.o [1]
_Font8x8_char_167       0xffff956e     0xa  Data  Gb  font_8x8.o [1]
_Font8x8_char_168       0xffff9578     0xa  Data  Gb  font_8x8.o [1]
_Font8x8_char_169       0xffff9582     0xa  Data  Gb  font_8x8.o [1]
_Font8x8_char_17        0xffff8f92     0xa  Data  Gb  font_8x8.o [1]
_Font8x8_char_170       0xffff958c     0xa  Data  Gb  font_8x8.o [1]
_Font8x8_char_171       0xffff9596     0xa  Data  Gb  font_8x8.o [1]
_Font8x8_char_172       0xffff95a0     0xa  Data  Gb  font_8x8.o [1]
_Font8x8_char_173       0xffff95aa     0xa  Data  Gb  font_8x8.o [1]
_Font8x8_char_174       0xffff95b4     0xa  Data  Gb  font_8x8.o [1]
_Font8x8_char_175       0xffff95be     0xa  Data  Gb  font_8x8.o [1]
_Font8x8_char_176       0xffff95c8     0xa  Data  Gb  font_8x8.o [1]
_Font8x8_char_177       0xffff95d2     0xa  Data  Gb  font_8x8.o [1]
_Font8x8_char_178       0xffff95dc     0xa  Data  Gb  font_8x8.o [1]
_Font8x8_char_179       0xffff95e6     0xa  Data  Gb  font_8x8.o [1]
[...]
___interrupt_121        0xffffe574    0x20  Code  Wk  interrupt_table.o [4]
___interrupt_122        0xffffe574    0x20  Code  Wk  interrupt_table.o [4]
___interrupt_123        0xffffe574    0x20  Code  Wk  interrupt_table.o [4]
___interrupt_124        0xffffe574    0x20  Code  Wk  interrupt_table.o [4]
___interrupt_125        0xffffe574    0x20  Code  Wk  interrupt_table.o [4]
___interrupt_126        0xffffe574    0x20  Code  Wk  interrupt_table.o [4]
___interrupt_127        0xffffe574    0x20  Code  Wk  interrupt_table.o [4]
___interrupt_128        0xffffe574    0x20  Code  Wk  interrupt_table.o [4]
___interrupt_129        0xffffe574    0x20  Code  Wk  interrupt_table.o [4]
___interrupt_13         0xffffe574    0x20  Code  Wk  interrupt_table.o [4]
___interrupt_130        0xffffe574    0x20  Code  Wk  interrupt_table.o [4]
___interrupt_131        0xffffe574    0x20  Code  Wk  interrupt_table.o [4]
___interrupt_132        0xffffe574    0x20  Code  Wk  interrupt_table.o [4]
___interrupt_133        0xffffe574    0x20  Code  Wk  interrupt_table.o [4]
___interrupt_134        0xffffe574    0x20  Code  Wk  interrupt_table.o [4]
___interrupt_135        0xffffe574    0x20  Code  Wk  interrupt_table.o [4]
___interrupt_136        0xffffe574    0x20  Code  Wk  interrupt_table.o [4]
___interrupt_137        0xffffe574    0x20  Code  Wk  interrupt_table.o [4]
___interrupt_138        0xffffe574    0x20  Code  Wk  interrupt_table.o [4]
___interrupt_139        0xffffe574    0x20  Code  Wk  interrupt_table.o [4]
___interrupt_14         0xffffe574    0x20  Code  Wk  interrupt_table.o [4]
___interrupt_140        0xffffe574    0x20  Code  Wk  interrupt_table.o [4]
___interrupt_141        0xffffe574    0x20  Code  Wk  interrupt_table.o [4]
___interrupt_142        0xffffe574    0x20  Code  Wk  interrupt_table.o [4]
___interrupt_143        0xffffe574    0x20  Code  Wk  interrupt_table.o [4]
___interrupt_144        0xffffe574    0x20  Code  Wk  interrupt_table.o [4]
___interrupt_145        0xffffe574    0x20  Code  Wk  interrupt_table.o [4]
___interrupt_146        0xffffe574    0x20  Code  Wk  interrupt_table.o [4]
___interrupt_147        0xffffe574    0x20  Code  Wk  interrupt_table.o [4]
___interrupt_148        0xffffe574    0x20  Code  Wk  interrupt_table.o [4]
___interrupt_149        0xffffe574    0x20  Code  Wk  interrupt_table.o [4]
___interrupt_15         0xffffe574    0x20  Code  Wk  interrupt_table.o [4]
___interrupt_150        0xffffe574    0x20  Code  Wk  interrupt_table.o [4]
___interrupt_151        0xffffe574    0x20  Code  Wk  interrupt_table.o [4]
___interrupt_152        0xffffe574    0x20  Code  Wk  interrupt_table.o [4]
___interrupt_153        0xffffe574    0x20  Code  Wk  interrupt_table.o [4]
___interrupt_154        0xffffe574    0x20  Code  Wk  interrupt_table.o [4]
___interrupt_155        0xffffe574    0x20  Code  Wk  interrupt_table.o [4]
___interrupt_156        0xffffe574    0x20  Code  Wk  interrupt_table.o [4]
___interrupt_157        0xffffe574    0x20  Code  Wk  interrupt_table.o [4]
___interrupt_158        0xffffe574    0x20  Code  Wk  interrupt_table.o [4]
___interrupt_159        0xffffe574    0x20  Code  Wk  interrupt_table.o [4]
___interrupt_16         0xffffe574    0x20  Code  Wk  interrupt_table.o [4]
___interrupt_160        0xffffe574    0x20  Code  Wk  interrupt_table.o [4]
___interrupt_161        0xffffe574    0x20  Code  Wk  interrupt_table.o [4]
___interrupt_162        0xffffe574    0x20  Code  Wk  interrupt_table.o [4]
___interrupt_163        0xffffe574    0x20  Code  Wk  interrupt_table.o [4]
___interrupt_164        0xffffe574    0x20  Code  Wk  interrupt_table.o [4]
___interrupt_165        0xffffe574    0x20  Code  Wk  interrupt_table.o [4]
___interrupt_166        0xffffe574    0x20  Code  Wk  interrupt_table.o [4]
___interrupt_167        0xffffe574    0x20  Code  Wk  interrupt_table.o [4]
___interrupt_168        0xffffe574    0x20  Code  Wk  interrupt_table.o [4]
___interrupt_169        0xffffe574    0x20  Code  Wk  interrupt_table.o [4]
___interrupt_17         0xffffe574    0x20  Code  Wk  interrupt_table.o [4]
___interrupt_170        0xffffe574    0x20  Code  Wk  interrupt_table.o [4]
___interrupt_171        0xffffe574    0x20  Code  Wk  interrupt_table.o [4]
___interrupt_172        0xffffe574    0x20  Code  Wk  interrupt_table.o [4]
___interrupt_173        0xffffe574    0x20  Code  Wk  interrupt_table.o [4]
___interrupt_174        0xffffe574    0x20  Code  Wk  interrupt_table.o [4]
___interrupt_175        0xffffe574    0x20  Code  Wk  interrupt_table.o [4]
___interrupt_176        0xffffe574    0x20  Code  Wk  interrupt_table.o [4]
___interrupt_177        0xffffe574    0x20  Code  Wk  interrupt_table.o [4]
___interrupt_178        0xffffe574    0x20  Code  Wk  interrupt_table.o [4]
___interrupt_179        0xffffe574    0x20  Code  Wk  interrupt_table.o [4]
___interrupt_18         0xffffe574    0x20  Code  Wk  interrupt_table.o [4]
___interrupt_180        0xffffe574    0x20  Code  Wk  interrupt_table.o [4]
___interrupt_181        0xffffe574    0x20  Code  Wk  interrupt_table.o [4]
___interrupt_182        0xffffe574    0x20  Code  Wk  interrupt_table.o [4]
___interrupt_183        0xffffe574    0x20  Code  Wk  interrupt_table.o [4]
___interrupt_184        0xffffe574    0x20  Code  Wk  interrupt_table.o [4]
___interrupt_185        0xffffe574    0x20  Code  Wk  interrupt_table.o [4]
___interrupt_186        0xffffe574    0x20  Code  Wk  interrupt_table.o [4]
___interrupt_187        0xffffe574    0x20  Code  Wk  interrupt_table.o [4]
___interrupt_188        0xffffe574    0x20  Code  Wk  interrupt_table.o [4]
___interrupt_189        0xffffe574    0x20  Code  Wk  interrupt_table.o [4]
___interrupt_19         0xffffe574    0x20  Code  Wk  interrupt_table.o [4]
___interrupt_190        0xffffe574    0x20  Code  Wk  interrupt_table.o [4]
___interrupt_191        0xffffe574    0x20  Code  Wk  interrupt_table.o [4]
___interrupt_192        0xffffe574    0x20  Code  Wk  interrupt_table.o [4]
___interrupt_193        0xffffe574    0x20  Code  Wk  interrupt_table.o [4]
___interrupt_194        0xffffe574    0x20  Code  Wk  interrupt_table.o [4]
___interrupt_195        0xffffe574    0x20  Code  Wk  interrupt_table.o [4]
___interrupt_196        0xffffe574    0x20  Code  Wk  interrupt_table.o [4]
___interrupt_197        0xffffe574    0x20  Code  Wk  interrupt_table.o [4]
___interrupt_198        0xffffe574    0x20  Code  Wk  interrupt_table.o [4]
___interrupt_199        0xffffe574    0x20  Code  Wk  interrupt_table.o [4]
___interrupt_2          0xffffe574    0x20  Code  Wk  interrupt_table.o [4]
___interrupt_20         0xffffe574    0x20  Code  Wk  interrupt_table.o [4]
___interrupt_200        0xffffe574    0x20  Code  Wk  interrupt_table.o [4]
___interrupt_201        0xffffe574    0x20  Code  Wk  interrupt_table.o [4]
___interrupt_202        0xffffe574    0x20  Code  Wk  interrupt_table.o [4]
___interrupt_203        0xffffe574    0x20  Code  Wk  interrupt_table.o [4]
___interrupt_204        0xffffe574    0x20  Code  Wk  interrupt_table.o [4]
___interrupt_205        0xffffe574    0x20  Code  Wk  interrupt_table.o [4]
___interrupt_206        0xffffe574    0x20  Code  Wk  interrupt_table.o [4]
___interrupt_207        0xffffe574    0x20  Code  Wk  interrupt_table.o [4]
___interrupt_208        0xffffe574    0x20  Code  Wk  interrupt_table.o [4]
___interrupt_209        0xffffe574    0x20  Code  Wk  interrupt_table.o [4]
___interrupt_21         0xffffe574    0x20  Code  Wk  interrupt_table.o [4]
___interrupt_210        0xffffe574    0x20  Code  Wk  interrupt_table.o [4]
___interrupt_211        0xffffe574    0x20  Code  Wk  interrupt_table.o [4]
___interrupt_212        0xffffe574    0x20  Code  Wk  interrupt_table.o [4]
___interrupt_213        0xffffe574    0x20  Code  Wk  interrupt_table.o [4]
___interrupt_214        0xffffe574    0x20  Code  Wk  interrupt_table.o [4]
___interrupt_215        0xffffe574    0x20  Code  Wk  interrupt_table.o [4]
___interrupt_216        0xffffe574    0x20  Code  Wk  interrupt_table.o [4]
___interrupt_217        0xffffe574    0x20  Code  Wk  interrupt_table.o [4]
___interrupt_218        0xffffe574    0x20  Code  Wk  interrupt_table.o [4]
___interrupt_219        0xffffe574    0x20  Code  Wk  interrupt_table.o [4]
___interrupt_22         0xffffe574    0x20  Code  Wk  interrupt_table.o [4]
___interrupt_220        0xffffe574    0x20  Code  Wk  interrupt_table.o [4]
___interrupt_221        0xffffe574    0x20  Code  Wk  interrupt_table.o [4]
___interrupt_222        0xffffe574    0x20  Code  Wk  interrupt_table.o [4]
___interrupt_223        0xffffe574    0x20  Code  Wk  interrupt_table.o [4]
___interrupt_224        0xffffe574    0x20  Code  Wk  interrupt_table.o [4]
___interrupt_225        0xffffe574    0x20  Code  Wk  interrupt_table.o [4]
___interrupt_226        0xffffe574    0x20  Code  Wk  interrupt_table.o [4]
___interrupt_227        0xffffe574    0x20  Code  Wk  interrupt_table.o [4]
___interrupt_228        0xffffe574    0x20  Code  Wk  interrupt_table.o [4]
___interrupt_229        0xffffe574    0x20  Code  Wk  interrupt_table.o [4]
___interrupt_23         0xffffe574    0x20  Code  Wk  interrupt_table.o [4]
___interrupt_230        0xffffe574    0x20  Code  Wk  interrupt_table.o [4]
___interrupt_231        0xffffe574    0x20  Code  Wk  interrupt_table.o [4]
___interrupt_232        0xffffe574    0x20  Code  Wk  interrupt_table.o [4]
___interrupt_233        0xffffe574    0x20  Code  Wk  interrupt_table.o [4]
___interrupt_234        0xffffe574    0x20  Code  Wk  interrupt_table.o [4]
___interrupt_235        0xffffe574    0x20  Code  Wk  interrupt_table.o [4]
___interrupt_236        0xffffe574    0x20  Code  Wk  interrupt_table.o [4]
___interrupt_237        0xffffe574    0x20  Code  Wk  interrupt_table.o [4]
___interrupt_238        0xffffe574    0x20  Code  Wk  interrupt_table.o [4]
___interrupt_239        0xffffe574    0x20  Code  Wk  interrupt_table.o [4]
___interrupt_24         0xffffe574    0x20  Code  Wk  interrupt_table.o [4]
___interrupt_240        0xffffe574    0x20  Code  Wk  interrupt_table.o [4]
___interrupt_241        0xffffe574    0x20  Code  Wk  interrupt_table.o [4]
___interrupt_242        0xffffe574    0x20  Code  Wk  interrupt_table.o [4]
___interrupt_243        0xffffe574    0x20  Code  Wk  interrupt_table.o [4]
___interrupt_244        0xffffe574    0x20  Code  Wk  interrupt_table.o [4]
___interrupt_245        0xffffe574    0x20  Code  Wk  interrupt_table.o [4]
___interrupt_246        0xffffe574    0x20  Code  Wk  interrupt_table.o [4]
___interrupt_247        0xffffe574    0x20  Code  Wk  interrupt_table.o [4]
___interrupt_248        0xffffe574    0x20  Code  Wk  interrupt_table.o [4]
___interrupt_249        0xffffe574    0x20  Code  Wk  interrupt_table.o [4]
___interrupt_25         0xffffe574    0x20  Code  Wk  interrupt_table.o [4]
___interrupt_250        0xffffe574    0x20  Code  Wk  interrupt_table.o [4]
___interrupt_251        0xffffe574    0x20  Code  Wk  interrupt_table.o [4]
___interrupt_252        0xffffe574    0x20  Code  Wk  interrupt_table.o [4]
___interrupt_253        0xffffe574    0x20  Code  Wk  interrupt_table.o [4]
___interrupt_254        0xffffe574    0x20  Code  Wk  interrupt_table.o [4]
___interrupt_255        0xffffe574    0x20  Code  Wk  interrupt_table.o [4]
___interrupt_26         0xffffe574    0x20  Code  Wk  interrupt_table.o [4]
___interrupt_27         0xffffe574    0x20  Code  Wk  interrupt_table.o [4]
___interrupt_28         0xffffe574    0x20  Code  Wk  interrupt_table.o [4]
___interrupt_29         0xffffe574    0x20  Code  Wk  interrupt_table.o [4]
___interrupt_3          0xffffe574    0x20  Code  Wk  interrupt_table.o [4]
___interrupt_30         0xffffe574    0x20  Code  Wk  interrupt_table.o [4]
___interrupt_31         0xffffe574    0x20  Code  Wk  interrupt_table.o [4]
___interrupt_32         0xffffe574    0x20  Code  Wk  interrupt_table.o [4]
___interrupt_33         0xffffe574    0x20  Code  Wk  interrupt_table.o [4]
___interrupt_34         0xffffe574    0x20  Code  Wk  interrupt_table.o [4]
___interrupt_35         0xffffe574    0x20  Code  Wk  interrupt_table.o [4]
___interrupt_36         0xffffe574    0x20  Code  Wk  interrupt_table.o [4]
___interrupt_37         0xffffe574    0x20  Code  Wk  interrupt_table.o [4]
___interrupt_38         0xffffe574    0x20  Code  Wk  interrupt_table.o [4]
___interrupt_39         0xffffe574    0x20  Code  Wk  interrupt_table.o [4]
___interrupt_4          0xffffe574    0x20  Code  Wk  interrupt_table.o [4]
___interrupt_40         0xffffe574    0x20  Code  Wk  interrupt_table.o [4]
___interrupt_41         0xffffe574    0x20  Code  Wk  interrupt_table.o [4]
___interrupt_42         0xffffe574    0x20  Code  Wk  interrupt_table.o [4]
___interrupt_43         0xffffe574    0x20  Code  Wk  interrupt_table.o [4]
___interrupt_44         0xffffe574    0x20  Code  Wk  interrupt_table.o [4]
___interrupt_45         0xffffe574    0x20  Code  Wk  interrupt_table.o [4]
___interrupt_46         0xffffe574    0x20  Code  Wk  interrupt_table.o [4]
___interrupt_47         0xffffe574    0x20  Code  Wk  interrupt_table.o [4]
___interrupt_48         0xffffe574    0x20  Code  Wk  interrupt_table.o [4]
___interrupt_49         0xffffe574    0x20  Code  Wk  interrupt_table.o [4]
___interrupt_5          0xffffe574    0x20  Code  Wk  interrupt_table.o [4]
___interrupt_50         0xffffe574    0x20  Code  Wk  interrupt_table.o [4]
___interrupt_51         0xffffe574    0x20  Code  Wk  interrupt_table.o [4]
___interrupt_52         0xffffe574    0x20  Code  Wk  interrupt_table.o [4]
___interrupt_53         0xffffe574    0x20  Code  Wk  interrupt_table.o [4]
___interrupt_54         0xffffe574    0x20  Code  Wk  interrupt_table.o [4]
___interrupt_55         0xffffe574    0x20  Code  Wk  interrupt_table.o [4]
___interrupt_56         0xffffe574    0x20  Code  Wk  interrupt_table.o [4]
___interrupt_57         0xffffe574    0x20  Code  Wk  interrupt_table.o [4]
___interrupt_58         0xffffe574    0x20  Code  Wk  interrupt_table.o [4]
___interrupt_59         0xffffe574    0x20  Code  Wk  interrupt_table.o [4]
___interrupt_6          0xffffe574    0x20  Code  Wk  interrupt_table.o [4]
___interrupt_60         0xffffe574    0x20  Code  Wk  interrupt_table.o [4]
___interrupt_61         0xffffe574    0x20  Code  Wk  interrupt_table.o [4]
___interrupt_62         0xffffe574    0x20  Code  Wk  interrupt_table.o [4]
___interrupt_63         0xffffe574    0x20  Code  Wk  interrupt_table.o [4]
___interrupt_64         0xffffe574    0x20  Code  Wk  interrupt_table.o [4]
___interrupt_65         0xffffe574    0x20  Code  Wk  interrupt_table.o [4]
___interrupt_66         0xffffe574    0x20  Code  Wk  interrupt_table.o [4]
___interrupt_67         0xffffe574    0x20  Code  Wk  interrupt_table.o [4]
___interrupt_68         0xffffe574    0x20  Code  Wk  interrupt_table.o [4]
___interrupt_69         0xffffe574    0x20  Code  Wk  interrupt_table.o [4]
___interrupt_7          0xffffe574    0x20  Code  Wk  interrupt_table.o [4]
___interrupt_70         0xffffe574    0x20  Code  Wk  interrupt_table.o [4]
___interrupt_71         0xffffe574    0x20  Code  Wk  interrupt_table.o [4]
___interrupt_72         0xffffe574    0x20  Code  Wk  interrupt_table.o [4]
___interrupt_73         0xffffe574    0x20  Code  Wk  interrupt_table.o [4]
___interrupt_74         0xffffe574    0x20  Code  Wk  interrupt_table.o [4]
___interrupt_75         0xffffe574    0x20  Code  Wk  interrupt_table.o [4]
___interrupt_76         0xffffe574    0x20  Code  Wk  interrupt_table.o [4]
___interrupt_77         0xffffe574    0x20  Code  Wk  interrupt_table.o [4]
___interrupt_78         0xffffe574    0x20  Code  Wk  interrupt_table.o [4]
___interrupt_79         0xffffe574    0x20  Code  Wk  interrupt_table.o [4]
___interrupt_8          0xffffe574    0x20  Code  Wk  interrupt_table.o [4]
___interrupt_80         0xffffe574    0x20  Code  Wk  interrupt_table.o [4]
___interrupt_81         0xffffe574    0x20  Code  Wk  interrupt_table.o [4]
___interrupt_82         0xffffe574    0x20  Code  Wk  interrupt_table.o [4]
___interrupt_83         0xffffe574    0x20  Code  Wk  interrupt_table.o [4]
___interrupt_84         0xffffe574    0x20  Code  Wk  interrupt_table.o [4]
___interrupt_85         0xffffe574    0x20  Code  Wk  interrupt_table.o [4]
___interrupt_86         0xffffe574    0x20  Code  Wk  interrupt_table.o [4]
___interrupt_87         0xffffe574    0x20  Code  Wk  interrupt_table.o [4]
___interrupt_88         0xffffe574    0x20  Code  Wk  interrupt_table.o [4]
___interrupt_89         0xffffe574    0x20  Code  Wk  interrupt_table.o [4]
___interrupt_9          0xffffe574    0x20  Code  Wk  interrupt_table.o [4]
___interrupt_90         0xffffe574    0x20  Code  Wk  interrupt_table.o [4]
___interrupt_91         0xffffe574    0x20  Code  Wk  interrupt_table.o [4]
___interrupt_92         0xffffe574    0x20  Code  Wk  interrupt_table.o [4]
___interrupt_93         0xffffe574    0x20  Code  Wk  interrupt_table.o [4]
___interrupt_94         0xffffe574    0x20  Code  Wk  interrupt_table.o [4]
___interrupt_95         0xffffe574    0x20  Code  Wk  interrupt_table.o [4]
___interrupt_96         0xffffe574    0x20  Code  Wk  interrupt_table.o [4]
___interrupt_97         0xffffe574    0x20  Code  Wk  interrupt_table.o [4]
___interrupt_98         0xffffe574    0x20  Code  Wk  interrupt_table.o [4]
___interrupt_99         0xffffe574    0x20  Code  Wk  interrupt_table.o [4]
___privileged_handler   0xffffe4ba          Code  Wk  def_nmi_handlers.o [4]
___rxabi_assert         0xffffdc7f    0x89  Code  Gb  xassert.o [4]
___undefined_handler    0xffffe4ba          Code  Wk  def_nmi_handlers.o [4]
___write                0xffffe1f4     0xa  Code  Gb  __dbg_xxwrite.o [3]
__exit                  0xffffe51b          Code  Gb  cexit.o [4]
__float_placeholder     0xffffe4ba          Code  Wk  def_nmi_handlers.o [4]
__iar_cstart_end        0xffffe502          Code  Gb  cstartup.o [1]
__iar_main_call         0xffffe4f2          Code  Gb  cstartup.o [1]
__iar_program_start     0xffffe4e0          Code  Gb  cstartup.o [1]
__iar_reset_vector      0xfffffffc          Data  Gb  nmivec.o [4]
_abort                  0xffffdf0d     0xf  Code  Gb  __dbg_abort.o [3]
_default_handler        0xffffe574    0x20  Code  Gb  interrupt_table.o [4]
_exit                   0xffffe517     0x4  Code  Gb  exit.o [4]
_g_led5_stack           0x00005644   0x200  Data  Lc  exercise5.o [1]
_g_led5_tcb             0x00006444    0xc4  Data  Lc  exercise5.o [1]
_g_led6_stack           0x00005844   0x200  Data  Lc  exercise5.o [1]
_g_led6_tcb             0x00006508    0xc4  Data  Lc  exercise5.o [1]
_g_startup_stack        0x00005a44   0x200  Data  Lc  exercise5.o [1]
_g_startup_tcb          0x000065cc    0xc4  Data  Lc  exercise5.o [1]
_led5_task              0xffffda14    0x63  Code  Gb  exercise5.o [1]
_led6_task              0xffffd9b2    0x62  Code  Gb  exercise5.o [1]
_led_mutex              0x00006a24    0x30  Data  Gb  exercise5.o [1]
_main                   0xffffd852    0xad  Code  Gb  exercise5.o [1]
_out                    0xffffdef8    0x15  Code  Lc  xreportassert.o [4]
_putchar                0xffffe0f8    0x25  Code  Gb  putchar.o [4]
_startup_task           0xffffd8ff    0xb3  Code  Gb  exercise5.o [1]
_vector_table           0xffffd0c8   0x400  Data  Gb  interrupt_table.o [4]


[1] = C:\Embed_v2\Exercises\HandsOn\Exercise5\Debug\Obj
[2] = command line
[3] = dbgrxlld.a
[4] = dlrxflln.a

  17 301 bytes of readonly  code memory
   8 931 bytes of readonly  data memory
  28 026 bytes of readwrite data memory

Errors: none
Warnings: none
