###############################################################################
#
# IAR ELF Linker V2.60.1.1702 for Renesas RX              21/Oct/2015  14:49:26
# Copyright 2009-2014 IAR Systems AB.
#
#    Output file  =  
#        C:\Embed_v2\Exercises\HandsOn\Exercise7\Debug\Exe\Exercise7.out
#    Map file     =  
#        C:\Embed_v2\Exercises\HandsOn\Exercise7\Debug\List\Exercise7.map
#    Command line =  
#        C:\Embed_v2\Exercises\HandsOn\Exercise7\Debug\Obj\adc.o
#        C:\Embed_v2\Exercises\HandsOn\Exercise7\Debug\Obj\adcisr.o
#        C:\Embed_v2\Exercises\HandsOn\Exercise7\Debug\Obj\bsp.o
#        C:\Embed_v2\Exercises\HandsOn\Exercise7\Debug\Obj\bsp_glcd.o
#        C:\Embed_v2\Exercises\HandsOn\Exercise7\Debug\Obj\bsp_int.o
#        C:\Embed_v2\Exercises\HandsOn\Exercise7\Debug\Obj\bsp_led.o
#        C:\Embed_v2\Exercises\HandsOn\Exercise7\Debug\Obj\bsp_misc.o
#        C:\Embed_v2\Exercises\HandsOn\Exercise7\Debug\Obj\bsp_os.o
#        C:\Embed_v2\Exercises\HandsOn\Exercise7\Debug\Obj\bsp_ser.o
#        C:\Embed_v2\Exercises\HandsOn\Exercise7\Debug\Obj\bsp_sys.o
#        C:\Embed_v2\Exercises\HandsOn\Exercise7\Debug\Obj\cpu_bsp.o
#        C:\Embed_v2\Exercises\HandsOn\Exercise7\Debug\Obj\cpu_core.o
#        C:\Embed_v2\Exercises\HandsOn\Exercise7\Debug\Obj\cstartup.o
#        C:\Embed_v2\Exercises\HandsOn\Exercise7\Debug\Obj\exercise7.o
#        C:\Embed_v2\Exercises\HandsOn\Exercise7\Debug\Obj\font_8x8.o
#        C:\Embed_v2\Exercises\HandsOn\Exercise7\Debug\Obj\font_x5x7.o
#        C:\Embed_v2\Exercises\HandsOn\Exercise7\Debug\Obj\Glyph.o
#        C:\Embed_v2\Exercises\HandsOn\Exercise7\Debug\Obj\GlyphRegister.o
#        C:\Embed_v2\Exercises\HandsOn\Exercise7\Debug\Obj\interrupts.o
#        C:\Embed_v2\Exercises\HandsOn\Exercise7\Debug\Obj\lib_ascii.o
#        C:\Embed_v2\Exercises\HandsOn\Exercise7\Debug\Obj\lib_math.o
#        C:\Embed_v2\Exercises\HandsOn\Exercise7\Debug\Obj\lib_mem.o
#        C:\Embed_v2\Exercises\HandsOn\Exercise7\Debug\Obj\lib_str.o
#        C:\Embed_v2\Exercises\HandsOn\Exercise7\Debug\Obj\os_app_hooks.o
#        C:\Embed_v2\Exercises\HandsOn\Exercise7\Debug\Obj\os_bsp.o
#        C:\Embed_v2\Exercises\HandsOn\Exercise7\Debug\Obj\os_cfg_app.o
#        C:\Embed_v2\Exercises\HandsOn\Exercise7\Debug\Obj\os_core.o
#        C:\Embed_v2\Exercises\HandsOn\Exercise7\Debug\Obj\os_cpu_a.o
#        C:\Embed_v2\Exercises\HandsOn\Exercise7\Debug\Obj\os_cpu_c.o
#        C:\Embed_v2\Exercises\HandsOn\Exercise7\Debug\Obj\os_dbg.o
#        C:\Embed_v2\Exercises\HandsOn\Exercise7\Debug\Obj\os_flag.o
#        C:\Embed_v2\Exercises\HandsOn\Exercise7\Debug\Obj\os_int.o
#        C:\Embed_v2\Exercises\HandsOn\Exercise7\Debug\Obj\os_mem.o
#        C:\Embed_v2\Exercises\HandsOn\Exercise7\Debug\Obj\os_msg.o
#        C:\Embed_v2\Exercises\HandsOn\Exercise7\Debug\Obj\os_mutex.o
#        C:\Embed_v2\Exercises\HandsOn\Exercise7\Debug\Obj\os_pend_multi.o
#        C:\Embed_v2\Exercises\HandsOn\Exercise7\Debug\Obj\os_prio.o
#        C:\Embed_v2\Exercises\HandsOn\Exercise7\Debug\Obj\os_q.o
#        C:\Embed_v2\Exercises\HandsOn\Exercise7\Debug\Obj\os_sem.o
#        C:\Embed_v2\Exercises\HandsOn\Exercise7\Debug\Obj\os_stat.o
#        C:\Embed_v2\Exercises\HandsOn\Exercise7\Debug\Obj\os_task.o
#        C:\Embed_v2\Exercises\HandsOn\Exercise7\Debug\Obj\os_tick.o
#        C:\Embed_v2\Exercises\HandsOn\Exercise7\Debug\Obj\os_time.o
#        C:\Embed_v2\Exercises\HandsOn\Exercise7\Debug\Obj\os_tmr.o
#        C:\Embed_v2\Exercises\HandsOn\Exercise7\Debug\Obj\os_var.o
#        C:\Embed_v2\Exercises\HandsOn\Exercise7\Debug\Obj\pushbutton.o
#        C:\Embed_v2\Exercises\HandsOn\Exercise7\Debug\Obj\ST7579_LCD.o
#        C:\Embed_v2\Exercises\HandsOn\Exercise7\Debug\Obj\YRDKRX63N_RSPI0.o
#        --redirect __Printf=__PrintfSmall --redirect __Scanf=__ScanfFull -o
#        C:\Embed_v2\Exercises\HandsOn\Exercise7\Debug\Exe\Exercise7.out --map
#        C:\Embed_v2\Exercises\HandsOn\Exercise7\Debug\List\Exercise7.map
#        --config "C:\Program Files (x86)\IAR Systems\Embedded Workbench
#        7.0\rx\CONFIG\lnkr5f563nb.icf" --config_def _USTACK_SIZE=0x0
#        --config_def _ISTACK_SIZE=0x200 --config_def _HEAP_SIZE=0x800 --entry
#        __iar_program_start --debug_lib --inline --vfe
#
###############################################################################

*******************************************************************************
*** RUNTIME MODEL ATTRIBUTES
***

__SystemLibrary            = DLib
__calling_conv             = abi10
__core                     = 1
__dlib_file_descriptor     = 0
__dlib_full_locale_support = 0
__double_size              = 32
__endian                   = l
__fpu                      = 1
__int_size                 = 32
__lock_R10                 = 0
__lock_R11                 = 0
__lock_R12                 = 0
__lock_R13                 = 0
__lock_R8                  = 0
__lock_R9                  = 0
__rt_version               = 5


*******************************************************************************
*** PLACEMENT SUMMARY
***

"A1":  place at 0xffffff80 { ro section .nmivec };
"ROM16":
       place in [from 0xffff8000 to 0xffffffff] {
          ro section .code16*, ro section .data16* };
"ROM24":
       place in [from 0xfff00000 to 0xffffffff] {
          ro section .code24*, ro section .data24* };
"RAM24":
       place in [from 0x00000004 to 0x0001ffff] { rw section .data24* };
"ROM32":
       place in [from 0xfff00000 to 0xffffffff] { ro };
"RAM32":
       place in [from 0x00000004 to 0x0001ffff] {
          rw, ro section D, ro section D_1, ro section D_2, block HEAP,
          block STACKS };

  Section          Kind        Address    Size  Object
  -------          ----        -------    ----  ------
"RAM24":                                0x7714
  .data24.bss      zero     0x00000004  0x5000  lib_mem.o [1]
  .data24.bss      zero     0x00005004   0x640  os_cfg_app.o [1]
  .data24.bss      zero     0x00005644   0x200  exercise7.o [1]
  .data24.bss      zero     0x00005844   0x200  exercise7.o [1]
  .data24.bss      zero     0x00005a44   0x200  exercise7.o [1]
  .data24.bss      zero     0x00005c44   0x200  exercise7.o [1]
  .data24.bss      zero     0x00005e44   0x200  exercise7.o [1]
  .data24.bss      zero     0x00006044   0x200  exercise7.o [1]
  .data24.bss      zero     0x00006244   0x200  exercise7.o [1]
  .data24.bss      zero     0x00006444   0x200  os_cfg_app.o [1]
  .data24.bss      zero     0x00006644   0x200  os_cfg_app.o [1]
  .data24.bss      zero     0x00006844   0x200  os_cfg_app.o [1]
  .data24.bss      zero     0x00006a44   0x200  os_cfg_app.o [1]
  .data24.bss      zero     0x00006c44    0xc4  exercise7.o [1]
  .data24.bss      zero     0x00006d08    0xc4  exercise7.o [1]
  .data24.bss      zero     0x00006dcc    0xc4  exercise7.o [1]
  .data24.bss      zero     0x00006e90    0xc4  exercise7.o [1]
  .data24.bss      zero     0x00006f54    0xc4  exercise7.o [1]
  .data24.bss      zero     0x00007018    0xc4  exercise7.o [1]
  .data24.bss      zero     0x000070dc    0xc4  exercise7.o [1]
  .data24.bss      zero     0x000071a0    0xc4  os_var.o [1]
  .data24.bss      zero     0x00007264    0xc4  os_var.o [1]
  .data24.bss      zero     0x00007328    0xc4  os_var.o [1]
  .data24.bss      zero     0x000073ec    0xc0  os_var.o [1]
  .data24.bss      zero     0x000074ac    0x58  Glyph.o [1]
  .data24.bss      zero     0x00007504    0x30  adc.o [1]
  .data24.bss      zero     0x00007534    0x30  bsp_os.o [1]
  .data24.bss      zero     0x00007564    0x30  exercise7.o [1]
  .data24.bss      zero     0x00007594    0x30  os_var.o [1]
  .data24.bss      zero     0x000075c4    0x28  exercise7.o [1]
  .data24.bss      zero     0x000075ec    0x28  exercise7.o [1]
  .data24.bss      zero     0x00007614    0x14  lib_mem.o [1]
  .data24.bss      zero     0x00007628    0x10  cpu_core.o [1]
  .data24.bss      zero     0x00007638     0xc  Glyph.o [1]
  .data24.bss      zero     0x00007644     0xc  os_var.o [1]
  .data24.bss      zero     0x00007650     0x8  Glyph.o [1]
  .data24.bss      zero     0x00007658     0x8  os_var.o [1]
  .data24.bss      zero     0x00007660     0x8  os_var.o [1]
  .data24.bss      zero     0x00007668     0x4  bsp_glcd.o [1]
  .data24.bss      zero     0x0000766c     0x4  cpu_core.o [1]
  .data24.bss      zero     0x00007670     0x4  cpu_core.o [1]
  .data24.bss      zero     0x00007674     0x4  lib_mem.o [1]
  .data24.bss      zero     0x00007678     0x4  os_cpu_c.o [1]
  .data24.bss      zero     0x0000767c     0x4  os_prio.o [1]
  .data24.bss      zero     0x00007680     0x4  os_var.o [1]
  .data24.bss      zero     0x00007684     0x4  os_var.o [1]
  .data24.bss      zero     0x00007688     0x4  os_var.o [1]
  .data24.bss      zero     0x0000768c     0x4  os_var.o [1]
  .data24.bss      zero     0x00007690     0x4  os_var.o [1]
  .data24.bss      zero     0x00007694     0x4  os_var.o [1]
  .data24.bss      zero     0x00007698     0x4  os_var.o [1]
  .data24.bss      zero     0x0000769c     0x4  os_var.o [1]
  .data24.bss      zero     0x000076a0     0x4  os_var.o [1]
  .data24.bss      zero     0x000076a4     0x4  os_var.o [1]
  .data24.bss      zero     0x000076a8     0x4  os_var.o [1]
  .data24.bss      zero     0x000076ac     0x4  os_var.o [1]
  .data24.bss      zero     0x000076b0     0x4  os_var.o [1]
  .data24.bss      zero     0x000076b4     0x4  os_var.o [1]
  .data24.bss      zero     0x000076b8     0x4  os_var.o [1]
  .data24.bss      zero     0x000076bc     0x4  os_var.o [1]
  .data24.bss      zero     0x000076c0     0x4  os_var.o [1]
  .data24.bss      zero     0x000076c4     0x4  os_var.o [1]
  .data24.bss      zero     0x000076c8     0x4  os_var.o [1]
  .data24.bss      zero     0x000076cc     0x4  os_var.o [1]
  .data24.bss      zero     0x000076d0     0x4  os_var.o [1]
  .data24.bss      zero     0x000076d4     0x4  os_var.o [1]
  .data24.bss      zero     0x000076d8     0x4  os_var.o [1]
  .data24.bss      zero     0x000076dc     0x4  os_var.o [1]
  .data24.bss      zero     0x000076e0     0x4  os_var.o [1]
  .data24.bss      zero     0x000076e4     0x2  adc.o [1]
  .data24.bss      zero     0x000076e6     0x2  adc.o [1]
  .data24.bss      zero     0x000076e8     0x2  cpu_core.o [1]
  .data24.bss      zero     0x000076ea     0x2  cpu_core.o [1]
  .data24.bss      zero     0x000076ec     0x2  cpu_core.o [1]
  .data24.bss      zero     0x000076ee     0x2  cpu_core.o [1]
  .data24.bss      zero     0x000076f0     0x2  cpu_core.o [1]
  .data24.bss      zero     0x000076f2     0x2  cpu_core.o [1]
  .data24.bss      zero     0x000076f4     0x2  cpu_core.o [1]
  .data24.bss      zero     0x000076f6     0x2  cpu_core.o [1]
  .data24.bss      zero     0x000076f8     0x2  os_var.o [1]
  .data24.bss      zero     0x000076fa     0x2  os_var.o [1]
  .data24.bss      zero     0x000076fc     0x2  os_var.o [1]
  .data24.bss      zero     0x000076fe     0x2  os_var.o [1]
  .data24.bss      zero     0x00007700     0x2  os_var.o [1]
  .data24.bss      zero     0x00007702     0x2  os_var.o [1]
  .data24.bss      zero     0x00007704     0x2  os_var.o [1]
  .data24.bss      zero     0x00007706     0x2  os_var.o [1]
  .data24.bss      zero     0x00007708     0x2  os_var.o [1]
  .data24.bss      zero     0x0000770a     0x2  pushbutton.o [1]
  .data24.bss      zero     0x0000770c     0x2  pushbutton.o [1]
  .data24.bss      zero     0x0000770e     0x1  os_var.o [1]
  .data24.bss      zero     0x0000770f     0x1  os_var.o [1]
  .data24.bss      zero     0x00007710     0x1  os_var.o [1]
  .data24.bss      zero     0x00007711     0x1  os_var.o [1]
  .data24.bss      zero     0x00007712     0x1  os_var.o [1]
  .data24.bss      zero     0x00007713     0x1  os_var.o [1]
  .data24.bss      zero     0x00007714     0x1  os_var.o [1]
  .data24.bss      zero     0x00007715     0x1  os_var.o [1]
                          - 0x00007716  0x7712

"RAM32":                                 0x200
  STACKS                    0x00007718   0x200  <Block>
    ISTACK                  0x00007718   0x200  <Block>
      ISTACK       uninit   0x00007718   0x200  <Block tail>
                          - 0x00007918   0x200

"ROM24":                                0x1deb
  .data24.rodata   const    0xfff00000   0x400  font_8x8.o [1]
  .data24.rodata   const    0xfff00400   0x400  font_x5x7.o [1]
  .data24.rodata   const    0xfff00800   0x400  interrupts.o [1]
  .data24.rodata   const    0xfff00c00   0x100  cpu_core.o [1]
  .data24.rodata   const    0xfff00d00    0x34  exercise7.o [1]
  .data24.rodata   const    0xfff00d34    0x30  os_dbg.o [1]
  .data24.rodata   const    0xfff00d64    0x30  os_dbg.o [1]
  .data24.rodata   const    0xfff00d94    0x30  os_dbg.o [1]
  .data24.rodata   const    0xfff00dc4    0x2e  adc.o [1]
  .data24.rodata   const    0xfff00df2     0xa  adc.o [1]
  .data24.rodata   const    0xfff00dfc    0x28  os_dbg.o [1]
  .data24.rodata   const    0xfff00e24    0x28  os_dbg.o [1]
  .data24.rodata   const    0xfff00e4c    0x20  os_dbg.o [1]
  .data24.rodata   const    0xfff00e6c    0x1c  exercise7.o [1]
  .data24.rodata   const    0xfff00e88    0x15  exercise7.o [1]
  .data24.rodata   const    0xfff00e9d    0x15  os_tmr.o [1]
  .data24.rodata   const    0xfff00eb2     0xa  exercise7.o [1]
  .data24.rodata   const    0xfff00ebc    0x14  os_core.o [1]
  .data24.rodata   const    0xfff00ed0    0x14  os_tick.o [1]
  .data24.rodata   const    0xfff00ee4    0x13  adc.o [1]
  .data24.rodata   const    0xfff00ef7    0x13  exercise7.o [1]
  .data24.rodata   const    0xfff00f0a     0xa  font_8x8.o [1]
  .data24.rodata   const    0xfff00f14    0x10  exercise7.o [1]
  .data24.rodata   const    0xfff00f24    0x10  exercise7.o [1]
  .data24.rodata   const    0xfff00f34     0xf  adc.o [1]
  .data24.rodata   const    0xfff00f43     0xd  os_tmr.o [1]
  .data24.rodata   const    0xfff00f50     0xb  bsp_os.o [1]
  .data24.rodata   const    0xfff00f5b     0xb  exercise7.o [1]
  .data24.rodata   const    0xfff00f66     0xb  exercise7.o [1]
  .data24.rodata   const    0xfff00f71     0xa  font_8x8.o [1]
  .data24.rodata   const    0xfff00f7b     0xa  font_8x8.o [1]
  .data24.rodata   const    0xfff00f85     0xa  font_8x8.o [1]
  .data24.rodata   const    0xfff00f8f     0xa  font_8x8.o [1]
  .data24.rodata   const    0xfff00f99     0xa  font_8x8.o [1]
  .data24.rodata   const    0xfff00fa3     0xa  font_8x8.o [1]
  .data24.rodata   const    0xfff00fad     0xa  font_8x8.o [1]
  .data24.rodata   const    0xfff00fb7     0xa  font_8x8.o [1]
  .data24.rodata   const    0xfff00fc1     0xa  font_8x8.o [1]
  .data24.rodata   const    0xfff00fcb     0xa  font_8x8.o [1]
  .data24.rodata   const    0xfff00fd5     0xa  font_8x8.o [1]
  .data24.rodata   const    0xfff00fdf     0xa  font_8x8.o [1]
  .data24.rodata   const    0xfff00fe9     0xa  font_8x8.o [1]
  .data24.rodata   const    0xfff00ff3     0xa  font_8x8.o [1]
  .data24.rodata   const    0xfff00ffd     0xa  font_8x8.o [1]
  .data24.rodata   const    0xfff01007     0xa  font_8x8.o [1]
  .data24.rodata   const    0xfff01011     0xa  font_8x8.o [1]
  .data24.rodata   const    0xfff0101b     0xa  font_8x8.o [1]
  .data24.rodata   const    0xfff01025     0xa  font_8x8.o [1]
  .data24.rodata   const    0xfff0102f     0xa  font_8x8.o [1]
  .data24.rodata   const    0xfff01039     0xa  font_8x8.o [1]
  .data24.rodata   const    0xfff01043     0xa  font_8x8.o [1]
  .data24.rodata   const    0xfff0104d     0xa  font_8x8.o [1]
  .data24.rodata   const    0xfff01057     0xa  font_8x8.o [1]
  .data24.rodata   const    0xfff01061     0xa  font_8x8.o [1]
  .data24.rodata   const    0xfff0106b     0xa  font_8x8.o [1]
  .data24.rodata   const    0xfff01075     0xa  font_8x8.o [1]
  .data24.rodata   const    0xfff0107f     0xa  font_8x8.o [1]
  .data24.rodata   const    0xfff01089     0xa  font_8x8.o [1]
  .data24.rodata   const    0xfff01093     0xa  font_8x8.o [1]
  .data24.rodata   const    0xfff0109d     0xa  font_8x8.o [1]
  .data24.rodata   const    0xfff010a7     0xa  font_8x8.o [1]
  .data24.rodata   const    0xfff010b1     0xa  font_8x8.o [1]
  .data24.rodata   const    0xfff010bb     0xa  font_8x8.o [1]
  .data24.rodata   const    0xfff010c5     0xa  font_8x8.o [1]
  .data24.rodata   const    0xfff010cf     0xa  font_8x8.o [1]
  .data24.rodata   const    0xfff010d9     0xa  font_8x8.o [1]
  .data24.rodata   const    0xfff010e3     0xa  font_8x8.o [1]
  .data24.rodata   const    0xfff010ed     0xa  font_8x8.o [1]
  .data24.rodata   const    0xfff010f7     0xa  font_8x8.o [1]
  .data24.rodata   const    0xfff01101     0xa  font_8x8.o [1]
  .data24.rodata   const    0xfff0110b     0xa  font_8x8.o [1]
  .data24.rodata   const    0xfff01115     0xa  font_8x8.o [1]
  .data24.rodata   const    0xfff0111f     0xa  font_8x8.o [1]
  .data24.rodata   const    0xfff01129     0xa  font_8x8.o [1]
  .data24.rodata   const    0xfff01133     0xa  font_8x8.o [1]
  .data24.rodata   const    0xfff0113d     0xa  font_8x8.o [1]
  .data24.rodata   const    0xfff01147     0xa  font_8x8.o [1]
  .data24.rodata   const    0xfff01151     0xa  font_8x8.o [1]
  .data24.rodata   const    0xfff0115b     0xa  font_8x8.o [1]
  .data24.rodata   const    0xfff01165     0xa  font_8x8.o [1]
  .data24.rodata   const    0xfff0116f     0xa  font_8x8.o [1]
  .data24.rodata   const    0xfff01179     0xa  font_8x8.o [1]
  .data24.rodata   const    0xfff01183     0xa  font_8x8.o [1]
  .data24.rodata   const    0xfff0118d     0xa  font_8x8.o [1]
  .data24.rodata   const    0xfff01197     0xa  font_8x8.o [1]
  .data24.rodata   const    0xfff011a1     0xa  font_8x8.o [1]
  .data24.rodata   const    0xfff011ab     0xa  font_8x8.o [1]
  .data24.rodata   const    0xfff011b5     0xa  font_8x8.o [1]
  .data24.rodata   const    0xfff011bf     0xa  font_8x8.o [1]
  .data24.rodata   const    0xfff011c9     0xa  font_8x8.o [1]
  .data24.rodata   const    0xfff011d3     0xa  font_8x8.o [1]
  .data24.rodata   const    0xfff011dd     0xa  font_8x8.o [1]
  .data24.rodata   const    0xfff011e7     0xa  font_8x8.o [1]
  .data24.rodata   const    0xfff011f1     0xa  font_8x8.o [1]
  .data24.rodata   const    0xfff011fb     0xa  font_8x8.o [1]
  .data24.rodata   const    0xfff01205     0xa  font_8x8.o [1]
  .data24.rodata   const    0xfff0120f     0xa  font_8x8.o [1]
  .data24.rodata   const    0xfff01219     0xa  font_8x8.o [1]
  .data24.rodata   const    0xfff01223     0xa  font_8x8.o [1]
  .data24.rodata   const    0xfff0122d     0xa  font_8x8.o [1]
  .data24.rodata   const    0xfff01237     0xa  font_8x8.o [1]
  .data24.rodata   const    0xfff01241     0xa  font_8x8.o [1]
  .data24.rodata   const    0xfff0124b     0xa  font_8x8.o [1]
  .data24.rodata   const    0xfff01255     0xa  font_8x8.o [1]
  .data24.rodata   const    0xfff0125f     0xa  font_8x8.o [1]
  .data24.rodata   const    0xfff01269     0xa  font_8x8.o [1]
  .data24.rodata   const    0xfff01273     0xa  font_8x8.o [1]
  .data24.rodata   const    0xfff0127d     0xa  font_8x8.o [1]
  .data24.rodata   const    0xfff01287     0xa  font_8x8.o [1]
  .data24.rodata   const    0xfff01291     0xa  font_8x8.o [1]
  .data24.rodata   const    0xfff0129b     0xa  font_8x8.o [1]
  .data24.rodata   const    0xfff012a5     0xa  font_8x8.o [1]
  .data24.rodata   const    0xfff012af     0xa  font_8x8.o [1]
  .data24.rodata   const    0xfff012b9     0xa  font_8x8.o [1]
  .data24.rodata   const    0xfff012c3     0xa  font_8x8.o [1]
  .data24.rodata   const    0xfff012cd     0xa  font_8x8.o [1]
  .data24.rodata   const    0xfff012d7     0xa  font_8x8.o [1]
  .data24.rodata   const    0xfff012e1     0xa  font_8x8.o [1]
  .data24.rodata   const    0xfff012eb     0xa  font_8x8.o [1]
  .data24.rodata   const    0xfff012f5     0xa  font_8x8.o [1]
  .data24.rodata   const    0xfff012ff     0xa  font_8x8.o [1]
  .data24.rodata   const    0xfff01309     0xa  font_8x8.o [1]
  .data24.rodata   const    0xfff01313     0xa  font_8x8.o [1]
  .data24.rodata   const    0xfff0131d     0xa  font_8x8.o [1]
  .data24.rodata   const    0xfff01327     0xa  font_8x8.o [1]
  .data24.rodata   const    0xfff01331     0xa  font_8x8.o [1]
  .data24.rodata   const    0xfff0133b     0xa  font_8x8.o [1]
  .data24.rodata   const    0xfff01345     0xa  font_8x8.o [1]
  .data24.rodata   const    0xfff0134f     0xa  font_8x8.o [1]
  .data24.rodata   const    0xfff01359     0xa  font_8x8.o [1]
  .data24.rodata   const    0xfff01363     0xa  font_8x8.o [1]
  .data24.rodata   const    0xfff0136d     0xa  font_8x8.o [1]
  .data24.rodata   const    0xfff01377     0xa  font_8x8.o [1]
  .data24.rodata   const    0xfff01381     0xa  font_8x8.o [1]
  .data24.rodata   const    0xfff0138b     0xa  font_8x8.o [1]
  .data24.rodata   const    0xfff01395     0xa  font_8x8.o [1]
  .data24.rodata   const    0xfff0139f     0xa  font_8x8.o [1]
  .data24.rodata   const    0xfff013a9     0xa  font_8x8.o [1]
  .data24.rodata   const    0xfff013b3     0xa  font_8x8.o [1]
  .data24.rodata   const    0xfff013bd     0xa  font_8x8.o [1]
  .data24.rodata   const    0xfff013c7     0xa  font_8x8.o [1]
  .data24.rodata   const    0xfff013d1     0xa  font_8x8.o [1]
  .data24.rodata   const    0xfff013db     0xa  font_8x8.o [1]
  .data24.rodata   const    0xfff013e5     0xa  font_8x8.o [1]
  .data24.rodata   const    0xfff013ef     0xa  font_8x8.o [1]
  .data24.rodata   const    0xfff013f9     0xa  font_8x8.o [1]
  .data24.rodata   const    0xfff01403     0xa  font_8x8.o [1]
  .data24.rodata   const    0xfff0140d     0xa  font_8x8.o [1]
  .data24.rodata   const    0xfff01417     0xa  font_8x8.o [1]
  .data24.rodata   const    0xfff01421     0xa  font_8x8.o [1]
  .data24.rodata   const    0xfff0142b     0xa  font_8x8.o [1]
  .data24.rodata   const    0xfff01435     0xa  font_8x8.o [1]
  .data24.rodata   const    0xfff0143f     0xa  font_8x8.o [1]
  .data24.rodata   const    0xfff01449     0xa  font_8x8.o [1]
  .data24.rodata   const    0xfff01453     0xa  font_8x8.o [1]
  .data24.rodata   const    0xfff0145d     0xa  font_8x8.o [1]
  .data24.rodata   const    0xfff01467     0xa  font_8x8.o [1]
  .data24.rodata   const    0xfff01471     0xa  font_8x8.o [1]
  .data24.rodata   const    0xfff0147b     0xa  font_8x8.o [1]
  .data24.rodata   const    0xfff01485     0xa  font_8x8.o [1]
  .data24.rodata   const    0xfff0148f     0xa  font_8x8.o [1]
  .data24.rodata   const    0xfff01499     0xa  font_8x8.o [1]
  .data24.rodata   const    0xfff014a3     0xa  font_8x8.o [1]
  .data24.rodata   const    0xfff014ad     0xa  font_8x8.o [1]
  .data24.rodata   const    0xfff014b7     0xa  font_8x8.o [1]
  .data24.rodata   const    0xfff014c1     0xa  font_8x8.o [1]
  .data24.rodata   const    0xfff014cb     0xa  font_8x8.o [1]
  .data24.rodata   const    0xfff014d5     0xa  font_8x8.o [1]
  .data24.rodata   const    0xfff014df     0xa  font_8x8.o [1]
  .data24.rodata   const    0xfff014e9     0xa  font_8x8.o [1]
  .data24.rodata   const    0xfff014f3     0xa  font_8x8.o [1]
  .data24.rodata   const    0xfff014fd     0xa  font_8x8.o [1]
  .data24.rodata   const    0xfff01507     0xa  font_8x8.o [1]
  .data24.rodata   const    0xfff01511     0xa  font_8x8.o [1]
  .data24.rodata   const    0xfff0151b     0xa  font_8x8.o [1]
  .data24.rodata   const    0xfff01525     0xa  font_8x8.o [1]
  .data24.rodata   const    0xfff0152f     0xa  font_8x8.o [1]
  .data24.rodata   const    0xfff01539     0xa  font_8x8.o [1]
  .data24.rodata   const    0xfff01543     0xa  font_8x8.o [1]
  .data24.rodata   const    0xfff0154d     0xa  font_8x8.o [1]
  .data24.rodata   const    0xfff01557     0xa  font_8x8.o [1]
  .data24.rodata   const    0xfff01561     0xa  font_8x8.o [1]
  .data24.rodata   const    0xfff0156b     0xa  font_8x8.o [1]
  .data24.rodata   const    0xfff01575     0xa  font_8x8.o [1]
  .data24.rodata   const    0xfff0157f     0xa  font_8x8.o [1]
  .data24.rodata   const    0xfff01589     0xa  font_8x8.o [1]
  .data24.rodata   const    0xfff01593     0xa  font_8x8.o [1]
  .data24.rodata   const    0xfff0159d     0xa  font_8x8.o [1]
  .data24.rodata   const    0xfff015a7     0xa  font_8x8.o [1]
  .data24.rodata   const    0xfff015b1     0xa  font_8x8.o [1]
  .data24.rodata   const    0xfff015bb     0xa  font_8x8.o [1]
  .data24.rodata   const    0xfff015c5     0xa  font_8x8.o [1]
  .data24.rodata   const    0xfff015cf     0xa  font_8x8.o [1]
  .data24.rodata   const    0xfff015d9     0xa  font_8x8.o [1]
  .data24.rodata   const    0xfff015e3     0xa  font_8x8.o [1]
  .data24.rodata   const    0xfff015ed     0xa  font_8x8.o [1]
  .data24.rodata   const    0xfff015f7     0xa  font_8x8.o [1]
  .data24.rodata   const    0xfff01601     0xa  font_8x8.o [1]
  .data24.rodata   const    0xfff0160b     0xa  font_8x8.o [1]
  .data24.rodata   const    0xfff01615     0xa  font_8x8.o [1]
  .data24.rodata   const    0xfff0161f     0xa  font_8x8.o [1]
  .data24.rodata   const    0xfff01629     0xa  font_8x8.o [1]
  .data24.rodata   const    0xfff01633     0xa  font_8x8.o [1]
  .data24.rodata   const    0xfff0163d     0xa  font_8x8.o [1]
  .data24.rodata   const    0xfff01647     0xa  font_8x8.o [1]
  .data24.rodata   const    0xfff01651     0xa  font_8x8.o [1]
  .data24.rodata   const    0xfff0165b     0xa  font_8x8.o [1]
  .data24.rodata   const    0xfff01665     0xa  font_8x8.o [1]
  .data24.rodata   const    0xfff0166f     0xa  font_8x8.o [1]
  .data24.rodata   const    0xfff01679     0xa  font_8x8.o [1]
  .data24.rodata   const    0xfff01683     0xa  font_8x8.o [1]
  .data24.rodata   const    0xfff0168d     0xa  font_8x8.o [1]
  .data24.rodata   const    0xfff01697     0xa  font_8x8.o [1]
  .data24.rodata   const    0xfff016a1     0xa  font_8x8.o [1]
  .data24.rodata   const    0xfff016ab     0xa  font_8x8.o [1]
  .data24.rodata   const    0xfff016b5     0xa  font_8x8.o [1]
  .data24.rodata   const    0xfff016bf     0xa  font_8x8.o [1]
  .data24.rodata   const    0xfff016c9     0xa  font_8x8.o [1]
  .data24.rodata   const    0xfff016d3     0xa  font_8x8.o [1]
  .data24.rodata   const    0xfff016dd     0xa  font_8x8.o [1]
  .data24.rodata   const    0xfff016e7     0xa  font_8x8.o [1]
  .data24.rodata   const    0xfff016f1     0xa  font_8x8.o [1]
  .data24.rodata   const    0xfff016fb     0xa  font_8x8.o [1]
  .data24.rodata   const    0xfff01705     0xa  font_8x8.o [1]
  .data24.rodata   const    0xfff0170f     0xa  font_8x8.o [1]
  .data24.rodata   const    0xfff01719     0xa  font_8x8.o [1]
  .data24.rodata   const    0xfff01723     0xa  font_8x8.o [1]
  .data24.rodata   const    0xfff0172d     0xa  font_8x8.o [1]
  .data24.rodata   const    0xfff01737     0xa  font_8x8.o [1]
  .data24.rodata   const    0xfff01741     0xa  font_8x8.o [1]
  .data24.rodata   const    0xfff0174b     0xa  font_8x8.o [1]
  .data24.rodata   const    0xfff01755     0xa  font_8x8.o [1]
  .data24.rodata   const    0xfff0175f     0xa  font_8x8.o [1]
  .data24.rodata   const    0xfff01769     0xa  font_8x8.o [1]
  .data24.rodata   const    0xfff01773     0xa  font_8x8.o [1]
  .data24.rodata   const    0xfff0177d     0xa  font_8x8.o [1]
  .data24.rodata   const    0xfff01787     0xa  font_8x8.o [1]
  .data24.rodata   const    0xfff01791     0xa  font_8x8.o [1]
  .data24.rodata   const    0xfff0179b     0xa  font_8x8.o [1]
  .data24.rodata   const    0xfff017a5     0xa  font_8x8.o [1]
  .data24.rodata   const    0xfff017af     0xa  font_8x8.o [1]
  .data24.rodata   const    0xfff017b9     0xa  font_8x8.o [1]
  .data24.rodata   const    0xfff017c3     0xa  font_8x8.o [1]
  .data24.rodata   const    0xfff017cd     0xa  font_8x8.o [1]
  .data24.rodata   const    0xfff017d7     0xa  font_8x8.o [1]
  .data24.rodata   const    0xfff017e1     0xa  font_8x8.o [1]
  .data24.rodata   const    0xfff017eb     0xa  font_8x8.o [1]
  .data24.rodata   const    0xfff017f5     0xa  font_8x8.o [1]
  .data24.rodata   const    0xfff017ff     0xa  font_8x8.o [1]
  .data24.rodata   const    0xfff01809     0xa  font_8x8.o [1]
  .data24.rodata   const    0xfff01813     0xa  font_8x8.o [1]
  .data24.rodata   const    0xfff0181d     0xa  font_8x8.o [1]
  .data24.rodata   const    0xfff01827     0xa  font_8x8.o [1]
  .data24.rodata   const    0xfff01831     0xa  font_8x8.o [1]
  .data24.rodata   const    0xfff0183b     0xa  font_8x8.o [1]
  .data24.rodata   const    0xfff01845     0xa  font_8x8.o [1]
  .data24.rodata   const    0xfff0184f     0xa  font_8x8.o [1]
  .data24.rodata   const    0xfff01859     0xa  font_8x8.o [1]
  .data24.rodata   const    0xfff01863     0xa  font_8x8.o [1]
  .data24.rodata   const    0xfff0186d     0xa  font_8x8.o [1]
  .data24.rodata   const    0xfff01877     0xa  font_8x8.o [1]
  .data24.rodata   const    0xfff01881     0xa  font_8x8.o [1]
  .data24.rodata   const    0xfff0188b     0xa  font_8x8.o [1]
  .data24.rodata   const    0xfff01895     0xa  font_8x8.o [1]
  .data24.rodata   const    0xfff0189f     0xa  font_8x8.o [1]
  .data24.rodata   const    0xfff018a9     0xa  font_8x8.o [1]
  .data24.rodata   const    0xfff018b3     0xa  font_8x8.o [1]
  .data24.rodata   const    0xfff018bd     0xa  font_8x8.o [1]
  .data24.rodata   const    0xfff018c7     0xa  font_8x8.o [1]
  .data24.rodata   const    0xfff018d1     0xa  font_8x8.o [1]
  .data24.rodata   const    0xfff018db     0xa  font_8x8.o [1]
  .data24.rodata   const    0xfff018e5     0xa  font_8x8.o [1]
  .data24.rodata   const    0xfff018ef     0xa  font_8x8.o [1]
  .data24.rodata   const    0xfff018f9     0xa  font_8x8.o [1]
  .data24.rodata   const    0xfff01903     0xa  font_8x8.o [1]
  .data24.rodata   const    0xfff0190d     0xa  font_8x8.o [1]
  .data24.rodata   const    0xfff01917     0xa  font_8x8.o [1]
  .data24.rodata   const    0xfff01921     0xa  font_8x8.o [1]
  .data24.rodata   const    0xfff0192b     0xa  font_8x8.o [1]
  .data24.rodata   const    0xfff01935     0xa  font_8x8.o [1]
  .data24.rodata   const    0xfff0193f     0xa  font_8x8.o [1]
  .data24.rodata   const    0xfff01949     0xa  font_8x8.o [1]
  .data24.rodata   const    0xfff01953     0xa  font_8x8.o [1]
  .data24.rodata   const    0xfff0195d     0xa  font_8x8.o [1]
  .data24.rodata   const    0xfff01967     0xa  ST7579_LCD.o [1]
  .data24.rodata   const    0xfff01971     0x9  exercise7.o [1]
  .data24.rodata   const    0xfff0197a     0x9  os_core.o [1]
  .data24.rodata   const    0xfff01983     0x9  pushbutton.o [1]
  .data24.rodata   const    0xfff0198c     0x9  pushbutton.o [1]
  .data24.rodata   const    0xfff01995     0x7  font_x5x7.o [1]
  .data24.rodata   const    0xfff0199c     0x8  exercise7.o [1]
  .data24.rodata   const    0xfff019a4     0x7  font_x5x7.o [1]
  .data24.rodata   const    0xfff019ab     0x7  font_x5x7.o [1]
  .data24.rodata   const    0xfff019b2     0x7  font_x5x7.o [1]
  .data24.rodata   const    0xfff019b9     0x7  font_x5x7.o [1]
  .data24.rodata   const    0xfff019c0     0x7  font_x5x7.o [1]
  .data24.rodata   const    0xfff019c7     0x7  font_x5x7.o [1]
  .data24.rodata   const    0xfff019ce     0x7  font_x5x7.o [1]
  .data24.rodata   const    0xfff019d5     0x7  font_x5x7.o [1]
  .data24.rodata   const    0xfff019dc     0x7  font_x5x7.o [1]
  .data24.rodata   const    0xfff019e3     0x7  font_x5x7.o [1]
  .data24.rodata   const    0xfff019ea     0x7  font_x5x7.o [1]
  .data24.rodata   const    0xfff019f1     0x7  font_x5x7.o [1]
  .data24.rodata   const    0xfff019f8     0x7  font_x5x7.o [1]
  .data24.rodata   const    0xfff019ff     0x7  font_x5x7.o [1]
  .data24.rodata   const    0xfff01a06     0x7  font_x5x7.o [1]
  .data24.rodata   const    0xfff01a0d     0x7  font_x5x7.o [1]
  .data24.rodata   const    0xfff01a14     0x7  font_x5x7.o [1]
  .data24.rodata   const    0xfff01a1b     0x7  font_x5x7.o [1]
  .data24.rodata   const    0xfff01a22     0x7  font_x5x7.o [1]
  .data24.rodata   const    0xfff01a29     0x7  font_x5x7.o [1]
  .data24.rodata   const    0xfff01a30     0x7  font_x5x7.o [1]
  .data24.rodata   const    0xfff01a37     0x7  font_x5x7.o [1]
  .data24.rodata   const    0xfff01a3e     0x7  font_x5x7.o [1]
  .data24.rodata   const    0xfff01a45     0x7  font_x5x7.o [1]
  .data24.rodata   const    0xfff01a4c     0x7  font_x5x7.o [1]
  .data24.rodata   const    0xfff01a53     0x7  font_x5x7.o [1]
  .data24.rodata   const    0xfff01a5a     0x7  font_x5x7.o [1]
  .data24.rodata   const    0xfff01a61     0x7  font_x5x7.o [1]
  .data24.rodata   const    0xfff01a68     0x7  font_x5x7.o [1]
  .data24.rodata   const    0xfff01a6f     0x7  font_x5x7.o [1]
  .data24.rodata   const    0xfff01a76     0x7  font_x5x7.o [1]
  .data24.rodata   const    0xfff01a7d     0x7  font_x5x7.o [1]
  .data24.rodata   const    0xfff01a84     0x7  font_x5x7.o [1]
  .data24.rodata   const    0xfff01a8b     0x7  font_x5x7.o [1]
  .data24.rodata   const    0xfff01a92     0x7  font_x5x7.o [1]
  .data24.rodata   const    0xfff01a99     0x7  font_x5x7.o [1]
  .data24.rodata   const    0xfff01aa0     0x7  font_x5x7.o [1]
  .data24.rodata   const    0xfff01aa7     0x7  font_x5x7.o [1]
  .data24.rodata   const    0xfff01aae     0x7  font_x5x7.o [1]
  .data24.rodata   const    0xfff01ab5     0x7  font_x5x7.o [1]
  .data24.rodata   const    0xfff01abc     0x7  font_x5x7.o [1]
  .data24.rodata   const    0xfff01ac3     0x7  font_x5x7.o [1]
  .data24.rodata   const    0xfff01aca     0x7  font_x5x7.o [1]
  .data24.rodata   const    0xfff01ad1     0x7  font_x5x7.o [1]
  .data24.rodata   const    0xfff01ad8     0x7  font_x5x7.o [1]
  .data24.rodata   const    0xfff01adf     0x7  font_x5x7.o [1]
  .data24.rodata   const    0xfff01ae6     0x7  font_x5x7.o [1]
  .data24.rodata   const    0xfff01aed     0x7  font_x5x7.o [1]
  .data24.rodata   const    0xfff01af4     0x7  font_x5x7.o [1]
  .data24.rodata   const    0xfff01afb     0x7  font_x5x7.o [1]
  .data24.rodata   const    0xfff01b02     0x7  font_x5x7.o [1]
  .data24.rodata   const    0xfff01b09     0x7  font_x5x7.o [1]
  .data24.rodata   const    0xfff01b10     0x7  font_x5x7.o [1]
  .data24.rodata   const    0xfff01b17     0x7  font_x5x7.o [1]
  .data24.rodata   const    0xfff01b1e     0x7  font_x5x7.o [1]
  .data24.rodata   const    0xfff01b25     0x7  font_x5x7.o [1]
  .data24.rodata   const    0xfff01b2c     0x7  font_x5x7.o [1]
  .data24.rodata   const    0xfff01b33     0x7  font_x5x7.o [1]
  .data24.rodata   const    0xfff01b3a     0x7  font_x5x7.o [1]
  .data24.rodata   const    0xfff01b41     0x7  font_x5x7.o [1]
  .data24.rodata   const    0xfff01b48     0x7  font_x5x7.o [1]
  .data24.rodata   const    0xfff01b4f     0x7  font_x5x7.o [1]
  .data24.rodata   const    0xfff01b56     0x7  font_x5x7.o [1]
  .data24.rodata   const    0xfff01b5d     0x7  font_x5x7.o [1]
  .data24.rodata   const    0xfff01b64     0x7  font_x5x7.o [1]
  .data24.rodata   const    0xfff01b6b     0x7  font_x5x7.o [1]
  .data24.rodata   const    0xfff01b72     0x7  font_x5x7.o [1]
  .data24.rodata   const    0xfff01b79     0x7  font_x5x7.o [1]
  .data24.rodata   const    0xfff01b80     0x7  font_x5x7.o [1]
  .data24.rodata   const    0xfff01b87     0x7  font_x5x7.o [1]
  .data24.rodata   const    0xfff01b8e     0x7  font_x5x7.o [1]
  .data24.rodata   const    0xfff01b95     0x7  font_x5x7.o [1]
  .data24.rodata   const    0xfff01b9c     0x7  font_x5x7.o [1]
  .data24.rodata   const    0xfff01ba3     0x7  font_x5x7.o [1]
  .data24.rodata   const    0xfff01baa     0x7  font_x5x7.o [1]
  .data24.rodata   const    0xfff01bb1     0x7  font_x5x7.o [1]
  .data24.rodata   const    0xfff01bb8     0x7  font_x5x7.o [1]
  .data24.rodata   const    0xfff01bbf     0x7  font_x5x7.o [1]
  .data24.rodata   const    0xfff01bc6     0x7  font_x5x7.o [1]
  .data24.rodata   const    0xfff01bcd     0x7  font_x5x7.o [1]
  .data24.rodata   const    0xfff01bd4     0x7  font_x5x7.o [1]
  .data24.rodata   const    0xfff01bdb     0x7  font_x5x7.o [1]
  .data24.rodata   const    0xfff01be2     0x7  font_x5x7.o [1]
  .data24.rodata   const    0xfff01be9     0x7  font_x5x7.o [1]
  .data24.rodata   const    0xfff01bf0     0x7  font_x5x7.o [1]
  .data24.rodata   const    0xfff01bf7     0x7  font_x5x7.o [1]
  .data24.rodata   const    0xfff01bfe     0x7  font_x5x7.o [1]
  .data24.rodata   const    0xfff01c05     0x7  font_x5x7.o [1]
  .data24.rodata   const    0xfff01c0c     0x7  font_x5x7.o [1]
  .data24.rodata   const    0xfff01c13     0x7  font_x5x7.o [1]
  .data24.rodata   const    0xfff01c1a     0x7  font_x5x7.o [1]
  .data24.rodata   const    0xfff01c21     0x7  font_x5x7.o [1]
  .data24.rodata   const    0xfff01c28     0x7  font_x5x7.o [1]
  .data24.rodata   const    0xfff01c2f     0x7  font_x5x7.o [1]
  .data24.rodata   const    0xfff01c36     0x7  font_x5x7.o [1]
  .data24.rodata   const    0xfff01c3d     0x7  font_x5x7.o [1]
  .data24.rodata   const    0xfff01c44     0x7  font_x5x7.o [1]
  .data24.rodata   const    0xfff01c4b     0x7  font_x5x7.o [1]
  .data24.rodata   const    0xfff01c52     0x7  font_x5x7.o [1]
  .data24.rodata   const    0xfff01c59     0x7  font_x5x7.o [1]
  .data24.rodata   const    0xfff01c60     0x7  font_x5x7.o [1]
  .data24.rodata   const    0xfff01c67     0x7  font_x5x7.o [1]
  .data24.rodata   const    0xfff01c6e     0x7  font_x5x7.o [1]
  .data24.rodata   const    0xfff01c75     0x7  font_x5x7.o [1]
  .data24.rodata   const    0xfff01c7c     0x7  font_x5x7.o [1]
  .data24.rodata   const    0xfff01c83     0x7  font_x5x7.o [1]
  .data24.rodata   const    0xfff01c8a     0x7  font_x5x7.o [1]
  .data24.rodata   const    0xfff01c91     0x7  font_x5x7.o [1]
  .data24.rodata   const    0xfff01c98     0x7  font_x5x7.o [1]
  .data24.rodata   const    0xfff01c9f     0x7  font_x5x7.o [1]
  .data24.rodata   const    0xfff01ca6     0x7  font_x5x7.o [1]
  .data24.rodata   const    0xfff01cad     0x7  font_x5x7.o [1]
  .data24.rodata   const    0xfff01cb4     0x7  font_x5x7.o [1]
  .data24.rodata   const    0xfff01cbb     0x7  font_x5x7.o [1]
  .data24.rodata   const    0xfff01cc2     0x7  font_x5x7.o [1]
  .data24.rodata   const    0xfff01cc9     0x7  font_x5x7.o [1]
  .data24.rodata   const    0xfff01cd0     0x7  font_x5x7.o [1]
  .data24.rodata   const    0xfff01cd7     0x7  font_x5x7.o [1]
  .data24.rodata   const    0xfff01cde     0x7  font_x5x7.o [1]
  .data24.rodata   const    0xfff01ce5     0x7  font_x5x7.o [1]
  .data24.rodata   const    0xfff01cec     0x7  font_x5x7.o [1]
  .data24.rodata   const    0xfff01cf3     0x7  font_x5x7.o [1]
  .data24.rodata   const    0xfff01cfa     0x7  font_x5x7.o [1]
  .data24.rodata   const    0xfff01d01     0x7  font_x5x7.o [1]
  .data24.rodata   const    0xfff01d08     0x7  font_x5x7.o [1]
  .data24.rodata   const    0xfff01d0f     0x7  font_x5x7.o [1]
  .data24.rodata   const    0xfff01d16     0x7  os_core.o [1]
  .data24.rodata   const    0xfff01d1d     0x6  os_task.o [1]
  .data24.rodata   const    0xfff01d23     0x5  lib_mem.o [1]
  .data24.rodata   const    0xfff01d28     0x4  adc.o [1]
  .data24.rodata   const    0xfff01d2c     0x4  os_cfg_app.o [1]
  .data24.rodata   const    0xfff01d30     0x4  os_cfg_app.o [1]
  .data24.rodata   const    0xfff01d34     0x4  os_cfg_app.o [1]
  .data24.rodata   const    0xfff01d38     0x4  os_cfg_app.o [1]
  .data24.rodata   const    0xfff01d3c     0x4  os_cfg_app.o [1]
  .data24.rodata   const    0xfff01d40     0x4  os_cfg_app.o [1]
  .data24.rodata   const    0xfff01d44     0x4  os_cfg_app.o [1]
  .data24.rodata   const    0xfff01d48     0x4  os_cfg_app.o [1]
  .data24.rodata   const    0xfff01d4c     0x4  os_cfg_app.o [1]
  .data24.rodata   const    0xfff01d50     0x4  os_cfg_app.o [1]
  .data24.rodata   const    0xfff01d54     0x4  os_cfg_app.o [1]
  .data24.rodata   const    0xfff01d58     0x4  os_cfg_app.o [1]
  .data24.rodata   const    0xfff01d5c     0x4  os_cfg_app.o [1]
  .data24.rodata   const    0xfff01d60     0x4  os_cfg_app.o [1]
  .data24.rodata   const    0xfff01d64     0x4  os_cfg_app.o [1]
  .data24.rodata   const    0xfff01d68     0x4  os_cfg_app.o [1]
  .data24.rodata   const    0xfff01d6c     0x4  os_cfg_app.o [1]
  .data24.rodata   const    0xfff01d70     0x4  os_cfg_app.o [1]
  .data24.rodata   const    0xfff01d74     0x4  os_cfg_app.o [1]
  .data24.rodata   const    0xfff01d78     0x4  os_cfg_app.o [1]
  .data24.rodata   const    0xfff01d7c     0x4  os_cfg_app.o [1]
  .data24.rodata   const    0xfff01d80     0x4  os_dbg.o [1]
  .data24.rodata   const    0xfff01d84     0x4  os_dbg.o [1]
  .data24.rodata   const    0xfff01d88     0x4  os_dbg.o [1]
  .data24.rodata   const    0xfff01d8c     0x2  exercise7.o [1]
  .data24.rodata   const    0xfff01d8e     0x2  os_cfg_app.o [1]
  .data24.rodata   const    0xfff01d90     0x2  os_core.o [1]
  .data24.rodata   const    0xfff01d92     0x2  os_dbg.o [1]
  .data24.rodata   const    0xfff01d94     0x2  os_dbg.o [1]
  .data24.rodata   const    0xfff01d96     0x2  os_dbg.o [1]
  .data24.rodata   const    0xfff01d98     0x2  os_dbg.o [1]
  .data24.rodata   const    0xfff01d9a     0x2  os_dbg.o [1]
  .data24.rodata   const    0xfff01d9c     0x2  os_dbg.o [1]
  .data24.rodata   const    0xfff01d9e     0x2  os_dbg.o [1]
  .data24.rodata   const    0xfff01da0     0x2  os_dbg.o [1]
  .data24.rodata   const    0xfff01da2     0x2  os_dbg.o [1]
  .data24.rodata   const    0xfff01da4     0x2  os_dbg.o [1]
  .data24.rodata   const    0xfff01da6     0x2  os_dbg.o [1]
  .data24.rodata   const    0xfff01da8     0x2  os_dbg.o [1]
  .data24.rodata   const    0xfff01daa     0x2  os_dbg.o [1]
  .data24.rodata   const    0xfff01dac     0x2  os_dbg.o [1]
  .data24.rodata   const    0xfff01dae     0x2  os_dbg.o [1]
  .data24.rodata   const    0xfff01db0     0x2  os_dbg.o [1]
  .data24.rodata   const    0xfff01db2     0x2  os_dbg.o [1]
  .data24.rodata   const    0xfff01db4     0x2  os_dbg.o [1]
  .data24.rodata   const    0xfff01db6     0x2  os_dbg.o [1]
  .data24.rodata   const    0xfff01db8     0x2  os_dbg.o [1]
  .data24.rodata   const    0xfff01dba     0x2  os_mutex.o [1]
  .data24.rodata   const    0xfff01dbc     0x2  os_q.o [1]
  .data24.rodata   const    0xfff01dbe     0x2  os_sem.o [1]
  .data24.rodata   const    0xfff01dc0     0x2  os_task.o [1]
  .data24.rodata   const    0xfff01dc2     0x1  os_cfg_app.o [1]
  .data24.rodata   const    0xfff01dc3     0x1  os_cfg_app.o [1]
  .data24.rodata   const    0xfff01dc4     0x1  os_dbg.o [1]
  .data24.rodata   const    0xfff01dc5     0x1  os_dbg.o [1]
  .data24.rodata   const    0xfff01dc6     0x1  os_dbg.o [1]
  .data24.rodata   const    0xfff01dc7     0x1  os_dbg.o [1]
  .data24.rodata   const    0xfff01dc8     0x1  os_dbg.o [1]
  .data24.rodata   const    0xfff01dc9     0x1  os_dbg.o [1]
  .data24.rodata   const    0xfff01dca     0x1  os_dbg.o [1]
  .data24.rodata   const    0xfff01dcb     0x1  os_dbg.o [1]
  .data24.rodata   const    0xfff01dcc     0x1  os_dbg.o [1]
  .data24.rodata   const    0xfff01dcd     0x1  os_dbg.o [1]
  .data24.rodata   const    0xfff01dce     0x1  os_dbg.o [1]
  .data24.rodata   const    0xfff01dcf     0x1  os_dbg.o [1]
  .data24.rodata   const    0xfff01dd0     0x1  os_dbg.o [1]
  .data24.rodata   const    0xfff01dd1     0x1  os_dbg.o [1]
  .data24.rodata   const    0xfff01dd2     0x1  os_dbg.o [1]
  .data24.rodata   const    0xfff01dd3     0x1  os_dbg.o [1]
  .data24.rodata   const    0xfff01dd4     0x1  os_dbg.o [1]
  .data24.rodata   const    0xfff01dd5     0x1  os_dbg.o [1]
  .data24.rodata   const    0xfff01dd6     0x1  os_dbg.o [1]
  .data24.rodata   const    0xfff01dd7     0x1  os_dbg.o [1]
  .data24.rodata   const    0xfff01dd8     0x1  os_dbg.o [1]
  .data24.rodata   const    0xfff01dd9     0x1  os_dbg.o [1]
  .data24.rodata   const    0xfff01dda     0x1  os_dbg.o [1]
  .data24.rodata   const    0xfff01ddb     0x1  os_dbg.o [1]
  .data24.rodata   const    0xfff01ddc     0x1  os_dbg.o [1]
  .data24.rodata   const    0xfff01ddd     0x1  os_dbg.o [1]
  .data24.rodata   const    0xfff01dde     0x1  os_dbg.o [1]
  .data24.rodata   const    0xfff01ddf     0x1  os_dbg.o [1]
  .data24.rodata   const    0xfff01de0     0x1  os_dbg.o [1]
  .data24.rodata   const    0xfff01de1     0x1  os_dbg.o [1]
  .data24.rodata   const    0xfff01de2     0x1  os_dbg.o [1]
  .data24.rodata   const    0xfff01de3     0x1  os_dbg.o [1]
  .data24.rodata   const    0xfff01de4     0x1  os_dbg.o [1]
  .data24.rodata   const    0xfff01de5     0x1  os_dbg.o [1]
  .data24.rodata   const    0xfff01de6     0x1  os_dbg.o [1]
  .data24.rodata   const    0xfff01de7     0x1  os_dbg.o [1]
  .data24.rodata   const    0xfff01de8     0x1  os_dbg.o [1]
  .data24.rodata   const    0xfff01de9     0x1  os_dbg.o [1]
  .data24.rodata   const    0xfff01dea     0x1  os_dbg.o [1]
                          - 0xfff01deb  0x1deb

"ROM32":                                0x59f4
  .text            ro code  0xfff01deb   0xb50  os_core.o [1]
  .text            ro code  0xfff0293b   0x482  os_tick.o [1]
  .text            ro code  0xfff02dbd   0x322  cpu_core.o [1]
  .text            ro code  0xfff030df    0x82  cpu_bsp.o [1]
  .text            ro code  0xfff03161    0xa6  os_prio.o [1]
  .text            ro code  0xfff03207   0x836  os_task.o [1]
  .text            ro code  0xfff03a3d   0x1ff  os_cpu_c.o [1]
  .text            ro code  0xfff03c3c    0xa1  os_cpu_a.o [1]
  .text            ro code  0xfff03cdd    0x14  os_flag.o [1]
  .text            ro code  0xfff03cf1   0x21f  os_msg.o [1]
  .text            ro code  0xfff03f10   0x499  os_mutex.o [1]
  .text            ro code  0xfff043a9   0x317  os_q.o [1]
  .text            ro code  0xfff046c0   0x324  os_sem.o [1]
  .text            ro code  0xfff049e4   0x214  os_tmr.o [1]
  .text            ro code  0xfff04bf8   0x155  os_dbg.o [1]
  .text            ro code  0xfff04d4d    0x79  os_cfg_app.o [1]
  .text            ro code  0xfff04dc6   0x1f4  lib_mem.o [1]
  .text            ro code  0xfff04fba    0xf1  bsp_sys.o [1]
  .text            ro code  0xfff050ab   0x814  ST7579_LCD.o [1]
  .text            ro code  0xfff058bf   0x4a2  xprintfsmall.o [4]
  .text            ro code  0xfff05d61    0x13  strchr.o [4]
  .text            ro code  0xfff05d74     0xf  strlen.o [4]
  .text            ro code  0xfff05d83    0x16  memchr.o [4]
  .text            ro code  0xfff05d99    0x46  adcisr.o [1]
  .inttable                 0xfff05de0   0x400  <Block>
    .inttable      const    0xfff05de0   0x400  interrupt_table.o [4]
  .text            ro code  0xfff061e0   0x38a  bsp_led.o [1]
  .text            ro code  0xfff0656a   0x34f  exercise7.o [1]
  .text            ro code  0xfff068b9   0x206  interrupts.o [1]
  .text            ro code  0xfff06abf    0x89  xassert.o [4]
  .text            ro code  0xfff06b48    0x15  bsp.o [1]
  .text            ro code  0xfff06b5d    0xb8  bsp_glcd.o [1]
  .text            ro code  0xfff06c15   0x169  os_time.o [1]
  .text            ro code  0xfff06d7e    0x87  xreportassert.o [4]
  .text            ro code  0xfff06e05     0xf  __dbg_abort.o [3]
  .text            ro code  0xfff06e14    0xc8  os_bsp.o [1]
  .text            ro code  0xfff06edc    0xd0  bsp_misc.o [1]
  .text            ro code  0xfff06fac    0x48  bsp_os.o [1]
  .text            ro code  0xfff06ff4   0x100  Glyph.o [1]
  .text            ro code  0xfff070f4    0x2e  lib_str.o [1]
  .text            ro code  0xfff07122    0x25  putchar.o [4]
  .text            ro code  0xfff07147     0x1  __dbg_break.o [3]
  .text            ro code  0xfff07148    0x12  __dbg_xxexit.o [3]
  .text            ro code  0xfff0715a    0x6c  GlyphRegister.o [1]
  .text            ro code  0xfff071c6     0xa  __dbg_xxwrite.o [3]
  .text            ro code  0xfff071d0    0x15  __dbg_xxdwrite.o [3]
  .text            ro code  0xfff071e5   0x1e5  YRDKRX63N_RSPI0.o [1]
  .text            ro code  0xfff073ca   0x11e  pushbutton.o [1]
  .text            ro code  0xfff074e8    0x2e  sprintf.o [4]
  .text            ro code  0xfff07516   0x116  adc.o [1]
  .switch.rodata   const    0xfff0762c    0x2c  ST7579_LCD.o [1]
  .switch.rodata   const    0xfff07658    0x2a  ST7579_LCD.o [1]
  .text            ro code  0xfff07682     0x2  def_nmi_handlers.o [4]
  .switch.rodata   const    0xfff07684    0x24  ST7579_LCD.o [1]
  .text            ro code  0xfff076a8    0x22  cstartup.o [1]
  .text            ro code  0xfff076ca    0x15  data_init2.o [4]
  .text            ro code  0xfff076df     0x4  exit.o [4]
  .text            ro code  0xfff076e3     0x8  cexit.o [4]
  .iar.init_table  const    0xfff076ec    0x10  - Linker created -
  .switch.rodata   const    0xfff076fc    0x20  bsp_led.o [1]
  .switch.rodata   const    0xfff0771c    0x20  bsp_led.o [1]
  .text            ro code  0xfff0773c    0x20  interrupt_table.o [4]
  .text            ro code  0xfff0775c    0x18  zero_init2.o [4]
  .switch.rodata   const    0xfff07774    0x10  os_core.o [1]
  .switch.rodata   const    0xfff07784    0x10  os_task.o [1]
  .switch.rodata   const    0xfff07794    0x10  os_task.o [1]
  .switch.rodata   const    0xfff077a4    0x10  os_task.o [1]
  .switch.rodata   const    0xfff077b4     0xe  xprintfsmall.o [4]
  .text            ro code  0xfff077c2     0xb  xsprout.o [4]
  .switch.rodata   const    0xfff077d0     0x8  os_task.o [1]
  .switch.rodata   const    0xfff077d8     0x7  bsp_sys.o [1]
                          - 0xfff077df  0x59f4

"ROM16":                                  0x32
  .data16.rodata   const    0xffff8000    0x16  xreportassert.o [4]
  .data16.rodata   const    0xffff8016     0xd  xreportassert.o [4]
  .data16.rodata   const    0xffff8023     0x6  xprintfsmall.o [4]
  .data16.rodata   const    0xffff8029     0x5  xreportassert.o [4]
  .data16.rodata   const    0xffff802e     0x2  xreportassert.o [4]
  .data16.rodata   const    0xffff8030     0x2  xreportassert.o [4]
                          - 0xffff8032    0x32

"A1":                                     0x80
  .nmivec          const    0xffffff80    0x80  nmivec.o [4]
                          - 0x00000000    0x80


*******************************************************************************
*** INIT TABLE
***

          Address     Size
          -------     ----
Zero (___iar_zero_init2)
    1 destination range, total size 0x7712:
          0x00000004  0x7712



*******************************************************************************
*** MODULE SUMMARY
***

    Module              ro code  ro data  rw data
    ------              -------  -------  -------
C:\Embed_v2\Exercises\HandsOn\Exercise7\Debug\Obj: [1]
    Glyph.o                 256               108
    GlyphRegister.o         108
    ST7579_LCD.o          2 068      132
    YRDKRX63N_RSPI0.o       485
    adc.o                   278       94       52
    adcisr.o                 70
    bsp.o                    21
    bsp_glcd.o              184                 4
    bsp_led.o               906       64
    bsp_misc.o              208
    bsp_os.o                 72       11       48
    bsp_sys.o               241        7
    cpu_bsp.o               130
    cpu_core.o              802      256       40
    cstartup.o               34
    exercise7.o             847      203    5 084
    font_8x8.o                     3 584
    font_x5x7.o                    1 913
    interrupts.o            518    1 024
    lib_mem.o               500        5   20 504
    lib_str.o                46
    os_bsp.o                200
    os_cfg_app.o            121       88    3 648
    os_core.o             2 896       54
    os_cpu_a.o              161
    os_cpu_c.o              511                 4
    os_dbg.o                341      347
    os_flag.o                20
    os_msg.o                543
    os_mutex.o            1 177        2
    os_prio.o               166                 4
    os_q.o                  791        2
    os_sem.o                804        2
    os_task.o             2 102       64
    os_tick.o             1 154       20
    os_time.o               361
    os_tmr.o                532       34
    os_var.o                                  982
    pushbutton.o            286       18        4
    ---------------------------------------------
    Total:               19 940    7 924   30 482

command line: [2]
    ---------------------------------------------
    Total:

dbgrxlld.a: [3]
    __dbg_abort.o            15
    __dbg_break.o             1
    __dbg_xxdwrite.o         21
    __dbg_xxexit.o           18
    __dbg_xxwrite.o          10
    ---------------------------------------------
    Total:                   65

dlrxflln.a: [4]
    cexit.o                   8
    data_init2.o             21
    def_nmi_handlers.o        2
    exit.o                    4
    interrupt_table.o        32    1 024
    memchr.o                 22
    nmivec.o                         128
    putchar.o                37
    sprintf.o                46
    strchr.o                 19
    strlen.o                 15
    xassert.o               137
    xprintfsmall.o        1 186       20
    xreportassert.o         135       44
    xsprout.o                11
    zero_init2.o             24
    ---------------------------------------------
    Total:                1 699    1 216

    Gaps                               4
    Linker created                    16      512
-------------------------------------------------
    Grand Total:         21 704    9 160   30 994


*******************************************************************************
*** ENTRY LIST
***

Entry                      Address    Size  Type      Object
-----                      -------    ----  ----      ------
.inttable$$Base         0xfff05de0           --   Gb  - Linker created -
.inttable$$Limit        0xfff061e0           --   Gb  - Linker created -
ISTACK$$Base            0x00007718           --   Gb  - Linker created -
ISTACK$$Limit           0x00007918           --   Gb  - Linker created -
Region$$Table$$Base     0xfff076ec           --   Gb  - Linker created -
Region$$Table$$Limit    0xfff076fc           --   Gb  - Linker created -
STACKS$$Base            0x00007718           --   Gb  - Linker created -
STACKS$$Limit           0x00007918           --   Gb  - Linker created -
_AdcIsr                 0xfff05d99          Code  Gb  adcisr.o [1]
_BSP_GraphLCD           0x00007668     0x4  Data  Lc  bsp_glcd.o [1]
_BSP_GraphLCD_Init      0xfff06bd1    0x44  Code  Gb  bsp_glcd.o [1]
_BSP_GraphLCD_SetFont   0xfff06b98    0x39  Code  Gb  bsp_glcd.o [1]
_BSP_GraphLCD_String    0xfff06b5d    0x3b  Code  Gb  bsp_glcd.o [1]
_BSP_Init               0xfff06b48    0x15  Code  Gb  bsp.o [1]
_BSP_IntHandler_000     0xfff06ab1     0x2  Code  Gb  interrupts.o [1]
_BSP_IntHandler_001     0xfff06aaf     0x2  Code  Gb  interrupts.o [1]
_BSP_IntHandler_002     0xfff06aad     0x2  Code  Gb  interrupts.o [1]
_BSP_IntHandler_003     0xfff06aab     0x2  Code  Gb  interrupts.o [1]
_BSP_IntHandler_004     0xfff06aa9     0x2  Code  Gb  interrupts.o [1]
_BSP_IntHandler_005     0xfff06aa7     0x2  Code  Gb  interrupts.o [1]
_BSP_IntHandler_006     0xfff06aa5     0x2  Code  Gb  interrupts.o [1]
_BSP_IntHandler_007     0xfff06aa3     0x2  Code  Gb  interrupts.o [1]
_BSP_IntHandler_008     0xfff06aa1     0x2  Code  Gb  interrupts.o [1]
_BSP_IntHandler_009     0xfff06a9f     0x2  Code  Gb  interrupts.o [1]
_BSP_IntHandler_010     0xfff06a9d     0x2  Code  Gb  interrupts.o [1]
_BSP_IntHandler_011     0xfff06a9b     0x2  Code  Gb  interrupts.o [1]
_BSP_IntHandler_012     0xfff06a99     0x2  Code  Gb  interrupts.o [1]
_BSP_IntHandler_013     0xfff06a97     0x2  Code  Gb  interrupts.o [1]
_BSP_IntHandler_014     0xfff06a95     0x2  Code  Gb  interrupts.o [1]
_BSP_IntHandler_015     0xfff06a93     0x2  Code  Gb  interrupts.o [1]
_BSP_IntHandler_016     0xfff06a91     0x2  Code  Gb  interrupts.o [1]
_BSP_IntHandler_017     0xfff06a8f     0x2  Code  Gb  interrupts.o [1]
_BSP_IntHandler_018     0xfff06a8d     0x2  Code  Gb  interrupts.o [1]
_BSP_IntHandler_019     0xfff06a8b     0x2  Code  Gb  interrupts.o [1]
_BSP_IntHandler_020     0xfff06a89     0x2  Code  Gb  interrupts.o [1]
_BSP_IntHandler_021     0xfff06a87     0x2  Code  Gb  interrupts.o [1]
_BSP_IntHandler_022     0xfff06a85     0x2  Code  Gb  interrupts.o [1]
_BSP_IntHandler_023     0xfff06a83     0x2  Code  Gb  interrupts.o [1]
_BSP_IntHandler_024     0xfff06a81     0x2  Code  Gb  interrupts.o [1]
_BSP_IntHandler_025     0xfff06a7f     0x2  Code  Gb  interrupts.o [1]
_BSP_IntHandler_026     0xfff06a7d     0x2  Code  Gb  interrupts.o [1]
_BSP_IntHandler_029     0xfff06a7b     0x2  Code  Gb  interrupts.o [1]
_BSP_IntHandler_030     0xfff06a79     0x2  Code  Gb  interrupts.o [1]
_BSP_IntHandler_031     0xfff06a77     0x2  Code  Gb  interrupts.o [1]
_BSP_IntHandler_032     0xfff06a75     0x2  Code  Gb  interrupts.o [1]
_BSP_IntHandler_033     0xfff06a73     0x2  Code  Gb  interrupts.o [1]
_BSP_IntHandler_034     0xfff06a71     0x2  Code  Gb  interrupts.o [1]
_BSP_IntHandler_035     0xfff06a6f     0x2  Code  Gb  interrupts.o [1]
_BSP_IntHandler_036     0xfff06a6d     0x2  Code  Gb  interrupts.o [1]
_BSP_IntHandler_037     0xfff06a6b     0x2  Code  Gb  interrupts.o [1]
_BSP_IntHandler_038     0xfff06a69     0x2  Code  Gb  interrupts.o [1]
_BSP_IntHandler_039     0xfff06a67     0x2  Code  Gb  interrupts.o [1]
_BSP_IntHandler_040     0xfff06a65     0x2  Code  Gb  interrupts.o [1]
_BSP_IntHandler_041     0xfff06a63     0x2  Code  Gb  interrupts.o [1]
_BSP_IntHandler_042     0xfff06a61     0x2  Code  Gb  interrupts.o [1]
_BSP_IntHandler_043     0xfff06a5f     0x2  Code  Gb  interrupts.o [1]
_BSP_IntHandler_044     0xfff06a5d     0x2  Code  Gb  interrupts.o [1]
_BSP_IntHandler_045     0xfff06a5b     0x2  Code  Gb  interrupts.o [1]
_BSP_IntHandler_046     0xfff06a59     0x2  Code  Gb  interrupts.o [1]
_BSP_IntHandler_047     0xfff06a57     0x2  Code  Gb  interrupts.o [1]
_BSP_IntHandler_048     0xfff06a55     0x2  Code  Gb  interrupts.o [1]
_BSP_IntHandler_049     0xfff06a53     0x2  Code  Gb  interrupts.o [1]
_BSP_IntHandler_050     0xfff06a51     0x2  Code  Gb  interrupts.o [1]
_BSP_IntHandler_051     0xfff06a4f     0x2  Code  Gb  interrupts.o [1]
_BSP_IntHandler_052     0xfff06a4d     0x2  Code  Gb  interrupts.o [1]
_BSP_IntHandler_053     0xfff06a4b     0x2  Code  Gb  interrupts.o [1]
_BSP_IntHandler_054     0xfff06a49     0x2  Code  Gb  interrupts.o [1]
_BSP_IntHandler_055     0xfff06a47     0x2  Code  Gb  interrupts.o [1]
_BSP_IntHandler_056     0xfff06a45     0x2  Code  Gb  interrupts.o [1]
_BSP_IntHandler_057     0xfff06a43     0x2  Code  Gb  interrupts.o [1]
_BSP_IntHandler_058     0xfff06a41     0x2  Code  Gb  interrupts.o [1]
_BSP_IntHandler_059     0xfff06a3f     0x2  Code  Gb  interrupts.o [1]
_BSP_IntHandler_060     0xfff06a3d     0x2  Code  Gb  interrupts.o [1]
_BSP_IntHandler_061     0xfff06a3b     0x2  Code  Gb  interrupts.o [1]
_BSP_IntHandler_062     0xfff06a39     0x2  Code  Gb  interrupts.o [1]
_BSP_IntHandler_063     0xfff06a37     0x2  Code  Gb  interrupts.o [1]
_BSP_IntHandler_064     0xfff06a35     0x2  Code  Gb  interrupts.o [1]
_BSP_IntHandler_065     0xfff06a33     0x2  Code  Gb  interrupts.o [1]
_BSP_IntHandler_066     0xfff06a31     0x2  Code  Gb  interrupts.o [1]
_BSP_IntHandler_067     0xfff06a2f     0x2  Code  Gb  interrupts.o [1]
_BSP_IntHandler_068     0xfff06a2d     0x2  Code  Gb  interrupts.o [1]
_BSP_IntHandler_069     0xfff06a2b     0x2  Code  Gb  interrupts.o [1]
_BSP_IntHandler_070     0xfff06a29     0x2  Code  Gb  interrupts.o [1]
_BSP_IntHandler_071     0xfff06a27     0x2  Code  Gb  interrupts.o [1]
_BSP_IntHandler_072     0xfff06a25     0x2  Code  Gb  interrupts.o [1]
_BSP_IntHandler_073     0xfff06a23     0x2  Code  Gb  interrupts.o [1]
_BSP_IntHandler_074     0xfff06a21     0x2  Code  Gb  interrupts.o [1]
_BSP_IntHandler_075     0xfff06a1f     0x2  Code  Gb  interrupts.o [1]
_BSP_IntHandler_076     0xfff06a1d     0x2  Code  Gb  interrupts.o [1]
_BSP_IntHandler_077     0xfff06a1b     0x2  Code  Gb  interrupts.o [1]
_BSP_IntHandler_078     0xfff06a19     0x2  Code  Gb  interrupts.o [1]
_BSP_IntHandler_079     0xfff06a17     0x2  Code  Gb  interrupts.o [1]
_BSP_IntHandler_080     0xfff06a15     0x2  Code  Gb  interrupts.o [1]
_BSP_IntHandler_081     0xfff06a13     0x2  Code  Gb  interrupts.o [1]
_BSP_IntHandler_082     0xfff06a11     0x2  Code  Gb  interrupts.o [1]
_BSP_IntHandler_083     0xfff06a0f     0x2  Code  Gb  interrupts.o [1]
_BSP_IntHandler_084     0xfff06a0d     0x2  Code  Gb  interrupts.o [1]
_BSP_IntHandler_085     0xfff06a0b     0x2  Code  Gb  interrupts.o [1]
_BSP_IntHandler_086     0xfff06a09     0x2  Code  Gb  interrupts.o [1]
_BSP_IntHandler_087     0xfff06a07     0x2  Code  Gb  interrupts.o [1]
_BSP_IntHandler_088     0xfff06a05     0x2  Code  Gb  interrupts.o [1]
_BSP_IntHandler_089     0xfff06a03     0x2  Code  Gb  interrupts.o [1]
_BSP_IntHandler_090     0xfff06a01     0x2  Code  Gb  interrupts.o [1]
_BSP_IntHandler_091     0xfff069ff     0x2  Code  Gb  interrupts.o [1]
_BSP_IntHandler_092     0xfff069fd     0x2  Code  Gb  interrupts.o [1]
_BSP_IntHandler_093     0xfff069fb     0x2  Code  Gb  interrupts.o [1]
_BSP_IntHandler_094     0xfff069f9     0x2  Code  Gb  interrupts.o [1]
_BSP_IntHandler_095     0xfff069f7     0x2  Code  Gb  interrupts.o [1]
_BSP_IntHandler_096     0xfff069f5     0x2  Code  Gb  interrupts.o [1]
_BSP_IntHandler_097     0xfff069f3     0x2  Code  Gb  interrupts.o [1]
_BSP_IntHandler_098     0xfff069f1     0x2  Code  Gb  interrupts.o [1]
_BSP_IntHandler_099     0xfff069ef     0x2  Code  Gb  interrupts.o [1]
_BSP_IntHandler_100     0xfff069ed     0x2  Code  Gb  interrupts.o [1]
_BSP_IntHandler_101     0xfff069eb     0x2  Code  Gb  interrupts.o [1]
_BSP_IntHandler_103     0xfff069e9     0x2  Code  Gb  interrupts.o [1]
_BSP_IntHandler_104     0xfff069e7     0x2  Code  Gb  interrupts.o [1]
_BSP_IntHandler_105     0xfff069e5     0x2  Code  Gb  interrupts.o [1]
_BSP_IntHandler_106     0xfff069e3     0x2  Code  Gb  interrupts.o [1]
_BSP_IntHandler_107     0xfff069e1     0x2  Code  Gb  interrupts.o [1]
_BSP_IntHandler_108     0xfff069df     0x2  Code  Gb  interrupts.o [1]
_BSP_IntHandler_109     0xfff069dd     0x2  Code  Gb  interrupts.o [1]
_BSP_IntHandler_110     0xfff069db     0x2  Code  Gb  interrupts.o [1]
_BSP_IntHandler_111     0xfff069d9     0x2  Code  Gb  interrupts.o [1]
_BSP_IntHandler_112     0xfff069d7     0x2  Code  Gb  interrupts.o [1]
_BSP_IntHandler_113     0xfff069d5     0x2  Code  Gb  interrupts.o [1]
_BSP_IntHandler_114     0xfff069d3     0x2  Code  Gb  interrupts.o [1]
_BSP_IntHandler_115     0xfff069d1     0x2  Code  Gb  interrupts.o [1]
_BSP_IntHandler_116     0xfff069cf     0x2  Code  Gb  interrupts.o [1]
_BSP_IntHandler_117     0xfff069cd     0x2  Code  Gb  interrupts.o [1]
_BSP_IntHandler_118     0xfff069cb     0x2  Code  Gb  interrupts.o [1]
_BSP_IntHandler_119     0xfff069c9     0x2  Code  Gb  interrupts.o [1]
_BSP_IntHandler_120     0xfff069c7     0x2  Code  Gb  interrupts.o [1]
_BSP_IntHandler_121     0xfff069c5     0x2  Code  Gb  interrupts.o [1]
_BSP_IntHandler_122     0xfff069c3     0x2  Code  Gb  interrupts.o [1]
_BSP_IntHandler_123     0xfff069c1     0x2  Code  Gb  interrupts.o [1]
_BSP_IntHandler_124     0xfff069bf     0x2  Code  Gb  interrupts.o [1]
_BSP_IntHandler_125     0xfff069bd     0x2  Code  Gb  interrupts.o [1]
_BSP_IntHandler_126     0xfff069bb     0x2  Code  Gb  interrupts.o [1]
_BSP_IntHandler_127     0xfff069b9     0x2  Code  Gb  interrupts.o [1]
_BSP_IntHandler_128     0xfff069b7     0x2  Code  Gb  interrupts.o [1]
_BSP_IntHandler_129     0xfff069b5     0x2  Code  Gb  interrupts.o [1]
_BSP_IntHandler_130     0xfff069b3     0x2  Code  Gb  interrupts.o [1]
_BSP_IntHandler_131     0xfff069b1     0x2  Code  Gb  interrupts.o [1]
_BSP_IntHandler_132     0xfff069af     0x2  Code  Gb  interrupts.o [1]
_BSP_IntHandler_133     0xfff069ad     0x2  Code  Gb  interrupts.o [1]
_BSP_IntHandler_134     0xfff069ab     0x2  Code  Gb  interrupts.o [1]
_BSP_IntHandler_135     0xfff069a9     0x2  Code  Gb  interrupts.o [1]
_BSP_IntHandler_136     0xfff069a7     0x2  Code  Gb  interrupts.o [1]
_BSP_IntHandler_137     0xfff069a5     0x2  Code  Gb  interrupts.o [1]
_BSP_IntHandler_138     0xfff069a3     0x2  Code  Gb  interrupts.o [1]
_BSP_IntHandler_139     0xfff069a1     0x2  Code  Gb  interrupts.o [1]
_BSP_IntHandler_140     0xfff0699f     0x2  Code  Gb  interrupts.o [1]
_BSP_IntHandler_141     0xfff0699d     0x2  Code  Gb  interrupts.o [1]
_BSP_IntHandler_142     0xfff0699b     0x2  Code  Gb  interrupts.o [1]
_BSP_IntHandler_143     0xfff06999     0x2  Code  Gb  interrupts.o [1]
_BSP_IntHandler_144     0xfff06997     0x2  Code  Gb  interrupts.o [1]
_BSP_IntHandler_145     0xfff06995     0x2  Code  Gb  interrupts.o [1]
_BSP_IntHandler_146     0xfff06993     0x2  Code  Gb  interrupts.o [1]
_BSP_IntHandler_147     0xfff06991     0x2  Code  Gb  interrupts.o [1]
_BSP_IntHandler_148     0xfff0698f     0x2  Code  Gb  interrupts.o [1]
_BSP_IntHandler_149     0xfff0698d     0x2  Code  Gb  interrupts.o [1]
_BSP_IntHandler_150     0xfff0698b     0x2  Code  Gb  interrupts.o [1]
_BSP_IntHandler_151     0xfff06989     0x2  Code  Gb  interrupts.o [1]
_BSP_IntHandler_152     0xfff06987     0x2  Code  Gb  interrupts.o [1]
_BSP_IntHandler_153     0xfff06985     0x2  Code  Gb  interrupts.o [1]
_BSP_IntHandler_154     0xfff06983     0x2  Code  Gb  interrupts.o [1]
_BSP_IntHandler_155     0xfff06981     0x2  Code  Gb  interrupts.o [1]
_BSP_IntHandler_156     0xfff0697f     0x2  Code  Gb  interrupts.o [1]
_BSP_IntHandler_157     0xfff0697d     0x2  Code  Gb  interrupts.o [1]
_BSP_IntHandler_158     0xfff0697b     0x2  Code  Gb  interrupts.o [1]
_BSP_IntHandler_159     0xfff06979     0x2  Code  Gb  interrupts.o [1]
_BSP_IntHandler_160     0xfff06977     0x2  Code  Gb  interrupts.o [1]
_BSP_IntHandler_161     0xfff06975     0x2  Code  Gb  interrupts.o [1]
_BSP_IntHandler_162     0xfff06973     0x2  Code  Gb  interrupts.o [1]
_BSP_IntHandler_163     0xfff06971     0x2  Code  Gb  interrupts.o [1]
_BSP_IntHandler_164     0xfff0696f     0x2  Code  Gb  interrupts.o [1]
_BSP_IntHandler_165     0xfff0696d     0x2  Code  Gb  interrupts.o [1]
_BSP_IntHandler_166     0xfff0696b     0x2  Code  Gb  interrupts.o [1]
_BSP_IntHandler_167     0xfff06969     0x2  Code  Gb  interrupts.o [1]
_BSP_IntHandler_168     0xfff06967     0x2  Code  Gb  interrupts.o [1]
_BSP_IntHandler_169     0xfff06965     0x2  Code  Gb  interrupts.o [1]
_BSP_IntHandler_170     0xfff06963     0x2  Code  Gb  interrupts.o [1]
_BSP_IntHandler_171     0xfff06961     0x2  Code  Gb  interrupts.o [1]
_BSP_IntHandler_172     0xfff0695f     0x2  Code  Gb  interrupts.o [1]
_BSP_IntHandler_173     0xfff0695d     0x2  Code  Gb  interrupts.o [1]
_BSP_IntHandler_174     0xfff0695b     0x2  Code  Gb  interrupts.o [1]
_BSP_IntHandler_175     0xfff06959     0x2  Code  Gb  interrupts.o [1]
_BSP_IntHandler_176     0xfff06957     0x2  Code  Gb  interrupts.o [1]
_BSP_IntHandler_177     0xfff06955     0x2  Code  Gb  interrupts.o [1]
_BSP_IntHandler_178     0xfff06953     0x2  Code  Gb  interrupts.o [1]
_BSP_IntHandler_179     0xfff06951     0x2  Code  Gb  interrupts.o [1]
_BSP_IntHandler_180     0xfff0694f     0x2  Code  Gb  interrupts.o [1]
_BSP_IntHandler_181     0xfff0694d     0x2  Code  Gb  interrupts.o [1]
_BSP_IntHandler_182     0xfff0694b     0x2  Code  Gb  interrupts.o [1]
_BSP_IntHandler_183     0xfff06949     0x2  Code  Gb  interrupts.o [1]
_BSP_IntHandler_184     0xfff06947     0x2  Code  Gb  interrupts.o [1]
_BSP_IntHandler_185     0xfff06945     0x2  Code  Gb  interrupts.o [1]
_BSP_IntHandler_186     0xfff06943     0x2  Code  Gb  interrupts.o [1]
_BSP_IntHandler_187     0xfff06941     0x2  Code  Gb  interrupts.o [1]
_BSP_IntHandler_188     0xfff0693f     0x2  Code  Gb  interrupts.o [1]
_BSP_IntHandler_189     0xfff0693d     0x2  Code  Gb  interrupts.o [1]
_BSP_IntHandler_190     0xfff0693b     0x2  Code  Gb  interrupts.o [1]
_BSP_IntHandler_191     0xfff06939     0x2  Code  Gb  interrupts.o [1]
_BSP_IntHandler_192     0xfff06937     0x2  Code  Gb  interrupts.o [1]
_BSP_IntHandler_193     0xfff06935     0x2  Code  Gb  interrupts.o [1]
_BSP_IntHandler_194     0xfff06933     0x2  Code  Gb  interrupts.o [1]
_BSP_IntHandler_195     0xfff06931     0x2  Code  Gb  interrupts.o [1]
_BSP_IntHandler_196     0xfff0692f     0x2  Code  Gb  interrupts.o [1]
_BSP_IntHandler_197     0xfff0692d     0x2  Code  Gb  interrupts.o [1]
_BSP_IntHandler_198     0xfff0692b     0x2  Code  Gb  interrupts.o [1]
_BSP_IntHandler_199     0xfff06929     0x2  Code  Gb  interrupts.o [1]
_BSP_IntHandler_200     0xfff06927     0x2  Code  Gb  interrupts.o [1]
_BSP_IntHandler_201     0xfff06925     0x2  Code  Gb  interrupts.o [1]
_BSP_IntHandler_202     0xfff06923     0x2  Code  Gb  interrupts.o [1]
_BSP_IntHandler_203     0xfff06921     0x2  Code  Gb  interrupts.o [1]
_BSP_IntHandler_204     0xfff0691f     0x2  Code  Gb  interrupts.o [1]
_BSP_IntHandler_205     0xfff0691d     0x2  Code  Gb  interrupts.o [1]
_BSP_IntHandler_206     0xfff0691b     0x2  Code  Gb  interrupts.o [1]
_BSP_IntHandler_207     0xfff06919     0x2  Code  Gb  interrupts.o [1]
_BSP_IntHandler_208     0xfff06917     0x2  Code  Gb  interrupts.o [1]
_BSP_IntHandler_209     0xfff06915     0x2  Code  Gb  interrupts.o [1]
_BSP_IntHandler_210     0xfff06913     0x2  Code  Gb  interrupts.o [1]
_BSP_IntHandler_211     0xfff06911     0x2  Code  Gb  interrupts.o [1]
_BSP_IntHandler_212     0xfff0690f     0x2  Code  Gb  interrupts.o [1]
_BSP_IntHandler_213     0xfff0690d     0x2  Code  Gb  interrupts.o [1]
_BSP_IntHandler_214     0xfff0690b     0x2  Code  Gb  interrupts.o [1]
_BSP_IntHandler_215     0xfff06909     0x2  Code  Gb  interrupts.o [1]
_BSP_IntHandler_216     0xfff06907     0x2  Code  Gb  interrupts.o [1]
_BSP_IntHandler_217     0xfff06905     0x2  Code  Gb  interrupts.o [1]
_BSP_IntHandler_218     0xfff06903     0x2  Code  Gb  interrupts.o [1]
_BSP_IntHandler_219     0xfff06901     0x2  Code  Gb  interrupts.o [1]
_BSP_IntHandler_220     0xfff068ff     0x2  Code  Gb  interrupts.o [1]
_BSP_IntHandler_221     0xfff068fd     0x2  Code  Gb  interrupts.o [1]
_BSP_IntHandler_222     0xfff068fb     0x2  Code  Gb  interrupts.o [1]
_BSP_IntHandler_223     0xfff068f9     0x2  Code  Gb  interrupts.o [1]
_BSP_IntHandler_224     0xfff068f7     0x2  Code  Gb  interrupts.o [1]
_BSP_IntHandler_225     0xfff068f5     0x2  Code  Gb  interrupts.o [1]
_BSP_IntHandler_226     0xfff068f3     0x2  Code  Gb  interrupts.o [1]
_BSP_IntHandler_227     0xfff068f1     0x2  Code  Gb  interrupts.o [1]
_BSP_IntHandler_228     0xfff068ef     0x2  Code  Gb  interrupts.o [1]
_BSP_IntHandler_229     0xfff068ed     0x2  Code  Gb  interrupts.o [1]
_BSP_IntHandler_230     0xfff068eb     0x2  Code  Gb  interrupts.o [1]
_BSP_IntHandler_231     0xfff068e9     0x2  Code  Gb  interrupts.o [1]
_BSP_IntHandler_232     0xfff068e7     0x2  Code  Gb  interrupts.o [1]
_BSP_IntHandler_233     0xfff068e5     0x2  Code  Gb  interrupts.o [1]
_BSP_IntHandler_234     0xfff068e3     0x2  Code  Gb  interrupts.o [1]
_BSP_IntHandler_235     0xfff068e1     0x2  Code  Gb  interrupts.o [1]
_BSP_IntHandler_236     0xfff068df     0x2  Code  Gb  interrupts.o [1]
_BSP_IntHandler_237     0xfff068dd     0x2  Code  Gb  interrupts.o [1]
_BSP_IntHandler_238     0xfff068db     0x2  Code  Gb  interrupts.o [1]
_BSP_IntHandler_239     0xfff068d9     0x2  Code  Gb  interrupts.o [1]
_BSP_IntHandler_240     0xfff068d7     0x2  Code  Gb  interrupts.o [1]
_BSP_IntHandler_241     0xfff068d5     0x2  Code  Gb  interrupts.o [1]
_BSP_IntHandler_242     0xfff068d3     0x2  Code  Gb  interrupts.o [1]
_BSP_IntHandler_243     0xfff068d1     0x2  Code  Gb  interrupts.o [1]
_BSP_IntHandler_244     0xfff068cf     0x2  Code  Gb  interrupts.o [1]
_BSP_IntHandler_245     0xfff068cd     0x2  Code  Gb  interrupts.o [1]
_BSP_IntHandler_246     0xfff068cb     0x2  Code  Gb  interrupts.o [1]
_BSP_IntHandler_247     0xfff068c9     0x2  Code  Gb  interrupts.o [1]
_BSP_IntHandler_248     0xfff068c7     0x2  Code  Gb  interrupts.o [1]
_BSP_IntHandler_249     0xfff068c5     0x2  Code  Gb  interrupts.o [1]
_BSP_IntHandler_250     0xfff068c3     0x2  Code  Gb  interrupts.o [1]
_BSP_IntHandler_251     0xfff068c1     0x2  Code  Gb  interrupts.o [1]
_BSP_IntHandler_252     0xfff068bf     0x2  Code  Gb  interrupts.o [1]
_BSP_IntHandler_253     0xfff068bd     0x2  Code  Gb  interrupts.o [1]
_BSP_IntHandler_254     0xfff068bb     0x2  Code  Gb  interrupts.o [1]
_BSP_IntHandler_255     0xfff068b9     0x2  Code  Gb  interrupts.o [1]
_BSP_IntVectSet         0xfff06ab3     0xc  Code  Gb  interrupts.o [1]
_BSP_IntVectTbl         0xfff00800   0x400  Data  Gb  interrupts.o [1]
_BSP_LED_Init           0xfff06510    0x5a  Code  Gb  bsp_led.o [1]
_BSP_LED_Off            0xfff06436    0xda  Code  Gb  bsp_led.o [1]
_BSP_LED_Toggle         0xfff061e0   0x256  Code  Gb  bsp_led.o [1]
_BSP_MicInit            0xfff06f5a    0x48  Code  Lc  bsp_misc.o [1]
_BSP_MiscInit           0xfff06fa2     0xa  Code  Gb  bsp_misc.o [1]
_BSP_OS_GLCD_MutexCreate
                        0xfff06fd6    0x1e  Code  Gb  bsp_os.o [1]
_BSP_OS_GLCD_MutexPend  0xfff06fbd    0x19  Code  Gb  bsp_os.o [1]
_BSP_OS_GLCD_MutexPost  0xfff06fac    0x11  Code  Gb  bsp_os.o [1]
_BSP_PotInit            0xfff06ef2    0x68  Code  Lc  bsp_misc.o [1]
_BSP_SwsInit            0xfff06edc    0x16  Code  Lc  bsp_misc.o [1]
_BSP_SysInit            0xfff05048    0x63  Code  Gb  bsp_sys.o [1]
_BSP_SysPerClkFreqGet   0xfff04fba    0x8e  Code  Gb  bsp_sys.o [1]
_CPU_CntLeadZeros       0xfff02f11    0x10  Code  Gb  cpu_core.o [1]
_CPU_CntLeadZeros32     0xfff02eaa    0x67  Code  Gb  cpu_core.o [1]
_CPU_CntLeadZerosTbl    0xfff00c00   0x100  Data  Lc  cpu_core.o [1]
_CPU_Init               0xfff030d5     0xa  Code  Gb  cpu_core.o [1]
_CPU_IntDisMeasCtr      0x000076ea     0x2  Data  Gb  cpu_core.o [1]
_CPU_IntDisMeasInit     0xfff02dde    0xa2  Code  Lc  cpu_core.o [1]
_CPU_IntDisMeasMaxCalc  0xfff02dbd    0x21  Code  Lc  cpu_core.o [1]
_CPU_IntDisMeasMaxCurGet
                        0xfff02fc3    0x39  Code  Gb  cpu_core.o [1]
_CPU_IntDisMeasMaxCurReset
                        0xfff02ffc    0x38  Code  Gb  cpu_core.o [1]
_CPU_IntDisMeasMaxCur_cnts
                        0x000076f4     0x2  Data  Gb  cpu_core.o [1]
_CPU_IntDisMeasMax_cnts
                        0x000076f6     0x2  Data  Gb  cpu_core.o [1]
_CPU_IntDisMeasOvrhd_cnts
                        0x000076f2     0x2  Data  Gb  cpu_core.o [1]
_CPU_IntDisMeasStart    0xfff02f8c    0x37  Code  Gb  cpu_core.o [1]
_CPU_IntDisMeasStart_cnts
                        0x000076ee     0x2  Data  Gb  cpu_core.o [1]
_CPU_IntDisMeasStop     0xfff02f21    0x6b  Code  Gb  cpu_core.o [1]
_CPU_IntDisMeasStop_cnts
                        0x000076f0     0x2  Data  Gb  cpu_core.o [1]
_CPU_IntDisNestCtr      0x000076ec     0x2  Data  Gb  cpu_core.o [1]
_CPU_Name               0x00007628    0x10  Data  Gb  cpu_core.o [1]
_CPU_NameClr            0xfff0309a    0x39  Code  Gb  cpu_core.o [1]
_CPU_NameInit           0xfff02ea6     0x4  Code  Lc  cpu_core.o [1]
_CPU_SW_Exception       0xfff030d3     0x2  Code  Gb  cpu_core.o [1]
_CPU_TS_32_Accum        0x0000766c     0x4  Data  Gb  cpu_core.o [1]
_CPU_TS_32_TmrPrev      0x000076e8     0x2  Data  Gb  cpu_core.o [1]
_CPU_TS_Get32           0xfff03040    0x5a  Code  Gb  cpu_core.o [1]
_CPU_TS_Init            0xfff02e80    0x26  Code  Lc  cpu_core.o [1]
_CPU_TS_TmrFreqSet      0xfff03034     0x8  Code  Gb  cpu_core.o [1]
_CPU_TS_TmrFreq_Hz      0x00007670     0x4  Data  Gb  cpu_core.o [1]
_CPU_TS_TmrInit         0xfff030e9    0x78  Code  Gb  cpu_bsp.o [1]
_CPU_TS_TmrRd           0xfff030df     0xa  Code  Gb  cpu_bsp.o [1]
_CPU_TS_Update          0xfff0303c     0x4  Code  Gb  cpu_core.o [1]
_Comm_API               0x00007638     0xc  Data  Gb  Glyph.o [1]
_Font8x8_char_0         0xfff00f0a     0xa  Data  Gb  font_8x8.o [1]
_Font8x8_char_1         0xfff00f71     0xa  Data  Gb  font_8x8.o [1]
_Font8x8_char_10        0xfff00fcb     0xa  Data  Gb  font_8x8.o [1]
_Font8x8_char_100       0xfff0134f     0xa  Data  Gb  font_8x8.o [1]
_Font8x8_char_101       0xfff01359     0xa  Data  Gb  font_8x8.o [1]
_Font8x8_char_102       0xfff01363     0xa  Data  Gb  font_8x8.o [1]
_Font8x8_char_103       0xfff0136d     0xa  Data  Gb  font_8x8.o [1]
_Font8x8_char_104       0xfff01377     0xa  Data  Gb  font_8x8.o [1]
_Font8x8_char_105       0xfff01381     0xa  Data  Gb  font_8x8.o [1]
_Font8x8_char_106       0xfff0138b     0xa  Data  Gb  font_8x8.o [1]
_Font8x8_char_107       0xfff01395     0xa  Data  Gb  font_8x8.o [1]
_Font8x8_char_108       0xfff0139f     0xa  Data  Gb  font_8x8.o [1]
_Font8x8_char_109       0xfff013a9     0xa  Data  Gb  font_8x8.o [1]
_Font8x8_char_11        0xfff00fd5     0xa  Data  Gb  font_8x8.o [1]
_Font8x8_char_110       0xfff013b3     0xa  Data  Gb  font_8x8.o [1]
_Font8x8_char_111       0xfff013bd     0xa  Data  Gb  font_8x8.o [1]
_Font8x8_char_112       0xfff013c7     0xa  Data  Gb  font_8x8.o [1]
_Font8x8_char_113       0xfff013d1     0xa  Data  Gb  font_8x8.o [1]
_Font8x8_char_114       0xfff013db     0xa  Data  Gb  font_8x8.o [1]
_Font8x8_char_115       0xfff013e5     0xa  Data  Gb  font_8x8.o [1]
_Font8x8_char_116       0xfff013ef     0xa  Data  Gb  font_8x8.o [1]
_Font8x8_char_117       0xfff013f9     0xa  Data  Gb  font_8x8.o [1]
_Font8x8_char_118       0xfff01403     0xa  Data  Gb  font_8x8.o [1]
_Font8x8_char_119       0xfff0140d     0xa  Data  Gb  font_8x8.o [1]
_Font8x8_char_12        0xfff00fdf     0xa  Data  Gb  font_8x8.o [1]
_Font8x8_char_120       0xfff01417     0xa  Data  Gb  font_8x8.o [1]
_Font8x8_char_121       0xfff01421     0xa  Data  Gb  font_8x8.o [1]
_Font8x8_char_122       0xfff0142b     0xa  Data  Gb  font_8x8.o [1]
_Font8x8_char_123       0xfff01435     0xa  Data  Gb  font_8x8.o [1]
_Font8x8_char_124       0xfff0143f     0xa  Data  Gb  font_8x8.o [1]
_Font8x8_char_125       0xfff01449     0xa  Data  Gb  font_8x8.o [1]
_Font8x8_char_126       0xfff01453     0xa  Data  Gb  font_8x8.o [1]
_Font8x8_char_127       0xfff0145d     0xa  Data  Gb  font_8x8.o [1]
_Font8x8_char_128       0xfff01467     0xa  Data  Gb  font_8x8.o [1]
_Font8x8_char_129       0xfff01471     0xa  Data  Gb  font_8x8.o [1]
_Font8x8_char_13        0xfff00fe9     0xa  Data  Gb  font_8x8.o [1]
_Font8x8_char_130       0xfff0147b     0xa  Data  Gb  font_8x8.o [1]
_Font8x8_char_131       0xfff01485     0xa  Data  Gb  font_8x8.o [1]
_Font8x8_char_132       0xfff0148f     0xa  Data  Gb  font_8x8.o [1]
_Font8x8_char_133       0xfff01499     0xa  Data  Gb  font_8x8.o [1]
_Font8x8_char_134       0xfff014a3     0xa  Data  Gb  font_8x8.o [1]
_Font8x8_char_135       0xfff014ad     0xa  Data  Gb  font_8x8.o [1]
[...]
___interrupt_140        0xfff0773c    0x20  Code  Wk  interrupt_table.o [4]
___interrupt_141        0xfff0773c    0x20  Code  Wk  interrupt_table.o [4]
___interrupt_142        0xfff0773c    0x20  Code  Wk  interrupt_table.o [4]
___interrupt_143        0xfff0773c    0x20  Code  Wk  interrupt_table.o [4]
___interrupt_144        0xfff0773c    0x20  Code  Wk  interrupt_table.o [4]
___interrupt_145        0xfff0773c    0x20  Code  Wk  interrupt_table.o [4]
___interrupt_146        0xfff0773c    0x20  Code  Wk  interrupt_table.o [4]
___interrupt_147        0xfff0773c    0x20  Code  Wk  interrupt_table.o [4]
___interrupt_148        0xfff0773c    0x20  Code  Wk  interrupt_table.o [4]
___interrupt_149        0xfff0773c    0x20  Code  Wk  interrupt_table.o [4]
___interrupt_15         0xfff0773c    0x20  Code  Wk  interrupt_table.o [4]
___interrupt_150        0xfff0773c    0x20  Code  Wk  interrupt_table.o [4]
___interrupt_151        0xfff0773c    0x20  Code  Wk  interrupt_table.o [4]
___interrupt_152        0xfff0773c    0x20  Code  Wk  interrupt_table.o [4]
___interrupt_153        0xfff0773c    0x20  Code  Wk  interrupt_table.o [4]
___interrupt_154        0xfff0773c    0x20  Code  Wk  interrupt_table.o [4]
___interrupt_155        0xfff0773c    0x20  Code  Wk  interrupt_table.o [4]
___interrupt_156        0xfff0773c    0x20  Code  Wk  interrupt_table.o [4]
___interrupt_157        0xfff0773c    0x20  Code  Wk  interrupt_table.o [4]
___interrupt_158        0xfff0773c    0x20  Code  Wk  interrupt_table.o [4]
___interrupt_159        0xfff0773c    0x20  Code  Wk  interrupt_table.o [4]
___interrupt_16         0xfff0773c    0x20  Code  Wk  interrupt_table.o [4]
___interrupt_160        0xfff0773c    0x20  Code  Wk  interrupt_table.o [4]
___interrupt_161        0xfff0773c    0x20  Code  Wk  interrupt_table.o [4]
___interrupt_162        0xfff0773c    0x20  Code  Wk  interrupt_table.o [4]
___interrupt_163        0xfff0773c    0x20  Code  Wk  interrupt_table.o [4]
___interrupt_164        0xfff0773c    0x20  Code  Wk  interrupt_table.o [4]
___interrupt_165        0xfff0773c    0x20  Code  Wk  interrupt_table.o [4]
___interrupt_166        0xfff0773c    0x20  Code  Wk  interrupt_table.o [4]
___interrupt_167        0xfff0773c    0x20  Code  Wk  interrupt_table.o [4]
___interrupt_168        0xfff0773c    0x20  Code  Wk  interrupt_table.o [4]
___interrupt_169        0xfff0773c    0x20  Code  Wk  interrupt_table.o [4]
___interrupt_17         0xfff0773c    0x20  Code  Wk  interrupt_table.o [4]
___interrupt_170        0xfff0773c    0x20  Code  Wk  interrupt_table.o [4]
___interrupt_171        0xfff0773c    0x20  Code  Wk  interrupt_table.o [4]
___interrupt_172        0xfff0773c    0x20  Code  Wk  interrupt_table.o [4]
___interrupt_173        0xfff0773c    0x20  Code  Wk  interrupt_table.o [4]
___interrupt_174        0xfff0773c    0x20  Code  Wk  interrupt_table.o [4]
___interrupt_175        0xfff0773c    0x20  Code  Wk  interrupt_table.o [4]
___interrupt_176        0xfff0773c    0x20  Code  Wk  interrupt_table.o [4]
___interrupt_177        0xfff0773c    0x20  Code  Wk  interrupt_table.o [4]
___interrupt_178        0xfff0773c    0x20  Code  Wk  interrupt_table.o [4]
___interrupt_179        0xfff0773c    0x20  Code  Wk  interrupt_table.o [4]
___interrupt_18         0xfff0773c    0x20  Code  Wk  interrupt_table.o [4]
___interrupt_180        0xfff0773c    0x20  Code  Wk  interrupt_table.o [4]
___interrupt_181        0xfff0773c    0x20  Code  Wk  interrupt_table.o [4]
___interrupt_182        0xfff0773c    0x20  Code  Wk  interrupt_table.o [4]
___interrupt_183        0xfff0773c    0x20  Code  Wk  interrupt_table.o [4]
___interrupt_184        0xfff0773c    0x20  Code  Wk  interrupt_table.o [4]
___interrupt_185        0xfff0773c    0x20  Code  Wk  interrupt_table.o [4]
___interrupt_186        0xfff0773c    0x20  Code  Wk  interrupt_table.o [4]
___interrupt_187        0xfff0773c    0x20  Code  Wk  interrupt_table.o [4]
___interrupt_188        0xfff0773c    0x20  Code  Wk  interrupt_table.o [4]
___interrupt_189        0xfff0773c    0x20  Code  Wk  interrupt_table.o [4]
___interrupt_19         0xfff0773c    0x20  Code  Wk  interrupt_table.o [4]
___interrupt_190        0xfff0773c    0x20  Code  Wk  interrupt_table.o [4]
___interrupt_191        0xfff0773c    0x20  Code  Wk  interrupt_table.o [4]
___interrupt_192        0xfff0773c    0x20  Code  Wk  interrupt_table.o [4]
___interrupt_193        0xfff0773c    0x20  Code  Wk  interrupt_table.o [4]
___interrupt_194        0xfff0773c    0x20  Code  Wk  interrupt_table.o [4]
___interrupt_195        0xfff0773c    0x20  Code  Wk  interrupt_table.o [4]
___interrupt_196        0xfff0773c    0x20  Code  Wk  interrupt_table.o [4]
___interrupt_197        0xfff0773c    0x20  Code  Wk  interrupt_table.o [4]
___interrupt_198        0xfff0773c    0x20  Code  Wk  interrupt_table.o [4]
___interrupt_199        0xfff0773c    0x20  Code  Wk  interrupt_table.o [4]
___interrupt_2          0xfff0773c    0x20  Code  Wk  interrupt_table.o [4]
___interrupt_20         0xfff0773c    0x20  Code  Wk  interrupt_table.o [4]
___interrupt_200        0xfff0773c    0x20  Code  Wk  interrupt_table.o [4]
___interrupt_201        0xfff0773c    0x20  Code  Wk  interrupt_table.o [4]
___interrupt_202        0xfff0773c    0x20  Code  Wk  interrupt_table.o [4]
___interrupt_203        0xfff0773c    0x20  Code  Wk  interrupt_table.o [4]
___interrupt_204        0xfff0773c    0x20  Code  Wk  interrupt_table.o [4]
___interrupt_205        0xfff0773c    0x20  Code  Wk  interrupt_table.o [4]
___interrupt_206        0xfff0773c    0x20  Code  Wk  interrupt_table.o [4]
___interrupt_207        0xfff0773c    0x20  Code  Wk  interrupt_table.o [4]
___interrupt_208        0xfff0773c    0x20  Code  Wk  interrupt_table.o [4]
___interrupt_209        0xfff0773c    0x20  Code  Wk  interrupt_table.o [4]
___interrupt_21         0xfff0773c    0x20  Code  Wk  interrupt_table.o [4]
___interrupt_210        0xfff0773c    0x20  Code  Wk  interrupt_table.o [4]
___interrupt_211        0xfff0773c    0x20  Code  Wk  interrupt_table.o [4]
___interrupt_212        0xfff0773c    0x20  Code  Wk  interrupt_table.o [4]
___interrupt_213        0xfff0773c    0x20  Code  Wk  interrupt_table.o [4]
___interrupt_214        0xfff0773c    0x20  Code  Wk  interrupt_table.o [4]
___interrupt_215        0xfff0773c    0x20  Code  Wk  interrupt_table.o [4]
___interrupt_216        0xfff0773c    0x20  Code  Wk  interrupt_table.o [4]
___interrupt_217        0xfff0773c    0x20  Code  Wk  interrupt_table.o [4]
___interrupt_218        0xfff0773c    0x20  Code  Wk  interrupt_table.o [4]
___interrupt_219        0xfff0773c    0x20  Code  Wk  interrupt_table.o [4]
___interrupt_22         0xfff0773c    0x20  Code  Wk  interrupt_table.o [4]
___interrupt_220        0xfff0773c    0x20  Code  Wk  interrupt_table.o [4]
___interrupt_221        0xfff0773c    0x20  Code  Wk  interrupt_table.o [4]
___interrupt_222        0xfff0773c    0x20  Code  Wk  interrupt_table.o [4]
___interrupt_223        0xfff0773c    0x20  Code  Wk  interrupt_table.o [4]
___interrupt_224        0xfff0773c    0x20  Code  Wk  interrupt_table.o [4]
___interrupt_225        0xfff0773c    0x20  Code  Wk  interrupt_table.o [4]
___interrupt_226        0xfff0773c    0x20  Code  Wk  interrupt_table.o [4]
___interrupt_227        0xfff0773c    0x20  Code  Wk  interrupt_table.o [4]
___interrupt_228        0xfff0773c    0x20  Code  Wk  interrupt_table.o [4]
___interrupt_229        0xfff0773c    0x20  Code  Wk  interrupt_table.o [4]
___interrupt_23         0xfff0773c    0x20  Code  Wk  interrupt_table.o [4]
___interrupt_230        0xfff0773c    0x20  Code  Wk  interrupt_table.o [4]
___interrupt_231        0xfff0773c    0x20  Code  Wk  interrupt_table.o [4]
___interrupt_232        0xfff0773c    0x20  Code  Wk  interrupt_table.o [4]
___interrupt_233        0xfff0773c    0x20  Code  Wk  interrupt_table.o [4]
___interrupt_234        0xfff0773c    0x20  Code  Wk  interrupt_table.o [4]
___interrupt_235        0xfff0773c    0x20  Code  Wk  interrupt_table.o [4]
___interrupt_236        0xfff0773c    0x20  Code  Wk  interrupt_table.o [4]
___interrupt_237        0xfff0773c    0x20  Code  Wk  interrupt_table.o [4]
___interrupt_238        0xfff0773c    0x20  Code  Wk  interrupt_table.o [4]
___interrupt_239        0xfff0773c    0x20  Code  Wk  interrupt_table.o [4]
___interrupt_24         0xfff0773c    0x20  Code  Wk  interrupt_table.o [4]
___interrupt_240        0xfff0773c    0x20  Code  Wk  interrupt_table.o [4]
___interrupt_241        0xfff0773c    0x20  Code  Wk  interrupt_table.o [4]
___interrupt_242        0xfff0773c    0x20  Code  Wk  interrupt_table.o [4]
___interrupt_243        0xfff0773c    0x20  Code  Wk  interrupt_table.o [4]
___interrupt_244        0xfff0773c    0x20  Code  Wk  interrupt_table.o [4]
___interrupt_245        0xfff0773c    0x20  Code  Wk  interrupt_table.o [4]
___interrupt_246        0xfff0773c    0x20  Code  Wk  interrupt_table.o [4]
___interrupt_247        0xfff0773c    0x20  Code  Wk  interrupt_table.o [4]
___interrupt_248        0xfff0773c    0x20  Code  Wk  interrupt_table.o [4]
___interrupt_249        0xfff0773c    0x20  Code  Wk  interrupt_table.o [4]
___interrupt_25         0xfff0773c    0x20  Code  Wk  interrupt_table.o [4]
___interrupt_250        0xfff0773c    0x20  Code  Wk  interrupt_table.o [4]
___interrupt_251        0xfff0773c    0x20  Code  Wk  interrupt_table.o [4]
___interrupt_252        0xfff0773c    0x20  Code  Wk  interrupt_table.o [4]
___interrupt_253        0xfff0773c    0x20  Code  Wk  interrupt_table.o [4]
___interrupt_254        0xfff0773c    0x20  Code  Wk  interrupt_table.o [4]
___interrupt_255        0xfff0773c    0x20  Code  Wk  interrupt_table.o [4]
___interrupt_26         0xfff0773c    0x20  Code  Wk  interrupt_table.o [4]
___interrupt_27         0xfff0773c    0x20  Code  Wk  interrupt_table.o [4]
___interrupt_28         0xfff0773c    0x20  Code  Wk  interrupt_table.o [4]
___interrupt_29         0xfff0773c    0x20  Code  Wk  interrupt_table.o [4]
___interrupt_3          0xfff0773c    0x20  Code  Wk  interrupt_table.o [4]
___interrupt_30         0xfff0773c    0x20  Code  Wk  interrupt_table.o [4]
___interrupt_31         0xfff0773c    0x20  Code  Wk  interrupt_table.o [4]
___interrupt_32         0xfff0773c    0x20  Code  Wk  interrupt_table.o [4]
___interrupt_33         0xfff0773c    0x20  Code  Wk  interrupt_table.o [4]
___interrupt_34         0xfff0773c    0x20  Code  Wk  interrupt_table.o [4]
___interrupt_35         0xfff0773c    0x20  Code  Wk  interrupt_table.o [4]
___interrupt_36         0xfff0773c    0x20  Code  Wk  interrupt_table.o [4]
___interrupt_37         0xfff0773c    0x20  Code  Wk  interrupt_table.o [4]
___interrupt_38         0xfff0773c    0x20  Code  Wk  interrupt_table.o [4]
___interrupt_39         0xfff0773c    0x20  Code  Wk  interrupt_table.o [4]
___interrupt_4          0xfff0773c    0x20  Code  Wk  interrupt_table.o [4]
___interrupt_40         0xfff0773c    0x20  Code  Wk  interrupt_table.o [4]
___interrupt_41         0xfff0773c    0x20  Code  Wk  interrupt_table.o [4]
___interrupt_42         0xfff0773c    0x20  Code  Wk  interrupt_table.o [4]
___interrupt_43         0xfff0773c    0x20  Code  Wk  interrupt_table.o [4]
___interrupt_44         0xfff0773c    0x20  Code  Wk  interrupt_table.o [4]
___interrupt_45         0xfff0773c    0x20  Code  Wk  interrupt_table.o [4]
___interrupt_46         0xfff0773c    0x20  Code  Wk  interrupt_table.o [4]
___interrupt_47         0xfff0773c    0x20  Code  Wk  interrupt_table.o [4]
___interrupt_48         0xfff0773c    0x20  Code  Wk  interrupt_table.o [4]
___interrupt_49         0xfff0773c    0x20  Code  Wk  interrupt_table.o [4]
___interrupt_5          0xfff0773c    0x20  Code  Wk  interrupt_table.o [4]
___interrupt_50         0xfff0773c    0x20  Code  Wk  interrupt_table.o [4]
___interrupt_51         0xfff0773c    0x20  Code  Wk  interrupt_table.o [4]
___interrupt_52         0xfff0773c    0x20  Code  Wk  interrupt_table.o [4]
___interrupt_53         0xfff0773c    0x20  Code  Wk  interrupt_table.o [4]
___interrupt_54         0xfff0773c    0x20  Code  Wk  interrupt_table.o [4]
___interrupt_55         0xfff0773c    0x20  Code  Wk  interrupt_table.o [4]
___interrupt_56         0xfff0773c    0x20  Code  Wk  interrupt_table.o [4]
___interrupt_57         0xfff0773c    0x20  Code  Wk  interrupt_table.o [4]
___interrupt_58         0xfff0773c    0x20  Code  Wk  interrupt_table.o [4]
___interrupt_59         0xfff0773c    0x20  Code  Wk  interrupt_table.o [4]
___interrupt_6          0xfff0773c    0x20  Code  Wk  interrupt_table.o [4]
___interrupt_60         0xfff0773c    0x20  Code  Wk  interrupt_table.o [4]
___interrupt_61         0xfff0773c    0x20  Code  Wk  interrupt_table.o [4]
___interrupt_62         0xfff0773c    0x20  Code  Wk  interrupt_table.o [4]
___interrupt_63         0xfff0773c    0x20  Code  Wk  interrupt_table.o [4]
___interrupt_64         0xfff0773c    0x20  Code  Wk  interrupt_table.o [4]
___interrupt_65         0xfff0773c    0x20  Code  Wk  interrupt_table.o [4]
___interrupt_66         0xfff0773c    0x20  Code  Wk  interrupt_table.o [4]
___interrupt_67         0xfff0773c    0x20  Code  Wk  interrupt_table.o [4]
___interrupt_68         0xfff0773c    0x20  Code  Wk  interrupt_table.o [4]
___interrupt_69         0xfff0773c    0x20  Code  Wk  interrupt_table.o [4]
___interrupt_7          0xfff0773c    0x20  Code  Wk  interrupt_table.o [4]
___interrupt_70         0xfff0773c    0x20  Code  Wk  interrupt_table.o [4]
___interrupt_71         0xfff0773c    0x20  Code  Wk  interrupt_table.o [4]
___interrupt_72         0xfff0773c    0x20  Code  Wk  interrupt_table.o [4]
___interrupt_73         0xfff0773c    0x20  Code  Wk  interrupt_table.o [4]
___interrupt_74         0xfff0773c    0x20  Code  Wk  interrupt_table.o [4]
___interrupt_75         0xfff0773c    0x20  Code  Wk  interrupt_table.o [4]
___interrupt_76         0xfff0773c    0x20  Code  Wk  interrupt_table.o [4]
___interrupt_77         0xfff0773c    0x20  Code  Wk  interrupt_table.o [4]
___interrupt_78         0xfff0773c    0x20  Code  Wk  interrupt_table.o [4]
___interrupt_79         0xfff0773c    0x20  Code  Wk  interrupt_table.o [4]
___interrupt_8          0xfff0773c    0x20  Code  Wk  interrupt_table.o [4]
___interrupt_80         0xfff0773c    0x20  Code  Wk  interrupt_table.o [4]
___interrupt_81         0xfff0773c    0x20  Code  Wk  interrupt_table.o [4]
___interrupt_82         0xfff0773c    0x20  Code  Wk  interrupt_table.o [4]
___interrupt_83         0xfff0773c    0x20  Code  Wk  interrupt_table.o [4]
___interrupt_84         0xfff0773c    0x20  Code  Wk  interrupt_table.o [4]
___interrupt_85         0xfff0773c    0x20  Code  Wk  interrupt_table.o [4]
___interrupt_86         0xfff0773c    0x20  Code  Wk  interrupt_table.o [4]
___interrupt_87         0xfff0773c    0x20  Code  Wk  interrupt_table.o [4]
___interrupt_88         0xfff0773c    0x20  Code  Wk  interrupt_table.o [4]
___interrupt_89         0xfff0773c    0x20  Code  Wk  interrupt_table.o [4]
___interrupt_9          0xfff0773c    0x20  Code  Wk  interrupt_table.o [4]
___interrupt_90         0xfff0773c    0x20  Code  Wk  interrupt_table.o [4]
___interrupt_91         0xfff0773c    0x20  Code  Wk  interrupt_table.o [4]
___interrupt_92         0xfff0773c    0x20  Code  Wk  interrupt_table.o [4]
___interrupt_93         0xfff0773c    0x20  Code  Wk  interrupt_table.o [4]
___interrupt_94         0xfff0773c    0x20  Code  Wk  interrupt_table.o [4]
___interrupt_95         0xfff0773c    0x20  Code  Wk  interrupt_table.o [4]
___interrupt_96         0xfff0773c    0x20  Code  Wk  interrupt_table.o [4]
___interrupt_97         0xfff0773c    0x20  Code  Wk  interrupt_table.o [4]
___interrupt_98         0xfff0773c    0x20  Code  Wk  interrupt_table.o [4]
___interrupt_99         0xfff0773c    0x20  Code  Wk  interrupt_table.o [4]
___privileged_handler   0xfff07682          Code  Wk  def_nmi_handlers.o [4]
___rxabi_assert         0xfff06abf    0x89  Code  Gb  xassert.o [4]
___undefined_handler    0xfff07682          Code  Wk  def_nmi_handlers.o [4]
___write                0xfff071c6     0xa  Code  Gb  __dbg_xxwrite.o [3]
__exit                  0xfff076e3          Code  Gb  cexit.o [4]
__float_placeholder     0xfff07682          Code  Wk  def_nmi_handlers.o [4]
__iar_cstart_end        0xfff076ca          Code  Gb  cstartup.o [1]
__iar_main_call         0xfff076ba          Code  Gb  cstartup.o [1]
__iar_program_start     0xfff076a8          Code  Gb  cstartup.o [1]
__iar_reset_vector      0xfffffffc          Data  Gb  nmivec.o [4]
_abort                  0xfff06e05     0xf  Code  Gb  __dbg_abort.o [3]
_adc_config             0xfff075d8    0x54  Code  Lc  adc.o [1]
_adc_isr                0xfff07516    0x31  Code  Gb  adc.o [1]
_adc_task               0xfff07547    0x91  Code  Gb  adc.o [1]
_debounce_task          0xfff07460    0x88  Code  Gb  pushbutton.o [1]
_default_handler        0xfff0773c    0x20  Code  Gb  interrupt_table.o [4]
_exit                   0xfff076df     0x4  Code  Gb  exit.o [4]
_g_adc_q                0x00007504    0x30  Data  Lc  adc.o [1]
_g_debounce_stack       0x00005c44   0x200  Data  Lc  exercise7.o [1]
_g_debounce_tcb         0x00006e90    0xc4  Data  Lc  exercise7.o [1]
_g_handle_potentiometer_stack
                        0x00006244   0x200  Data  Lc  exercise7.o [1]
_g_handle_sw1_stack     0x00005e44   0x200  Data  Lc  exercise7.o [1]
_g_handle_sw2_stack     0x00006044   0x200  Data  Lc  exercise7.o [1]
_g_led5_stack           0x00005644   0x200  Data  Lc  exercise7.o [1]
_g_led5_tcb             0x00006c44    0xc4  Data  Lc  exercise7.o [1]
_g_led6_stack           0x00005844   0x200  Data  Lc  exercise7.o [1]
_g_led6_tcb             0x00006d08    0xc4  Data  Lc  exercise7.o [1]
_g_startup_stack        0x00005a44   0x200  Data  Lc  exercise7.o [1]
_g_startup_tcb          0x00006dcc    0xc4  Data  Lc  exercise7.o [1]
_g_sw1_sem              0x000075ec    0x28  Data  Gb  exercise7.o [1]
_g_sw2_sem              0x000075c4    0x28  Data  Gb  exercise7.o [1]
_handle_potentiometer_tcb
                        0x000070dc    0xc4  Data  Lc  exercise7.o [1]
_handle_sw1_press_task  0xfff07415    0x4b  Code  Gb  pushbutton.o [1]
_handle_sw1_tcb         0x00006f54    0xc4  Data  Lc  exercise7.o [1]
_handle_sw2_press_task  0xfff073ca    0x4b  Code  Gb  pushbutton.o [1]
_handle_sw2_tcb         0x00007018    0xc4  Data  Lc  exercise7.o [1]
_led5_task              0xfff06856    0x63  Code  Gb  exercise7.o [1]
_led6_task              0xfff067f4    0x62  Code  Gb  exercise7.o [1]
_led_mutex              0x00007564    0x30  Data  Gb  exercise7.o [1]
_main                   0xfff0656a    0xad  Code  Gb  exercise7.o [1]
_out                    0xfff06df0    0x15  Code  Lc  xreportassert.o [4]
_p_adc                  0xfff01d28     0x4  Data  Gb  adc.o [1]
_putchar                0xfff07122    0x25  Code  Gb  putchar.o [4]
_size                   0x000076e4     0x2  Data  Lc  adc.o [1]
_sprintf                0xfff074e8    0x2e  Code  Gb  sprintf.o [4]
_startup_task           0xfff06617   0x1dd  Code  Gb  exercise7.o [1]
_strlen                 0xfff05d74     0xf  Code  Gb  strlen.o [4]
_sw1_counter            0x0000770a     0x2  Data  Lc  pushbutton.o [1]
_sw2_counter            0x0000770c     0x2  Data  Lc  pushbutton.o [1]
_vector_table           0xfff05de0   0x400  Data  Gb  interrupt_table.o [4]


[1] = C:\Embed_v2\Exercises\HandsOn\Exercise7\Debug\Obj
[2] = command line
[3] = dbgrxlld.a
[4] = dlrxflln.a

  21 704 bytes of readonly  code memory
   9 160 bytes of readonly  data memory
  30 994 bytes of readwrite data memory

Errors: none
Warnings: none
