###############################################################################
#
# IAR ELF Linker V2.60.1.1702 for Renesas RX              20/Oct/2015  13:00:58
# Copyright 2009-2014 IAR Systems AB.
#
#    Output file  =  
#        C:\Embed_v2\Exercises\HandsOn\Exercise4\Debug\Exe\Exercise4.out
#    Map file     =  
#        C:\Embed_v2\Exercises\HandsOn\Exercise4\Debug\List\Exercise4.map
#    Command line =  
#        C:\Embed_v2\Exercises\HandsOn\Exercise4\Debug\Obj\bsp.o
#        C:\Embed_v2\Exercises\HandsOn\Exercise4\Debug\Obj\bsp_glcd.o
#        C:\Embed_v2\Exercises\HandsOn\Exercise4\Debug\Obj\bsp_int.o
#        C:\Embed_v2\Exercises\HandsOn\Exercise4\Debug\Obj\bsp_led.o
#        C:\Embed_v2\Exercises\HandsOn\Exercise4\Debug\Obj\bsp_misc.o
#        C:\Embed_v2\Exercises\HandsOn\Exercise4\Debug\Obj\bsp_os.o
#        C:\Embed_v2\Exercises\HandsOn\Exercise4\Debug\Obj\bsp_ser.o
#        C:\Embed_v2\Exercises\HandsOn\Exercise4\Debug\Obj\bsp_sys.o
#        C:\Embed_v2\Exercises\HandsOn\Exercise4\Debug\Obj\cpu_bsp.o
#        C:\Embed_v2\Exercises\HandsOn\Exercise4\Debug\Obj\cpu_core.o
#        C:\Embed_v2\Exercises\HandsOn\Exercise4\Debug\Obj\cstartup.o
#        C:\Embed_v2\Exercises\HandsOn\Exercise4\Debug\Obj\exercise4.o
#        C:\Embed_v2\Exercises\HandsOn\Exercise4\Debug\Obj\font_8x8.o
#        C:\Embed_v2\Exercises\HandsOn\Exercise4\Debug\Obj\font_x5x7.o
#        C:\Embed_v2\Exercises\HandsOn\Exercise4\Debug\Obj\Glyph.o
#        C:\Embed_v2\Exercises\HandsOn\Exercise4\Debug\Obj\GlyphRegister.o
#        C:\Embed_v2\Exercises\HandsOn\Exercise4\Debug\Obj\interrupts.o
#        C:\Embed_v2\Exercises\HandsOn\Exercise4\Debug\Obj\lib_ascii.o
#        C:\Embed_v2\Exercises\HandsOn\Exercise4\Debug\Obj\lib_math.o
#        C:\Embed_v2\Exercises\HandsOn\Exercise4\Debug\Obj\lib_mem.o
#        C:\Embed_v2\Exercises\HandsOn\Exercise4\Debug\Obj\lib_str.o
#        C:\Embed_v2\Exercises\HandsOn\Exercise4\Debug\Obj\os_app_hooks.o
#        C:\Embed_v2\Exercises\HandsOn\Exercise4\Debug\Obj\os_bsp.o
#        C:\Embed_v2\Exercises\HandsOn\Exercise4\Debug\Obj\os_cfg_app.o
#        C:\Embed_v2\Exercises\HandsOn\Exercise4\Debug\Obj\os_core.o
#        C:\Embed_v2\Exercises\HandsOn\Exercise4\Debug\Obj\os_cpu_a.o
#        C:\Embed_v2\Exercises\HandsOn\Exercise4\Debug\Obj\os_cpu_c.o
#        C:\Embed_v2\Exercises\HandsOn\Exercise4\Debug\Obj\os_dbg.o
#        C:\Embed_v2\Exercises\HandsOn\Exercise4\Debug\Obj\os_flag.o
#        C:\Embed_v2\Exercises\HandsOn\Exercise4\Debug\Obj\os_int.o
#        C:\Embed_v2\Exercises\HandsOn\Exercise4\Debug\Obj\os_mem.o
#        C:\Embed_v2\Exercises\HandsOn\Exercise4\Debug\Obj\os_msg.o
#        C:\Embed_v2\Exercises\HandsOn\Exercise4\Debug\Obj\os_mutex.o
#        C:\Embed_v2\Exercises\HandsOn\Exercise4\Debug\Obj\os_pend_multi.o
#        C:\Embed_v2\Exercises\HandsOn\Exercise4\Debug\Obj\os_prio.o
#        C:\Embed_v2\Exercises\HandsOn\Exercise4\Debug\Obj\os_q.o
#        C:\Embed_v2\Exercises\HandsOn\Exercise4\Debug\Obj\os_sem.o
#        C:\Embed_v2\Exercises\HandsOn\Exercise4\Debug\Obj\os_stat.o
#        C:\Embed_v2\Exercises\HandsOn\Exercise4\Debug\Obj\os_task.o
#        C:\Embed_v2\Exercises\HandsOn\Exercise4\Debug\Obj\os_tick.o
#        C:\Embed_v2\Exercises\HandsOn\Exercise4\Debug\Obj\os_time.o
#        C:\Embed_v2\Exercises\HandsOn\Exercise4\Debug\Obj\os_tmr.o
#        C:\Embed_v2\Exercises\HandsOn\Exercise4\Debug\Obj\os_var.o
#        C:\Embed_v2\Exercises\HandsOn\Exercise4\Debug\Obj\ST7579_LCD.o
#        C:\Embed_v2\Exercises\HandsOn\Exercise4\Debug\Obj\YRDKRX63N_RSPI0.o
#        --redirect __Printf=__PrintfFull --redirect __Scanf=__ScanfFull -o
#        C:\Embed_v2\Exercises\HandsOn\Exercise4\Debug\Exe\Exercise4.out --map
#        C:\Embed_v2\Exercises\HandsOn\Exercise4\Debug\List\Exercise4.map
#        --config "C:\Program Files (x86)\IAR Systems\Embedded Workbench
#        7.0\rx\CONFIG\lnkr5f563nb.icf" --config_def _USTACK_SIZE=0x0
#        --config_def _ISTACK_SIZE=0x200 --config_def _HEAP_SIZE=0x800 --entry
#        __iar_program_start --debug_lib --inline --vfe
#
###############################################################################

*******************************************************************************
*** RUNTIME MODEL ATTRIBUTES
***

__SystemLibrary            = DLib
__calling_conv             = abi10
__core                     = 1
__dlib_file_descriptor     = 0
__dlib_full_locale_support = 0
__double_size              = 32
__endian                   = l
__fpu                      = 1
__int_size                 = 32
__lock_R10                 = 0
__lock_R11                 = 0
__lock_R12                 = 0
__lock_R13                 = 0
__lock_R8                  = 0
__lock_R9                  = 0
__rt_version               = 5


*******************************************************************************
*** PLACEMENT SUMMARY
***

"A1":  place at 0xffffff80 { ro section .nmivec };
"ROM16":
       place in [from 0xffff8000 to 0xffffffff] {
          ro section .code16*, ro section .data16* };
"ROM24":
       place in [from 0xfff00000 to 0xffffffff] {
          ro section .code24*, ro section .data24* };
"RAM24":
       place in [from 0x00000004 to 0x0001ffff] { rw section .data24* };
"ROM32":
       place in [from 0xfff00000 to 0xffffffff] { ro };
"RAM32":
       place in [from 0x00000004 to 0x0001ffff] {
          rw, ro section D, ro section D_1, ro section D_2, block HEAP,
          block STACKS };

  Section          Kind        Address    Size  Object
  -------          ----        -------    ----  ------
"RAM24":                                0x65c4
  .data24.bss      zero     0x00000004  0x5000  lib_mem.o [1]
  .data24.bss      zero     0x00005004   0x640  os_cfg_app.o [1]
  .data24.bss      zero     0x00005644   0x200  exercise4.o [1]
  .data24.bss      zero     0x00005844   0x200  os_cfg_app.o [1]
  .data24.bss      zero     0x00005a44   0x200  os_cfg_app.o [1]
  .data24.bss      zero     0x00005c44   0x200  os_cfg_app.o [1]
  .data24.bss      zero     0x00005e44   0x200  os_cfg_app.o [1]
  .data24.bss      zero     0x00006044    0xc4  exercise4.o [1]
  .data24.bss      zero     0x00006108    0xc4  os_var.o [1]
  .data24.bss      zero     0x000061cc    0xc4  os_var.o [1]
  .data24.bss      zero     0x00006290    0xc4  os_var.o [1]
  .data24.bss      zero     0x00006354    0xc0  os_var.o [1]
  .data24.bss      zero     0x00006414    0x58  Glyph.o [1]
  .data24.bss      zero     0x0000646c    0x30  bsp_os.o [1]
  .data24.bss      zero     0x0000649c    0x30  os_var.o [1]
  .data24.bss      zero     0x000064cc    0x14  lib_mem.o [1]
  .data24.bss      zero     0x000064e0    0x10  cpu_core.o [1]
  .data24.bss      zero     0x000064f0     0xc  Glyph.o [1]
  .data24.bss      zero     0x000064fc     0xc  os_var.o [1]
  .data24.bss      zero     0x00006508     0x8  Glyph.o [1]
  .data24.bss      zero     0x00006510     0x8  os_var.o [1]
  .data24.bss      zero     0x00006518     0x8  os_var.o [1]
  .data24.bss      zero     0x00006520     0x4  bsp_glcd.o [1]
  .data24.bss      zero     0x00006524     0x4  cpu_core.o [1]
  .data24.bss      zero     0x00006528     0x4  cpu_core.o [1]
  .data24.bss      zero     0x0000652c     0x4  lib_mem.o [1]
  .data24.bss      zero     0x00006530     0x4  os_cpu_c.o [1]
  .data24.bss      zero     0x00006534     0x4  os_prio.o [1]
  .data24.bss      zero     0x00006538     0x4  os_var.o [1]
  .data24.bss      zero     0x0000653c     0x4  os_var.o [1]
  .data24.bss      zero     0x00006540     0x4  os_var.o [1]
  .data24.bss      zero     0x00006544     0x4  os_var.o [1]
  .data24.bss      zero     0x00006548     0x4  os_var.o [1]
  .data24.bss      zero     0x0000654c     0x4  os_var.o [1]
  .data24.bss      zero     0x00006550     0x4  os_var.o [1]
  .data24.bss      zero     0x00006554     0x4  os_var.o [1]
  .data24.bss      zero     0x00006558     0x4  os_var.o [1]
  .data24.bss      zero     0x0000655c     0x4  os_var.o [1]
  .data24.bss      zero     0x00006560     0x4  os_var.o [1]
  .data24.bss      zero     0x00006564     0x4  os_var.o [1]
  .data24.bss      zero     0x00006568     0x4  os_var.o [1]
  .data24.bss      zero     0x0000656c     0x4  os_var.o [1]
  .data24.bss      zero     0x00006570     0x4  os_var.o [1]
  .data24.bss      zero     0x00006574     0x4  os_var.o [1]
  .data24.bss      zero     0x00006578     0x4  os_var.o [1]
  .data24.bss      zero     0x0000657c     0x4  os_var.o [1]
  .data24.bss      zero     0x00006580     0x4  os_var.o [1]
  .data24.bss      zero     0x00006584     0x4  os_var.o [1]
  .data24.bss      zero     0x00006588     0x4  os_var.o [1]
  .data24.bss      zero     0x0000658c     0x4  os_var.o [1]
  .data24.bss      zero     0x00006590     0x4  os_var.o [1]
  .data24.bss      zero     0x00006594     0x4  os_var.o [1]
  .data24.bss      zero     0x00006598     0x4  os_var.o [1]
  .data24.bss      zero     0x0000659c     0x2  cpu_core.o [1]
  .data24.bss      zero     0x0000659e     0x2  cpu_core.o [1]
  .data24.bss      zero     0x000065a0     0x2  cpu_core.o [1]
  .data24.bss      zero     0x000065a2     0x2  cpu_core.o [1]
  .data24.bss      zero     0x000065a4     0x2  cpu_core.o [1]
  .data24.bss      zero     0x000065a6     0x2  cpu_core.o [1]
  .data24.bss      zero     0x000065a8     0x2  cpu_core.o [1]
  .data24.bss      zero     0x000065aa     0x2  cpu_core.o [1]
  .data24.bss      zero     0x000065ac     0x2  os_var.o [1]
  .data24.bss      zero     0x000065ae     0x2  os_var.o [1]
  .data24.bss      zero     0x000065b0     0x2  os_var.o [1]
  .data24.bss      zero     0x000065b2     0x2  os_var.o [1]
  .data24.bss      zero     0x000065b4     0x2  os_var.o [1]
  .data24.bss      zero     0x000065b6     0x2  os_var.o [1]
  .data24.bss      zero     0x000065b8     0x2  os_var.o [1]
  .data24.bss      zero     0x000065ba     0x2  os_var.o [1]
  .data24.bss      zero     0x000065bc     0x2  os_var.o [1]
  .data24.bss      zero     0x000065be     0x1  os_var.o [1]
  .data24.bss      zero     0x000065bf     0x1  os_var.o [1]
  .data24.bss      zero     0x000065c0     0x1  os_var.o [1]
  .data24.bss      zero     0x000065c1     0x1  os_var.o [1]
  .data24.bss      zero     0x000065c2     0x1  os_var.o [1]
  .data24.bss      zero     0x000065c3     0x1  os_var.o [1]
  .data24.bss      zero     0x000065c4     0x1  os_var.o [1]
  .data24.bss      zero     0x000065c5     0x1  os_var.o [1]
                          - 0x000065c6  0x65c2

"RAM32":                                 0x200
  STACKS                    0x000065c8   0x200  <Block>
    ISTACK                  0x000065c8   0x200  <Block>
      ISTACK       uninit   0x000065c8   0x200  <Block tail>
                          - 0x000067c8   0x200

"ROM16":                                  0x2c
  .data16.rodata   const    0xffff8000    0x16  xreportassert.o [4]
  .data16.rodata   const    0xffff8016     0xd  xreportassert.o [4]
  .data16.rodata   const    0xffff8023     0x5  xreportassert.o [4]
  .data16.rodata   const    0xffff8028     0x2  xreportassert.o [4]
  .data16.rodata   const    0xffff802a     0x2  xreportassert.o [4]
                          - 0xffff802c    0x2c

"ROM24":                                0x1d00
  .data24.rodata   const    0xffff802c   0x400  font_8x8.o [1]
  .data24.rodata   const    0xffff842c   0x400  font_x5x7.o [1]
  .data24.rodata   const    0xffff882c   0x400  interrupts.o [1]
  .data24.rodata   const    0xffff8c2c   0x100  cpu_core.o [1]
  .data24.rodata   const    0xffff8d2c    0x34  exercise4.o [1]
  .data24.rodata   const    0xffff8d60    0x30  os_dbg.o [1]
  .data24.rodata   const    0xffff8d90    0x30  os_dbg.o [1]
  .data24.rodata   const    0xffff8dc0    0x30  os_dbg.o [1]
  .data24.rodata   const    0xffff8df0    0x28  os_dbg.o [1]
  .data24.rodata   const    0xffff8e18    0x28  os_dbg.o [1]
  .data24.rodata   const    0xffff8e40    0x20  os_dbg.o [1]
  .data24.rodata   const    0xffff8e60    0x15  os_tmr.o [1]
  .data24.rodata   const    0xffff8e75    0x13  exercise4.o [1]
  .data24.rodata   const    0xffff8e88    0x14  os_core.o [1]
  .data24.rodata   const    0xffff8e9c    0x14  os_tick.o [1]
  .data24.rodata   const    0xffff8eb0     0xd  os_tmr.o [1]
  .data24.rodata   const    0xffff8ebd     0xb  bsp_os.o [1]
  .data24.rodata   const    0xffff8ec8     0xb  exercise4.o [1]
  .data24.rodata   const    0xffff8ed3     0xa  font_8x8.o [1]
  .data24.rodata   const    0xffff8edd     0xa  font_8x8.o [1]
  .data24.rodata   const    0xffff8ee7     0xa  font_8x8.o [1]
  .data24.rodata   const    0xffff8ef1     0xa  font_8x8.o [1]
  .data24.rodata   const    0xffff8efb     0xa  font_8x8.o [1]
  .data24.rodata   const    0xffff8f05     0xa  font_8x8.o [1]
  .data24.rodata   const    0xffff8f0f     0xa  font_8x8.o [1]
  .data24.rodata   const    0xffff8f19     0xa  font_8x8.o [1]
  .data24.rodata   const    0xffff8f23     0xa  font_8x8.o [1]
  .data24.rodata   const    0xffff8f2d     0xa  font_8x8.o [1]
  .data24.rodata   const    0xffff8f37     0xa  font_8x8.o [1]
  .data24.rodata   const    0xffff8f41     0xa  font_8x8.o [1]
  .data24.rodata   const    0xffff8f4b     0xa  font_8x8.o [1]
  .data24.rodata   const    0xffff8f55     0xa  font_8x8.o [1]
  .data24.rodata   const    0xffff8f5f     0xa  font_8x8.o [1]
  .data24.rodata   const    0xffff8f69     0xa  font_8x8.o [1]
  .data24.rodata   const    0xffff8f73     0xa  font_8x8.o [1]
  .data24.rodata   const    0xffff8f7d     0xa  font_8x8.o [1]
  .data24.rodata   const    0xffff8f87     0xa  font_8x8.o [1]
  .data24.rodata   const    0xffff8f91     0xa  font_8x8.o [1]
  .data24.rodata   const    0xffff8f9b     0xa  font_8x8.o [1]
  .data24.rodata   const    0xffff8fa5     0xa  font_8x8.o [1]
  .data24.rodata   const    0xffff8faf     0xa  font_8x8.o [1]
  .data24.rodata   const    0xffff8fb9     0xa  font_8x8.o [1]
  .data24.rodata   const    0xffff8fc3     0xa  font_8x8.o [1]
  .data24.rodata   const    0xffff8fcd     0xa  font_8x8.o [1]
  .data24.rodata   const    0xffff8fd7     0xa  font_8x8.o [1]
  .data24.rodata   const    0xffff8fe1     0xa  font_8x8.o [1]
  .data24.rodata   const    0xffff8feb     0xa  font_8x8.o [1]
  .data24.rodata   const    0xffff8ff5     0xa  font_8x8.o [1]
  .data24.rodata   const    0xffff8fff     0xa  font_8x8.o [1]
  .data24.rodata   const    0xffff9009     0xa  font_8x8.o [1]
  .data24.rodata   const    0xffff9013     0xa  font_8x8.o [1]
  .data24.rodata   const    0xffff901d     0xa  font_8x8.o [1]
  .data24.rodata   const    0xffff9027     0xa  font_8x8.o [1]
  .data24.rodata   const    0xffff9031     0xa  font_8x8.o [1]
  .data24.rodata   const    0xffff903b     0xa  font_8x8.o [1]
  .data24.rodata   const    0xffff9045     0xa  font_8x8.o [1]
  .data24.rodata   const    0xffff904f     0xa  font_8x8.o [1]
  .data24.rodata   const    0xffff9059     0xa  font_8x8.o [1]
  .data24.rodata   const    0xffff9063     0xa  font_8x8.o [1]
  .data24.rodata   const    0xffff906d     0xa  font_8x8.o [1]
  .data24.rodata   const    0xffff9077     0xa  font_8x8.o [1]
  .data24.rodata   const    0xffff9081     0xa  font_8x8.o [1]
  .data24.rodata   const    0xffff908b     0xa  font_8x8.o [1]
  .data24.rodata   const    0xffff9095     0xa  font_8x8.o [1]
  .data24.rodata   const    0xffff909f     0xa  font_8x8.o [1]
  .data24.rodata   const    0xffff90a9     0xa  font_8x8.o [1]
  .data24.rodata   const    0xffff90b3     0xa  font_8x8.o [1]
  .data24.rodata   const    0xffff90bd     0xa  font_8x8.o [1]
  .data24.rodata   const    0xffff90c7     0xa  font_8x8.o [1]
  .data24.rodata   const    0xffff90d1     0xa  font_8x8.o [1]
  .data24.rodata   const    0xffff90db     0xa  font_8x8.o [1]
  .data24.rodata   const    0xffff90e5     0xa  font_8x8.o [1]
  .data24.rodata   const    0xffff90ef     0xa  font_8x8.o [1]
  .data24.rodata   const    0xffff90f9     0xa  font_8x8.o [1]
  .data24.rodata   const    0xffff9103     0xa  font_8x8.o [1]
  .data24.rodata   const    0xffff910d     0xa  font_8x8.o [1]
  .data24.rodata   const    0xffff9117     0xa  font_8x8.o [1]
  .data24.rodata   const    0xffff9121     0xa  font_8x8.o [1]
  .data24.rodata   const    0xffff912b     0xa  font_8x8.o [1]
  .data24.rodata   const    0xffff9135     0xa  font_8x8.o [1]
  .data24.rodata   const    0xffff913f     0xa  font_8x8.o [1]
  .data24.rodata   const    0xffff9149     0xa  font_8x8.o [1]
  .data24.rodata   const    0xffff9153     0xa  font_8x8.o [1]
  .data24.rodata   const    0xffff915d     0xa  font_8x8.o [1]
  .data24.rodata   const    0xffff9167     0xa  font_8x8.o [1]
  .data24.rodata   const    0xffff9171     0xa  font_8x8.o [1]
  .data24.rodata   const    0xffff917b     0xa  font_8x8.o [1]
  .data24.rodata   const    0xffff9185     0xa  font_8x8.o [1]
  .data24.rodata   const    0xffff918f     0xa  font_8x8.o [1]
  .data24.rodata   const    0xffff9199     0xa  font_8x8.o [1]
  .data24.rodata   const    0xffff91a3     0xa  font_8x8.o [1]
  .data24.rodata   const    0xffff91ad     0xa  font_8x8.o [1]
  .data24.rodata   const    0xffff91b7     0xa  font_8x8.o [1]
  .data24.rodata   const    0xffff91c1     0xa  font_8x8.o [1]
  .data24.rodata   const    0xffff91cb     0xa  font_8x8.o [1]
  .data24.rodata   const    0xffff91d5     0xa  font_8x8.o [1]
  .data24.rodata   const    0xffff91df     0xa  font_8x8.o [1]
  .data24.rodata   const    0xffff91e9     0xa  font_8x8.o [1]
  .data24.rodata   const    0xffff91f3     0xa  font_8x8.o [1]
  .data24.rodata   const    0xffff91fd     0xa  font_8x8.o [1]
  .data24.rodata   const    0xffff9207     0xa  font_8x8.o [1]
  .data24.rodata   const    0xffff9211     0xa  font_8x8.o [1]
  .data24.rodata   const    0xffff921b     0xa  font_8x8.o [1]
  .data24.rodata   const    0xffff9225     0xa  font_8x8.o [1]
  .data24.rodata   const    0xffff922f     0xa  font_8x8.o [1]
  .data24.rodata   const    0xffff9239     0xa  font_8x8.o [1]
  .data24.rodata   const    0xffff9243     0xa  font_8x8.o [1]
  .data24.rodata   const    0xffff924d     0xa  font_8x8.o [1]
  .data24.rodata   const    0xffff9257     0xa  font_8x8.o [1]
  .data24.rodata   const    0xffff9261     0xa  font_8x8.o [1]
  .data24.rodata   const    0xffff926b     0xa  font_8x8.o [1]
  .data24.rodata   const    0xffff9275     0xa  font_8x8.o [1]
  .data24.rodata   const    0xffff927f     0xa  font_8x8.o [1]
  .data24.rodata   const    0xffff9289     0xa  font_8x8.o [1]
  .data24.rodata   const    0xffff9293     0xa  font_8x8.o [1]
  .data24.rodata   const    0xffff929d     0xa  font_8x8.o [1]
  .data24.rodata   const    0xffff92a7     0xa  font_8x8.o [1]
  .data24.rodata   const    0xffff92b1     0xa  font_8x8.o [1]
  .data24.rodata   const    0xffff92bb     0xa  font_8x8.o [1]
  .data24.rodata   const    0xffff92c5     0xa  font_8x8.o [1]
  .data24.rodata   const    0xffff92cf     0xa  font_8x8.o [1]
  .data24.rodata   const    0xffff92d9     0xa  font_8x8.o [1]
  .data24.rodata   const    0xffff92e3     0xa  font_8x8.o [1]
  .data24.rodata   const    0xffff92ed     0xa  font_8x8.o [1]
  .data24.rodata   const    0xffff92f7     0xa  font_8x8.o [1]
  .data24.rodata   const    0xffff9301     0xa  font_8x8.o [1]
  .data24.rodata   const    0xffff930b     0xa  font_8x8.o [1]
  .data24.rodata   const    0xffff9315     0xa  font_8x8.o [1]
  .data24.rodata   const    0xffff931f     0xa  font_8x8.o [1]
  .data24.rodata   const    0xffff9329     0xa  font_8x8.o [1]
  .data24.rodata   const    0xffff9333     0xa  font_8x8.o [1]
  .data24.rodata   const    0xffff933d     0xa  font_8x8.o [1]
  .data24.rodata   const    0xffff9347     0xa  font_8x8.o [1]
  .data24.rodata   const    0xffff9351     0xa  font_8x8.o [1]
  .data24.rodata   const    0xffff935b     0xa  font_8x8.o [1]
  .data24.rodata   const    0xffff9365     0xa  font_8x8.o [1]
  .data24.rodata   const    0xffff936f     0xa  font_8x8.o [1]
  .data24.rodata   const    0xffff9379     0xa  font_8x8.o [1]
  .data24.rodata   const    0xffff9383     0xa  font_8x8.o [1]
  .data24.rodata   const    0xffff938d     0xa  font_8x8.o [1]
  .data24.rodata   const    0xffff9397     0xa  font_8x8.o [1]
  .data24.rodata   const    0xffff93a1     0xa  font_8x8.o [1]
  .data24.rodata   const    0xffff93ab     0xa  font_8x8.o [1]
  .data24.rodata   const    0xffff93b5     0xa  font_8x8.o [1]
  .data24.rodata   const    0xffff93bf     0xa  font_8x8.o [1]
  .data24.rodata   const    0xffff93c9     0xa  font_8x8.o [1]
  .data24.rodata   const    0xffff93d3     0xa  font_8x8.o [1]
  .data24.rodata   const    0xffff93dd     0xa  font_8x8.o [1]
  .data24.rodata   const    0xffff93e7     0xa  font_8x8.o [1]
  .data24.rodata   const    0xffff93f1     0xa  font_8x8.o [1]
  .data24.rodata   const    0xffff93fb     0xa  font_8x8.o [1]
  .data24.rodata   const    0xffff9405     0xa  font_8x8.o [1]
  .data24.rodata   const    0xffff940f     0xa  font_8x8.o [1]
  .data24.rodata   const    0xffff9419     0xa  font_8x8.o [1]
  .data24.rodata   const    0xffff9423     0xa  font_8x8.o [1]
  .data24.rodata   const    0xffff942d     0xa  font_8x8.o [1]
  .data24.rodata   const    0xffff9437     0xa  font_8x8.o [1]
  .data24.rodata   const    0xffff9441     0xa  font_8x8.o [1]
  .data24.rodata   const    0xffff944b     0xa  font_8x8.o [1]
  .data24.rodata   const    0xffff9455     0xa  font_8x8.o [1]
  .data24.rodata   const    0xffff945f     0xa  font_8x8.o [1]
  .data24.rodata   const    0xffff9469     0xa  font_8x8.o [1]
  .data24.rodata   const    0xffff9473     0xa  font_8x8.o [1]
  .data24.rodata   const    0xffff947d     0xa  font_8x8.o [1]
  .data24.rodata   const    0xffff9487     0xa  font_8x8.o [1]
  .data24.rodata   const    0xffff9491     0xa  font_8x8.o [1]
  .data24.rodata   const    0xffff949b     0xa  font_8x8.o [1]
  .data24.rodata   const    0xffff94a5     0xa  font_8x8.o [1]
  .data24.rodata   const    0xffff94af     0xa  font_8x8.o [1]
  .data24.rodata   const    0xffff94b9     0xa  font_8x8.o [1]
  .data24.rodata   const    0xffff94c3     0xa  font_8x8.o [1]
  .data24.rodata   const    0xffff94cd     0xa  font_8x8.o [1]
  .data24.rodata   const    0xffff94d7     0xa  font_8x8.o [1]
  .data24.rodata   const    0xffff94e1     0xa  font_8x8.o [1]
  .data24.rodata   const    0xffff94eb     0xa  font_8x8.o [1]
  .data24.rodata   const    0xffff94f5     0xa  font_8x8.o [1]
  .data24.rodata   const    0xffff94ff     0xa  font_8x8.o [1]
  .data24.rodata   const    0xffff9509     0xa  font_8x8.o [1]
  .data24.rodata   const    0xffff9513     0xa  font_8x8.o [1]
  .data24.rodata   const    0xffff951d     0xa  font_8x8.o [1]
  .data24.rodata   const    0xffff9527     0xa  font_8x8.o [1]
  .data24.rodata   const    0xffff9531     0xa  font_8x8.o [1]
  .data24.rodata   const    0xffff953b     0xa  font_8x8.o [1]
  .data24.rodata   const    0xffff9545     0xa  font_8x8.o [1]
  .data24.rodata   const    0xffff954f     0xa  font_8x8.o [1]
  .data24.rodata   const    0xffff9559     0xa  font_8x8.o [1]
  .data24.rodata   const    0xffff9563     0xa  font_8x8.o [1]
  .data24.rodata   const    0xffff956d     0xa  font_8x8.o [1]
  .data24.rodata   const    0xffff9577     0xa  font_8x8.o [1]
  .data24.rodata   const    0xffff9581     0xa  font_8x8.o [1]
  .data24.rodata   const    0xffff958b     0xa  font_8x8.o [1]
  .data24.rodata   const    0xffff9595     0xa  font_8x8.o [1]
  .data24.rodata   const    0xffff959f     0xa  font_8x8.o [1]
  .data24.rodata   const    0xffff95a9     0xa  font_8x8.o [1]
  .data24.rodata   const    0xffff95b3     0xa  font_8x8.o [1]
  .data24.rodata   const    0xffff95bd     0xa  font_8x8.o [1]
  .data24.rodata   const    0xffff95c7     0xa  font_8x8.o [1]
  .data24.rodata   const    0xffff95d1     0xa  font_8x8.o [1]
  .data24.rodata   const    0xffff95db     0xa  font_8x8.o [1]
  .data24.rodata   const    0xffff95e5     0xa  font_8x8.o [1]
  .data24.rodata   const    0xffff95ef     0xa  font_8x8.o [1]
  .data24.rodata   const    0xffff95f9     0xa  font_8x8.o [1]
  .data24.rodata   const    0xffff9603     0xa  font_8x8.o [1]
  .data24.rodata   const    0xffff960d     0xa  font_8x8.o [1]
  .data24.rodata   const    0xffff9617     0xa  font_8x8.o [1]
  .data24.rodata   const    0xffff9621     0xa  font_8x8.o [1]
  .data24.rodata   const    0xffff962b     0xa  font_8x8.o [1]
  .data24.rodata   const    0xffff9635     0xa  font_8x8.o [1]
  .data24.rodata   const    0xffff963f     0xa  font_8x8.o [1]
  .data24.rodata   const    0xffff9649     0xa  font_8x8.o [1]
  .data24.rodata   const    0xffff9653     0xa  font_8x8.o [1]
  .data24.rodata   const    0xffff965d     0xa  font_8x8.o [1]
  .data24.rodata   const    0xffff9667     0xa  font_8x8.o [1]
  .data24.rodata   const    0xffff9671     0xa  font_8x8.o [1]
  .data24.rodata   const    0xffff967b     0xa  font_8x8.o [1]
  .data24.rodata   const    0xffff9685     0xa  font_8x8.o [1]
  .data24.rodata   const    0xffff968f     0xa  font_8x8.o [1]
  .data24.rodata   const    0xffff9699     0xa  font_8x8.o [1]
  .data24.rodata   const    0xffff96a3     0xa  font_8x8.o [1]
  .data24.rodata   const    0xffff96ad     0xa  font_8x8.o [1]
  .data24.rodata   const    0xffff96b7     0xa  font_8x8.o [1]
  .data24.rodata   const    0xffff96c1     0xa  font_8x8.o [1]
  .data24.rodata   const    0xffff96cb     0xa  font_8x8.o [1]
  .data24.rodata   const    0xffff96d5     0xa  font_8x8.o [1]
  .data24.rodata   const    0xffff96df     0xa  font_8x8.o [1]
  .data24.rodata   const    0xffff96e9     0xa  font_8x8.o [1]
  .data24.rodata   const    0xffff96f3     0xa  font_8x8.o [1]
  .data24.rodata   const    0xffff96fd     0xa  font_8x8.o [1]
  .data24.rodata   const    0xffff9707     0xa  font_8x8.o [1]
  .data24.rodata   const    0xffff9711     0xa  font_8x8.o [1]
  .data24.rodata   const    0xffff971b     0xa  font_8x8.o [1]
  .data24.rodata   const    0xffff9725     0xa  font_8x8.o [1]
  .data24.rodata   const    0xffff972f     0xa  font_8x8.o [1]
  .data24.rodata   const    0xffff9739     0xa  font_8x8.o [1]
  .data24.rodata   const    0xffff9743     0xa  font_8x8.o [1]
  .data24.rodata   const    0xffff974d     0xa  font_8x8.o [1]
  .data24.rodata   const    0xffff9757     0xa  font_8x8.o [1]
  .data24.rodata   const    0xffff9761     0xa  font_8x8.o [1]
  .data24.rodata   const    0xffff976b     0xa  font_8x8.o [1]
  .data24.rodata   const    0xffff9775     0xa  font_8x8.o [1]
  .data24.rodata   const    0xffff977f     0xa  font_8x8.o [1]
  .data24.rodata   const    0xffff9789     0xa  font_8x8.o [1]
  .data24.rodata   const    0xffff9793     0xa  font_8x8.o [1]
  .data24.rodata   const    0xffff979d     0xa  font_8x8.o [1]
  .data24.rodata   const    0xffff97a7     0xa  font_8x8.o [1]
  .data24.rodata   const    0xffff97b1     0xa  font_8x8.o [1]
  .data24.rodata   const    0xffff97bb     0xa  font_8x8.o [1]
  .data24.rodata   const    0xffff97c5     0xa  font_8x8.o [1]
  .data24.rodata   const    0xffff97cf     0xa  font_8x8.o [1]
  .data24.rodata   const    0xffff97d9     0xa  font_8x8.o [1]
  .data24.rodata   const    0xffff97e3     0xa  font_8x8.o [1]
  .data24.rodata   const    0xffff97ed     0xa  font_8x8.o [1]
  .data24.rodata   const    0xffff97f7     0xa  font_8x8.o [1]
  .data24.rodata   const    0xffff9801     0xa  font_8x8.o [1]
  .data24.rodata   const    0xffff980b     0xa  font_8x8.o [1]
  .data24.rodata   const    0xffff9815     0xa  font_8x8.o [1]
  .data24.rodata   const    0xffff981f     0xa  font_8x8.o [1]
  .data24.rodata   const    0xffff9829     0xa  font_8x8.o [1]
  .data24.rodata   const    0xffff9833     0xa  font_8x8.o [1]
  .data24.rodata   const    0xffff983d     0xa  font_8x8.o [1]
  .data24.rodata   const    0xffff9847     0xa  font_8x8.o [1]
  .data24.rodata   const    0xffff9851     0xa  font_8x8.o [1]
  .data24.rodata   const    0xffff985b     0xa  font_8x8.o [1]
  .data24.rodata   const    0xffff9865     0xa  font_8x8.o [1]
  .data24.rodata   const    0xffff986f     0xa  font_8x8.o [1]
  .data24.rodata   const    0xffff9879     0xa  font_8x8.o [1]
  .data24.rodata   const    0xffff9883     0xa  font_8x8.o [1]
  .data24.rodata   const    0xffff988d     0xa  font_8x8.o [1]
  .data24.rodata   const    0xffff9897     0xa  font_8x8.o [1]
  .data24.rodata   const    0xffff98a1     0xa  font_8x8.o [1]
  .data24.rodata   const    0xffff98ab     0xa  font_8x8.o [1]
  .data24.rodata   const    0xffff98b5     0xa  font_8x8.o [1]
  .data24.rodata   const    0xffff98bf     0xa  font_8x8.o [1]
  .data24.rodata   const    0xffff98c9     0xa  font_8x8.o [1]
  .data24.rodata   const    0xffff98d3     0xa  ST7579_LCD.o [1]
  .data24.rodata   const    0xffff98dd     0x9  os_core.o [1]
  .data24.rodata   const    0xffff98e6     0x7  font_x5x7.o [1]
  .data24.rodata   const    0xffff98ed     0x7  font_x5x7.o [1]
  .data24.rodata   const    0xffff98f4     0x7  font_x5x7.o [1]
  .data24.rodata   const    0xffff98fb     0x7  font_x5x7.o [1]
  .data24.rodata   const    0xffff9902     0x7  font_x5x7.o [1]
  .data24.rodata   const    0xffff9909     0x7  font_x5x7.o [1]
  .data24.rodata   const    0xffff9910     0x7  font_x5x7.o [1]
  .data24.rodata   const    0xffff9917     0x7  font_x5x7.o [1]
  .data24.rodata   const    0xffff991e     0x7  font_x5x7.o [1]
  .data24.rodata   const    0xffff9925     0x7  font_x5x7.o [1]
  .data24.rodata   const    0xffff992c     0x7  font_x5x7.o [1]
  .data24.rodata   const    0xffff9933     0x7  font_x5x7.o [1]
  .data24.rodata   const    0xffff993a     0x7  font_x5x7.o [1]
  .data24.rodata   const    0xffff9941     0x7  font_x5x7.o [1]
  .data24.rodata   const    0xffff9948     0x7  font_x5x7.o [1]
  .data24.rodata   const    0xffff994f     0x7  font_x5x7.o [1]
  .data24.rodata   const    0xffff9956     0x7  font_x5x7.o [1]
  .data24.rodata   const    0xffff995d     0x7  font_x5x7.o [1]
  .data24.rodata   const    0xffff9964     0x7  font_x5x7.o [1]
  .data24.rodata   const    0xffff996b     0x7  font_x5x7.o [1]
  .data24.rodata   const    0xffff9972     0x7  font_x5x7.o [1]
  .data24.rodata   const    0xffff9979     0x7  font_x5x7.o [1]
  .data24.rodata   const    0xffff9980     0x7  font_x5x7.o [1]
  .data24.rodata   const    0xffff9987     0x7  font_x5x7.o [1]
  .data24.rodata   const    0xffff998e     0x7  font_x5x7.o [1]
  .data24.rodata   const    0xffff9995     0x7  font_x5x7.o [1]
  .data24.rodata   const    0xffff999c     0x7  font_x5x7.o [1]
  .data24.rodata   const    0xffff99a3     0x7  font_x5x7.o [1]
  .data24.rodata   const    0xffff99aa     0x7  font_x5x7.o [1]
  .data24.rodata   const    0xffff99b1     0x7  font_x5x7.o [1]
  .data24.rodata   const    0xffff99b8     0x7  font_x5x7.o [1]
  .data24.rodata   const    0xffff99bf     0x7  font_x5x7.o [1]
  .data24.rodata   const    0xffff99c6     0x7  font_x5x7.o [1]
  .data24.rodata   const    0xffff99cd     0x7  font_x5x7.o [1]
  .data24.rodata   const    0xffff99d4     0x7  font_x5x7.o [1]
  .data24.rodata   const    0xffff99db     0x7  font_x5x7.o [1]
  .data24.rodata   const    0xffff99e2     0x7  font_x5x7.o [1]
  .data24.rodata   const    0xffff99e9     0x7  font_x5x7.o [1]
  .data24.rodata   const    0xffff99f0     0x7  font_x5x7.o [1]
  .data24.rodata   const    0xffff99f7     0x7  font_x5x7.o [1]
  .data24.rodata   const    0xffff99fe     0x7  font_x5x7.o [1]
  .data24.rodata   const    0xffff9a05     0x7  font_x5x7.o [1]
  .data24.rodata   const    0xffff9a0c     0x7  font_x5x7.o [1]
  .data24.rodata   const    0xffff9a13     0x7  font_x5x7.o [1]
  .data24.rodata   const    0xffff9a1a     0x7  font_x5x7.o [1]
  .data24.rodata   const    0xffff9a21     0x7  font_x5x7.o [1]
  .data24.rodata   const    0xffff9a28     0x7  font_x5x7.o [1]
  .data24.rodata   const    0xffff9a2f     0x7  font_x5x7.o [1]
  .data24.rodata   const    0xffff9a36     0x7  font_x5x7.o [1]
  .data24.rodata   const    0xffff9a3d     0x7  font_x5x7.o [1]
  .data24.rodata   const    0xffff9a44     0x7  font_x5x7.o [1]
  .data24.rodata   const    0xffff9a4b     0x7  font_x5x7.o [1]
  .data24.rodata   const    0xffff9a52     0x7  font_x5x7.o [1]
  .data24.rodata   const    0xffff9a59     0x7  font_x5x7.o [1]
  .data24.rodata   const    0xffff9a60     0x7  font_x5x7.o [1]
  .data24.rodata   const    0xffff9a67     0x7  font_x5x7.o [1]
  .data24.rodata   const    0xffff9a6e     0x7  font_x5x7.o [1]
  .data24.rodata   const    0xffff9a75     0x7  font_x5x7.o [1]
  .data24.rodata   const    0xffff9a7c     0x7  font_x5x7.o [1]
  .data24.rodata   const    0xffff9a83     0x7  font_x5x7.o [1]
  .data24.rodata   const    0xffff9a8a     0x7  font_x5x7.o [1]
  .data24.rodata   const    0xffff9a91     0x7  font_x5x7.o [1]
  .data24.rodata   const    0xffff9a98     0x7  font_x5x7.o [1]
  .data24.rodata   const    0xffff9a9f     0x7  font_x5x7.o [1]
  .data24.rodata   const    0xffff9aa6     0x7  font_x5x7.o [1]
  .data24.rodata   const    0xffff9aad     0x7  font_x5x7.o [1]
  .data24.rodata   const    0xffff9ab4     0x7  font_x5x7.o [1]
  .data24.rodata   const    0xffff9abb     0x7  font_x5x7.o [1]
  .data24.rodata   const    0xffff9ac2     0x7  font_x5x7.o [1]
  .data24.rodata   const    0xffff9ac9     0x7  font_x5x7.o [1]
  .data24.rodata   const    0xffff9ad0     0x7  font_x5x7.o [1]
  .data24.rodata   const    0xffff9ad7     0x7  font_x5x7.o [1]
  .data24.rodata   const    0xffff9ade     0x7  font_x5x7.o [1]
  .data24.rodata   const    0xffff9ae5     0x7  font_x5x7.o [1]
  .data24.rodata   const    0xffff9aec     0x7  font_x5x7.o [1]
  .data24.rodata   const    0xffff9af3     0x7  font_x5x7.o [1]
  .data24.rodata   const    0xffff9afa     0x7  font_x5x7.o [1]
  .data24.rodata   const    0xffff9b01     0x7  font_x5x7.o [1]
  .data24.rodata   const    0xffff9b08     0x7  font_x5x7.o [1]
  .data24.rodata   const    0xffff9b0f     0x7  font_x5x7.o [1]
  .data24.rodata   const    0xffff9b16     0x7  font_x5x7.o [1]
  .data24.rodata   const    0xffff9b1d     0x7  font_x5x7.o [1]
  .data24.rodata   const    0xffff9b24     0x7  font_x5x7.o [1]
  .data24.rodata   const    0xffff9b2b     0x7  font_x5x7.o [1]
  .data24.rodata   const    0xffff9b32     0x7  font_x5x7.o [1]
  .data24.rodata   const    0xffff9b39     0x7  font_x5x7.o [1]
  .data24.rodata   const    0xffff9b40     0x7  font_x5x7.o [1]
  .data24.rodata   const    0xffff9b47     0x7  font_x5x7.o [1]
  .data24.rodata   const    0xffff9b4e     0x7  font_x5x7.o [1]
  .data24.rodata   const    0xffff9b55     0x7  font_x5x7.o [1]
  .data24.rodata   const    0xffff9b5c     0x7  font_x5x7.o [1]
  .data24.rodata   const    0xffff9b63     0x7  font_x5x7.o [1]
  .data24.rodata   const    0xffff9b6a     0x7  font_x5x7.o [1]
  .data24.rodata   const    0xffff9b71     0x7  font_x5x7.o [1]
  .data24.rodata   const    0xffff9b78     0x7  font_x5x7.o [1]
  .data24.rodata   const    0xffff9b7f     0x7  font_x5x7.o [1]
  .data24.rodata   const    0xffff9b86     0x7  font_x5x7.o [1]
  .data24.rodata   const    0xffff9b8d     0x7  font_x5x7.o [1]
  .data24.rodata   const    0xffff9b94     0x7  font_x5x7.o [1]
  .data24.rodata   const    0xffff9b9b     0x7  font_x5x7.o [1]
  .data24.rodata   const    0xffff9ba2     0x7  font_x5x7.o [1]
  .data24.rodata   const    0xffff9ba9     0x7  font_x5x7.o [1]
  .data24.rodata   const    0xffff9bb0     0x7  font_x5x7.o [1]
  .data24.rodata   const    0xffff9bb7     0x7  font_x5x7.o [1]
  .data24.rodata   const    0xffff9bbe     0x7  font_x5x7.o [1]
  .data24.rodata   const    0xffff9bc5     0x7  font_x5x7.o [1]
  .data24.rodata   const    0xffff9bcc     0x7  font_x5x7.o [1]
  .data24.rodata   const    0xffff9bd3     0x7  font_x5x7.o [1]
  .data24.rodata   const    0xffff9bda     0x7  font_x5x7.o [1]
  .data24.rodata   const    0xffff9be1     0x7  font_x5x7.o [1]
  .data24.rodata   const    0xffff9be8     0x7  font_x5x7.o [1]
  .data24.rodata   const    0xffff9bef     0x7  font_x5x7.o [1]
  .data24.rodata   const    0xffff9bf6     0x7  font_x5x7.o [1]
  .data24.rodata   const    0xffff9bfd     0x7  font_x5x7.o [1]
  .data24.rodata   const    0xffff9c04     0x7  font_x5x7.o [1]
  .data24.rodata   const    0xffff9c0b     0x7  font_x5x7.o [1]
  .data24.rodata   const    0xffff9c12     0x7  font_x5x7.o [1]
  .data24.rodata   const    0xffff9c19     0x7  font_x5x7.o [1]
  .data24.rodata   const    0xffff9c20     0x7  font_x5x7.o [1]
  .data24.rodata   const    0xffff9c27     0x7  font_x5x7.o [1]
  .data24.rodata   const    0xffff9c2e     0x7  font_x5x7.o [1]
  .data24.rodata   const    0xffff9c35     0x7  font_x5x7.o [1]
  .data24.rodata   const    0xffff9c3c     0x7  font_x5x7.o [1]
  .data24.rodata   const    0xffff9c43     0x7  font_x5x7.o [1]
  .data24.rodata   const    0xffff9c4a     0x7  font_x5x7.o [1]
  .data24.rodata   const    0xffff9c51     0x7  font_x5x7.o [1]
  .data24.rodata   const    0xffff9c58     0x7  font_x5x7.o [1]
  .data24.rodata   const    0xffff9c5f     0x7  os_core.o [1]
  .data24.rodata   const    0xffff9c66     0x6  os_task.o [1]
  .data24.rodata   const    0xffff9c6c     0x5  lib_mem.o [1]
  .data24.rodata   const    0xffff9c71     0x2  exercise4.o [1]
  .data24.rodata   const    0xffff9c73     0x1  os_cfg_app.o [1]
  .data24.rodata   const    0xffff9c74     0x4  os_cfg_app.o [1]
  .data24.rodata   const    0xffff9c78     0x4  os_cfg_app.o [1]
  .data24.rodata   const    0xffff9c7c     0x4  os_cfg_app.o [1]
  .data24.rodata   const    0xffff9c80     0x4  os_cfg_app.o [1]
  .data24.rodata   const    0xffff9c84     0x4  os_cfg_app.o [1]
  .data24.rodata   const    0xffff9c88     0x4  os_cfg_app.o [1]
  .data24.rodata   const    0xffff9c8c     0x4  os_cfg_app.o [1]
  .data24.rodata   const    0xffff9c90     0x4  os_cfg_app.o [1]
  .data24.rodata   const    0xffff9c94     0x4  os_cfg_app.o [1]
  .data24.rodata   const    0xffff9c98     0x4  os_cfg_app.o [1]
  .data24.rodata   const    0xffff9c9c     0x4  os_cfg_app.o [1]
  .data24.rodata   const    0xffff9ca0     0x4  os_cfg_app.o [1]
  .data24.rodata   const    0xffff9ca4     0x4  os_cfg_app.o [1]
  .data24.rodata   const    0xffff9ca8     0x4  os_cfg_app.o [1]
  .data24.rodata   const    0xffff9cac     0x4  os_cfg_app.o [1]
  .data24.rodata   const    0xffff9cb0     0x4  os_cfg_app.o [1]
  .data24.rodata   const    0xffff9cb4     0x4  os_cfg_app.o [1]
  .data24.rodata   const    0xffff9cb8     0x4  os_cfg_app.o [1]
  .data24.rodata   const    0xffff9cbc     0x4  os_cfg_app.o [1]
  .data24.rodata   const    0xffff9cc0     0x4  os_cfg_app.o [1]
  .data24.rodata   const    0xffff9cc4     0x4  os_cfg_app.o [1]
  .data24.rodata   const    0xffff9cc8     0x4  os_dbg.o [1]
  .data24.rodata   const    0xffff9ccc     0x4  os_dbg.o [1]
  .data24.rodata   const    0xffff9cd0     0x4  os_dbg.o [1]
  .data24.rodata   const    0xffff9cd4     0x2  os_cfg_app.o [1]
  .data24.rodata   const    0xffff9cd6     0x2  os_core.o [1]
  .data24.rodata   const    0xffff9cd8     0x2  os_dbg.o [1]
  .data24.rodata   const    0xffff9cda     0x2  os_dbg.o [1]
  .data24.rodata   const    0xffff9cdc     0x2  os_dbg.o [1]
  .data24.rodata   const    0xffff9cde     0x2  os_dbg.o [1]
  .data24.rodata   const    0xffff9ce0     0x2  os_dbg.o [1]
  .data24.rodata   const    0xffff9ce2     0x2  os_dbg.o [1]
  .data24.rodata   const    0xffff9ce4     0x2  os_dbg.o [1]
  .data24.rodata   const    0xffff9ce6     0x2  os_dbg.o [1]
  .data24.rodata   const    0xffff9ce8     0x2  os_dbg.o [1]
  .data24.rodata   const    0xffff9cea     0x2  os_dbg.o [1]
  .data24.rodata   const    0xffff9cec     0x2  os_dbg.o [1]
  .data24.rodata   const    0xffff9cee     0x2  os_dbg.o [1]
  .data24.rodata   const    0xffff9cf0     0x2  os_dbg.o [1]
  .data24.rodata   const    0xffff9cf2     0x2  os_dbg.o [1]
  .data24.rodata   const    0xffff9cf4     0x2  os_dbg.o [1]
  .data24.rodata   const    0xffff9cf6     0x2  os_dbg.o [1]
  .data24.rodata   const    0xffff9cf8     0x2  os_dbg.o [1]
  .data24.rodata   const    0xffff9cfa     0x2  os_dbg.o [1]
  .data24.rodata   const    0xffff9cfc     0x2  os_dbg.o [1]
  .data24.rodata   const    0xffff9cfe     0x2  os_dbg.o [1]
  .data24.rodata   const    0xffff9d00     0x2  os_mutex.o [1]
  .data24.rodata   const    0xffff9d02     0x2  os_task.o [1]
  .data24.rodata   const    0xffff9d04     0x1  os_cfg_app.o [1]
  .data24.rodata   const    0xffff9d05     0x1  os_dbg.o [1]
  .data24.rodata   const    0xffff9d06     0x1  os_dbg.o [1]
  .data24.rodata   const    0xffff9d07     0x1  os_dbg.o [1]
  .data24.rodata   const    0xffff9d08     0x1  os_dbg.o [1]
  .data24.rodata   const    0xffff9d09     0x1  os_dbg.o [1]
  .data24.rodata   const    0xffff9d0a     0x1  os_dbg.o [1]
  .data24.rodata   const    0xffff9d0b     0x1  os_dbg.o [1]
  .data24.rodata   const    0xffff9d0c     0x1  os_dbg.o [1]
  .data24.rodata   const    0xffff9d0d     0x1  os_dbg.o [1]
  .data24.rodata   const    0xffff9d0e     0x1  os_dbg.o [1]
  .data24.rodata   const    0xffff9d0f     0x1  os_dbg.o [1]
  .data24.rodata   const    0xffff9d10     0x1  os_dbg.o [1]
  .data24.rodata   const    0xffff9d11     0x1  os_dbg.o [1]
  .data24.rodata   const    0xffff9d12     0x1  os_dbg.o [1]
  .data24.rodata   const    0xffff9d13     0x1  os_dbg.o [1]
  .data24.rodata   const    0xffff9d14     0x1  os_dbg.o [1]
  .data24.rodata   const    0xffff9d15     0x1  os_dbg.o [1]
  .data24.rodata   const    0xffff9d16     0x1  os_dbg.o [1]
  .data24.rodata   const    0xffff9d17     0x1  os_dbg.o [1]
  .data24.rodata   const    0xffff9d18     0x1  os_dbg.o [1]
  .data24.rodata   const    0xffff9d19     0x1  os_dbg.o [1]
  .data24.rodata   const    0xffff9d1a     0x1  os_dbg.o [1]
  .data24.rodata   const    0xffff9d1b     0x1  os_dbg.o [1]
  .data24.rodata   const    0xffff9d1c     0x1  os_dbg.o [1]
  .data24.rodata   const    0xffff9d1d     0x1  os_dbg.o [1]
  .data24.rodata   const    0xffff9d1e     0x1  os_dbg.o [1]
  .data24.rodata   const    0xffff9d1f     0x1  os_dbg.o [1]
  .data24.rodata   const    0xffff9d20     0x1  os_dbg.o [1]
  .data24.rodata   const    0xffff9d21     0x1  os_dbg.o [1]
  .data24.rodata   const    0xffff9d22     0x1  os_dbg.o [1]
  .data24.rodata   const    0xffff9d23     0x1  os_dbg.o [1]
  .data24.rodata   const    0xffff9d24     0x1  os_dbg.o [1]
  .data24.rodata   const    0xffff9d25     0x1  os_dbg.o [1]
  .data24.rodata   const    0xffff9d26     0x1  os_dbg.o [1]
  .data24.rodata   const    0xffff9d27     0x1  os_dbg.o [1]
  .data24.rodata   const    0xffff9d28     0x1  os_dbg.o [1]
  .data24.rodata   const    0xffff9d29     0x1  os_dbg.o [1]
  .data24.rodata   const    0xffff9d2a     0x1  os_dbg.o [1]
  .data24.rodata   const    0xffff9d2b     0x1  os_dbg.o [1]
                          - 0xffff9d2c  0x1d00

"ROM32":                                0x44eb
  .text            ro code  0xffff9d2c   0xb50  os_core.o [1]
  .text            ro code  0xffffa87c   0x482  os_tick.o [1]
  .text            ro code  0xffffacfe   0x322  cpu_core.o [1]
  .text            ro code  0xffffb020    0x82  cpu_bsp.o [1]
  .text            ro code  0xffffb0a2    0xa6  os_prio.o [1]
  .text            ro code  0xffffb148   0x67f  os_task.o [1]
  .text            ro code  0xffffb7c7   0x1e2  os_cpu_c.o [1]
  .text            ro code  0xffffb9a9    0xa1  os_cpu_a.o [1]
  .text            ro code  0xffffba4a    0x14  os_flag.o [1]
  .text            ro code  0xffffba5e    0x88  os_msg.o [1]
  .text            ro code  0xffffbae6   0x43f  os_mutex.o [1]
  .text            ro code  0xffffbf25    0x14  os_q.o [1]
  .text            ro code  0xffffbf39    0x14  os_sem.o [1]
  .text            ro code  0xffffbf4d   0x214  os_tmr.o [1]
  .text            ro code  0xffffc161   0x155  os_dbg.o [1]
  .text            ro code  0xffffc2b6    0x79  os_cfg_app.o [1]
  .text            ro code  0xffffc32f   0x1f4  lib_mem.o [1]
  .text            ro code  0xffffc523    0xf1  bsp_sys.o [1]
  .text            ro code  0xffffc614   0x814  ST7579_LCD.o [1]
  .inttable                 0xffffce28   0x400  <Block>
    .inttable      const    0xffffce28   0x400  interrupt_table.o [4]
  .text            ro code  0xffffd228   0x38a  bsp_led.o [1]
  .text            ro code  0xffffd5b2   0x208  interrupts.o [1]
  .text            ro code  0xffffd7ba   0x1e5  YRDKRX63N_RSPI0.o [1]
  .text            ro code  0xffffd99f   0x169  os_time.o [1]
  .text            ro code  0xffffdb08    0xf9  exercise4.o [1]
  .text            ro code  0xffffdc01    0x89  xassert.o [4]
  .text            ro code  0xffffdc8a    0x15  bsp.o [1]
  .text            ro code  0xffffdc9f    0x87  xreportassert.o [4]
  .text            ro code  0xffffdd26     0xf  __dbg_abort.o [3]
  .text            ro code  0xffffdd35    0xc8  os_bsp.o [1]
  .text            ro code  0xffffddfd    0x44  bsp_glcd.o [1]
  .text            ro code  0xffffde41    0xd0  bsp_misc.o [1]
  .text            ro code  0xffffdf11    0x25  putchar.o [4]
  .text            ro code  0xffffdf36     0x1  __dbg_break.o [3]
  .text            ro code  0xffffdf37    0x12  __dbg_xxexit.o [3]
  .text            ro code  0xffffdf49    0x48  bsp_os.o [1]
  .text            ro code  0xffffdf91    0x7c  Glyph.o [1]
  .text            ro code  0xffffe00d     0xa  __dbg_xxwrite.o [3]
  .text            ro code  0xffffe017    0x6c  GlyphRegister.o [1]
  .text            ro code  0xffffe083    0x15  __dbg_xxdwrite.o [3]
  .switch.rodata   const    0xffffe098    0x2c  ST7579_LCD.o [1]
  .switch.rodata   const    0xffffe0c4    0x2a  ST7579_LCD.o [1]
  .text            ro code  0xffffe0ee     0x2  def_nmi_handlers.o [4]
  .switch.rodata   const    0xffffe0f0    0x24  ST7579_LCD.o [1]
  .text            ro code  0xffffe114    0x22  cstartup.o [1]
  .text            ro code  0xffffe136    0x15  data_init2.o [4]
  .text            ro code  0xffffe14b     0x4  exit.o [4]
  .text            ro code  0xffffe14f     0x8  cexit.o [4]
  .iar.init_table  const    0xffffe158    0x10  - Linker created -
  .switch.rodata   const    0xffffe168    0x20  bsp_led.o [1]
  .switch.rodata   const    0xffffe188    0x20  bsp_led.o [1]
  .text            ro code  0xffffe1a8    0x20  interrupt_table.o [4]
  .text            ro code  0xffffe1c8    0x18  zero_init2.o [4]
  .switch.rodata   const    0xffffe1e0    0x10  os_core.o [1]
  .switch.rodata   const    0xffffe1f0    0x10  os_task.o [1]
  .switch.rodata   const    0xffffe200    0x10  os_task.o [1]
  .switch.rodata   const    0xffffe210     0x7  bsp_sys.o [1]
                          - 0xffffe217  0x44eb

"A1":                                     0x80
  .nmivec          const    0xffffff80    0x80  nmivec.o [4]
                          - 0x00000000    0x80


*******************************************************************************
*** INIT TABLE
***

          Address     Size
          -------     ----
Zero (___iar_zero_init2)
    1 destination range, total size 0x65c2:
          0x00000004  0x65c2



*******************************************************************************
*** MODULE SUMMARY
***

    Module              ro code  ro data  rw data
    ------              -------  -------  -------
C:\Embed_v2\Exercises\HandsOn\Exercise4\Debug\Obj: [1]
    Glyph.o                 124               108
    GlyphRegister.o         108
    ST7579_LCD.o          2 068      132
    YRDKRX63N_RSPI0.o       485
    bsp.o                    21
    bsp_glcd.o               68                 4
    bsp_led.o               906       64
    bsp_misc.o              208
    bsp_os.o                 72       11       48
    bsp_sys.o               241        7
    cpu_bsp.o               130
    cpu_core.o              802      256       40
    cstartup.o               34
    exercise4.o             249       84      708
    font_8x8.o                     3 584
    font_x5x7.o                    1 913
    interrupts.o            520    1 024
    lib_mem.o               500        5   20 504
    os_bsp.o                200
    os_cfg_app.o            121       88    3 648
    os_core.o             2 896       54
    os_cpu_a.o              161
    os_cpu_c.o              482                 4
    os_dbg.o                341      347
    os_flag.o                20
    os_msg.o                136
    os_mutex.o            1 087        2
    os_prio.o               166                 4
    os_q.o                   20
    os_sem.o                 20
    os_task.o             1 663       40
    os_tick.o             1 154       20
    os_time.o               361
    os_tmr.o                532       34
    os_var.o                                  982
    ---------------------------------------------
    Total:               15 896    7 665   26 050

command line: [2]
    ---------------------------------------------
    Total:

dbgrxlld.a: [3]
    __dbg_abort.o            15
    __dbg_break.o             1
    __dbg_xxdwrite.o         21
    __dbg_xxexit.o           18
    __dbg_xxwrite.o          10
    ---------------------------------------------
    Total:                   65

dlrxflln.a: [4]
    cexit.o                   8
    data_init2.o             21
    def_nmi_handlers.o        2
    exit.o                    4
    interrupt_table.o        32    1 024
    nmivec.o                         128
    putchar.o                37
    xassert.o               137
    xreportassert.o         135       44
    zero_init2.o             24
    ---------------------------------------------
    Total:                  400    1 196

    Gaps                               1
    Linker created                    16      512
-------------------------------------------------
    Grand Total:         16 361    8 878   26 562


*******************************************************************************
*** ENTRY LIST
***

Entry                      Address    Size  Type      Object
-----                      -------    ----  ----      ------
.inttable$$Base         0xffffce28           --   Gb  - Linker created -
.inttable$$Limit        0xffffd228           --   Gb  - Linker created -
ISTACK$$Base            0x000065c8           --   Gb  - Linker created -
ISTACK$$Limit           0x000067c8           --   Gb  - Linker created -
Region$$Table$$Base     0xffffe158           --   Gb  - Linker created -
Region$$Table$$Limit    0xffffe168           --   Gb  - Linker created -
STACKS$$Base            0x000065c8           --   Gb  - Linker created -
STACKS$$Limit           0x000067c8           --   Gb  - Linker created -
_BSP_GraphLCD           0x00006520     0x4  Data  Lc  bsp_glcd.o [1]
_BSP_GraphLCD_Init      0xffffddfd    0x44  Code  Gb  bsp_glcd.o [1]
_BSP_Init               0xffffdc8a    0x15  Code  Gb  bsp.o [1]
_BSP_IntHandler_000     0xffffd7ac     0x2  Code  Gb  interrupts.o [1]
_BSP_IntHandler_001     0xffffd7aa     0x2  Code  Gb  interrupts.o [1]
_BSP_IntHandler_002     0xffffd7a8     0x2  Code  Gb  interrupts.o [1]
_BSP_IntHandler_003     0xffffd7a6     0x2  Code  Gb  interrupts.o [1]
_BSP_IntHandler_004     0xffffd7a4     0x2  Code  Gb  interrupts.o [1]
_BSP_IntHandler_005     0xffffd7a2     0x2  Code  Gb  interrupts.o [1]
_BSP_IntHandler_006     0xffffd7a0     0x2  Code  Gb  interrupts.o [1]
_BSP_IntHandler_007     0xffffd79e     0x2  Code  Gb  interrupts.o [1]
_BSP_IntHandler_008     0xffffd79c     0x2  Code  Gb  interrupts.o [1]
_BSP_IntHandler_009     0xffffd79a     0x2  Code  Gb  interrupts.o [1]
_BSP_IntHandler_010     0xffffd798     0x2  Code  Gb  interrupts.o [1]
_BSP_IntHandler_011     0xffffd796     0x2  Code  Gb  interrupts.o [1]
_BSP_IntHandler_012     0xffffd794     0x2  Code  Gb  interrupts.o [1]
_BSP_IntHandler_013     0xffffd792     0x2  Code  Gb  interrupts.o [1]
_BSP_IntHandler_014     0xffffd790     0x2  Code  Gb  interrupts.o [1]
_BSP_IntHandler_015     0xffffd78e     0x2  Code  Gb  interrupts.o [1]
_BSP_IntHandler_016     0xffffd78c     0x2  Code  Gb  interrupts.o [1]
_BSP_IntHandler_017     0xffffd78a     0x2  Code  Gb  interrupts.o [1]
_BSP_IntHandler_018     0xffffd788     0x2  Code  Gb  interrupts.o [1]
_BSP_IntHandler_019     0xffffd786     0x2  Code  Gb  interrupts.o [1]
_BSP_IntHandler_020     0xffffd784     0x2  Code  Gb  interrupts.o [1]
_BSP_IntHandler_021     0xffffd782     0x2  Code  Gb  interrupts.o [1]
_BSP_IntHandler_022     0xffffd780     0x2  Code  Gb  interrupts.o [1]
_BSP_IntHandler_023     0xffffd77e     0x2  Code  Gb  interrupts.o [1]
_BSP_IntHandler_024     0xffffd77c     0x2  Code  Gb  interrupts.o [1]
_BSP_IntHandler_025     0xffffd77a     0x2  Code  Gb  interrupts.o [1]
_BSP_IntHandler_026     0xffffd778     0x2  Code  Gb  interrupts.o [1]
_BSP_IntHandler_029     0xffffd776     0x2  Code  Gb  interrupts.o [1]
_BSP_IntHandler_030     0xffffd774     0x2  Code  Gb  interrupts.o [1]
_BSP_IntHandler_031     0xffffd772     0x2  Code  Gb  interrupts.o [1]
_BSP_IntHandler_032     0xffffd770     0x2  Code  Gb  interrupts.o [1]
_BSP_IntHandler_033     0xffffd76e     0x2  Code  Gb  interrupts.o [1]
_BSP_IntHandler_034     0xffffd76c     0x2  Code  Gb  interrupts.o [1]
_BSP_IntHandler_035     0xffffd76a     0x2  Code  Gb  interrupts.o [1]
_BSP_IntHandler_036     0xffffd768     0x2  Code  Gb  interrupts.o [1]
_BSP_IntHandler_037     0xffffd766     0x2  Code  Gb  interrupts.o [1]
_BSP_IntHandler_038     0xffffd764     0x2  Code  Gb  interrupts.o [1]
_BSP_IntHandler_039     0xffffd762     0x2  Code  Gb  interrupts.o [1]
_BSP_IntHandler_040     0xffffd760     0x2  Code  Gb  interrupts.o [1]
_BSP_IntHandler_041     0xffffd75e     0x2  Code  Gb  interrupts.o [1]
_BSP_IntHandler_042     0xffffd75c     0x2  Code  Gb  interrupts.o [1]
_BSP_IntHandler_043     0xffffd75a     0x2  Code  Gb  interrupts.o [1]
_BSP_IntHandler_044     0xffffd758     0x2  Code  Gb  interrupts.o [1]
_BSP_IntHandler_045     0xffffd756     0x2  Code  Gb  interrupts.o [1]
_BSP_IntHandler_046     0xffffd754     0x2  Code  Gb  interrupts.o [1]
_BSP_IntHandler_047     0xffffd752     0x2  Code  Gb  interrupts.o [1]
_BSP_IntHandler_048     0xffffd750     0x2  Code  Gb  interrupts.o [1]
_BSP_IntHandler_049     0xffffd74e     0x2  Code  Gb  interrupts.o [1]
_BSP_IntHandler_050     0xffffd74c     0x2  Code  Gb  interrupts.o [1]
_BSP_IntHandler_051     0xffffd74a     0x2  Code  Gb  interrupts.o [1]
_BSP_IntHandler_052     0xffffd748     0x2  Code  Gb  interrupts.o [1]
_BSP_IntHandler_053     0xffffd746     0x2  Code  Gb  interrupts.o [1]
_BSP_IntHandler_054     0xffffd744     0x2  Code  Gb  interrupts.o [1]
_BSP_IntHandler_055     0xffffd742     0x2  Code  Gb  interrupts.o [1]
_BSP_IntHandler_056     0xffffd740     0x2  Code  Gb  interrupts.o [1]
_BSP_IntHandler_057     0xffffd73e     0x2  Code  Gb  interrupts.o [1]
_BSP_IntHandler_058     0xffffd73c     0x2  Code  Gb  interrupts.o [1]
_BSP_IntHandler_059     0xffffd73a     0x2  Code  Gb  interrupts.o [1]
_BSP_IntHandler_060     0xffffd738     0x2  Code  Gb  interrupts.o [1]
_BSP_IntHandler_061     0xffffd736     0x2  Code  Gb  interrupts.o [1]
_BSP_IntHandler_062     0xffffd734     0x2  Code  Gb  interrupts.o [1]
_BSP_IntHandler_063     0xffffd732     0x2  Code  Gb  interrupts.o [1]
_BSP_IntHandler_064     0xffffd730     0x2  Code  Gb  interrupts.o [1]
_BSP_IntHandler_065     0xffffd72e     0x2  Code  Gb  interrupts.o [1]
_BSP_IntHandler_066     0xffffd72c     0x2  Code  Gb  interrupts.o [1]
_BSP_IntHandler_067     0xffffd72a     0x2  Code  Gb  interrupts.o [1]
_BSP_IntHandler_068     0xffffd728     0x2  Code  Gb  interrupts.o [1]
_BSP_IntHandler_069     0xffffd726     0x2  Code  Gb  interrupts.o [1]
_BSP_IntHandler_070     0xffffd724     0x2  Code  Gb  interrupts.o [1]
_BSP_IntHandler_071     0xffffd722     0x2  Code  Gb  interrupts.o [1]
_BSP_IntHandler_072     0xffffd720     0x2  Code  Gb  interrupts.o [1]
_BSP_IntHandler_073     0xffffd71e     0x2  Code  Gb  interrupts.o [1]
_BSP_IntHandler_074     0xffffd71c     0x2  Code  Gb  interrupts.o [1]
_BSP_IntHandler_075     0xffffd71a     0x2  Code  Gb  interrupts.o [1]
_BSP_IntHandler_076     0xffffd718     0x2  Code  Gb  interrupts.o [1]
_BSP_IntHandler_077     0xffffd716     0x2  Code  Gb  interrupts.o [1]
_BSP_IntHandler_078     0xffffd714     0x2  Code  Gb  interrupts.o [1]
_BSP_IntHandler_079     0xffffd712     0x2  Code  Gb  interrupts.o [1]
_BSP_IntHandler_080     0xffffd710     0x2  Code  Gb  interrupts.o [1]
_BSP_IntHandler_081     0xffffd70e     0x2  Code  Gb  interrupts.o [1]
_BSP_IntHandler_082     0xffffd70c     0x2  Code  Gb  interrupts.o [1]
_BSP_IntHandler_083     0xffffd70a     0x2  Code  Gb  interrupts.o [1]
_BSP_IntHandler_084     0xffffd708     0x2  Code  Gb  interrupts.o [1]
_BSP_IntHandler_085     0xffffd706     0x2  Code  Gb  interrupts.o [1]
_BSP_IntHandler_086     0xffffd704     0x2  Code  Gb  interrupts.o [1]
_BSP_IntHandler_087     0xffffd702     0x2  Code  Gb  interrupts.o [1]
_BSP_IntHandler_088     0xffffd700     0x2  Code  Gb  interrupts.o [1]
_BSP_IntHandler_089     0xffffd6fe     0x2  Code  Gb  interrupts.o [1]
_BSP_IntHandler_090     0xffffd6fc     0x2  Code  Gb  interrupts.o [1]
_BSP_IntHandler_091     0xffffd6fa     0x2  Code  Gb  interrupts.o [1]
_BSP_IntHandler_092     0xffffd6f8     0x2  Code  Gb  interrupts.o [1]
_BSP_IntHandler_093     0xffffd6f6     0x2  Code  Gb  interrupts.o [1]
_BSP_IntHandler_094     0xffffd6f4     0x2  Code  Gb  interrupts.o [1]
_BSP_IntHandler_095     0xffffd6f2     0x2  Code  Gb  interrupts.o [1]
_BSP_IntHandler_096     0xffffd6f0     0x2  Code  Gb  interrupts.o [1]
_BSP_IntHandler_097     0xffffd6ee     0x2  Code  Gb  interrupts.o [1]
_BSP_IntHandler_098     0xffffd6ec     0x2  Code  Gb  interrupts.o [1]
_BSP_IntHandler_099     0xffffd6ea     0x2  Code  Gb  interrupts.o [1]
_BSP_IntHandler_100     0xffffd6e8     0x2  Code  Gb  interrupts.o [1]
_BSP_IntHandler_101     0xffffd6e6     0x2  Code  Gb  interrupts.o [1]
_BSP_IntHandler_102     0xffffd6e4     0x2  Code  Gb  interrupts.o [1]
_BSP_IntHandler_103     0xffffd6e2     0x2  Code  Gb  interrupts.o [1]
_BSP_IntHandler_104     0xffffd6e0     0x2  Code  Gb  interrupts.o [1]
_BSP_IntHandler_105     0xffffd6de     0x2  Code  Gb  interrupts.o [1]
_BSP_IntHandler_106     0xffffd6dc     0x2  Code  Gb  interrupts.o [1]
_BSP_IntHandler_107     0xffffd6da     0x2  Code  Gb  interrupts.o [1]
_BSP_IntHandler_108     0xffffd6d8     0x2  Code  Gb  interrupts.o [1]
_BSP_IntHandler_109     0xffffd6d6     0x2  Code  Gb  interrupts.o [1]
_BSP_IntHandler_110     0xffffd6d4     0x2  Code  Gb  interrupts.o [1]
_BSP_IntHandler_111     0xffffd6d2     0x2  Code  Gb  interrupts.o [1]
_BSP_IntHandler_112     0xffffd6d0     0x2  Code  Gb  interrupts.o [1]
_BSP_IntHandler_113     0xffffd6ce     0x2  Code  Gb  interrupts.o [1]
_BSP_IntHandler_114     0xffffd6cc     0x2  Code  Gb  interrupts.o [1]
_BSP_IntHandler_115     0xffffd6ca     0x2  Code  Gb  interrupts.o [1]
_BSP_IntHandler_116     0xffffd6c8     0x2  Code  Gb  interrupts.o [1]
_BSP_IntHandler_117     0xffffd6c6     0x2  Code  Gb  interrupts.o [1]
_BSP_IntHandler_118     0xffffd6c4     0x2  Code  Gb  interrupts.o [1]
_BSP_IntHandler_119     0xffffd6c2     0x2  Code  Gb  interrupts.o [1]
_BSP_IntHandler_120     0xffffd6c0     0x2  Code  Gb  interrupts.o [1]
_BSP_IntHandler_121     0xffffd6be     0x2  Code  Gb  interrupts.o [1]
_BSP_IntHandler_122     0xffffd6bc     0x2  Code  Gb  interrupts.o [1]
_BSP_IntHandler_123     0xffffd6ba     0x2  Code  Gb  interrupts.o [1]
_BSP_IntHandler_124     0xffffd6b8     0x2  Code  Gb  interrupts.o [1]
_BSP_IntHandler_125     0xffffd6b6     0x2  Code  Gb  interrupts.o [1]
_BSP_IntHandler_126     0xffffd6b4     0x2  Code  Gb  interrupts.o [1]
_BSP_IntHandler_127     0xffffd6b2     0x2  Code  Gb  interrupts.o [1]
_BSP_IntHandler_128     0xffffd6b0     0x2  Code  Gb  interrupts.o [1]
_BSP_IntHandler_129     0xffffd6ae     0x2  Code  Gb  interrupts.o [1]
_BSP_IntHandler_130     0xffffd6ac     0x2  Code  Gb  interrupts.o [1]
_BSP_IntHandler_131     0xffffd6aa     0x2  Code  Gb  interrupts.o [1]
_BSP_IntHandler_132     0xffffd6a8     0x2  Code  Gb  interrupts.o [1]
_BSP_IntHandler_133     0xffffd6a6     0x2  Code  Gb  interrupts.o [1]
_BSP_IntHandler_134     0xffffd6a4     0x2  Code  Gb  interrupts.o [1]
_BSP_IntHandler_135     0xffffd6a2     0x2  Code  Gb  interrupts.o [1]
_BSP_IntHandler_136     0xffffd6a0     0x2  Code  Gb  interrupts.o [1]
_BSP_IntHandler_137     0xffffd69e     0x2  Code  Gb  interrupts.o [1]
_BSP_IntHandler_138     0xffffd69c     0x2  Code  Gb  interrupts.o [1]
_BSP_IntHandler_139     0xffffd69a     0x2  Code  Gb  interrupts.o [1]
_BSP_IntHandler_140     0xffffd698     0x2  Code  Gb  interrupts.o [1]
_BSP_IntHandler_141     0xffffd696     0x2  Code  Gb  interrupts.o [1]
_BSP_IntHandler_142     0xffffd694     0x2  Code  Gb  interrupts.o [1]
_BSP_IntHandler_143     0xffffd692     0x2  Code  Gb  interrupts.o [1]
_BSP_IntHandler_144     0xffffd690     0x2  Code  Gb  interrupts.o [1]
_BSP_IntHandler_145     0xffffd68e     0x2  Code  Gb  interrupts.o [1]
_BSP_IntHandler_146     0xffffd68c     0x2  Code  Gb  interrupts.o [1]
_BSP_IntHandler_147     0xffffd68a     0x2  Code  Gb  interrupts.o [1]
_BSP_IntHandler_148     0xffffd688     0x2  Code  Gb  interrupts.o [1]
_BSP_IntHandler_149     0xffffd686     0x2  Code  Gb  interrupts.o [1]
_BSP_IntHandler_150     0xffffd684     0x2  Code  Gb  interrupts.o [1]
_BSP_IntHandler_151     0xffffd682     0x2  Code  Gb  interrupts.o [1]
_BSP_IntHandler_152     0xffffd680     0x2  Code  Gb  interrupts.o [1]
_BSP_IntHandler_153     0xffffd67e     0x2  Code  Gb  interrupts.o [1]
_BSP_IntHandler_154     0xffffd67c     0x2  Code  Gb  interrupts.o [1]
_BSP_IntHandler_155     0xffffd67a     0x2  Code  Gb  interrupts.o [1]
_BSP_IntHandler_156     0xffffd678     0x2  Code  Gb  interrupts.o [1]
_BSP_IntHandler_157     0xffffd676     0x2  Code  Gb  interrupts.o [1]
_BSP_IntHandler_158     0xffffd674     0x2  Code  Gb  interrupts.o [1]
_BSP_IntHandler_159     0xffffd672     0x2  Code  Gb  interrupts.o [1]
_BSP_IntHandler_160     0xffffd670     0x2  Code  Gb  interrupts.o [1]
_BSP_IntHandler_161     0xffffd66e     0x2  Code  Gb  interrupts.o [1]
_BSP_IntHandler_162     0xffffd66c     0x2  Code  Gb  interrupts.o [1]
_BSP_IntHandler_163     0xffffd66a     0x2  Code  Gb  interrupts.o [1]
_BSP_IntHandler_164     0xffffd668     0x2  Code  Gb  interrupts.o [1]
_BSP_IntHandler_165     0xffffd666     0x2  Code  Gb  interrupts.o [1]
_BSP_IntHandler_166     0xffffd664     0x2  Code  Gb  interrupts.o [1]
_BSP_IntHandler_167     0xffffd662     0x2  Code  Gb  interrupts.o [1]
_BSP_IntHandler_168     0xffffd660     0x2  Code  Gb  interrupts.o [1]
_BSP_IntHandler_169     0xffffd65e     0x2  Code  Gb  interrupts.o [1]
_BSP_IntHandler_170     0xffffd65c     0x2  Code  Gb  interrupts.o [1]
_BSP_IntHandler_171     0xffffd65a     0x2  Code  Gb  interrupts.o [1]
_BSP_IntHandler_172     0xffffd658     0x2  Code  Gb  interrupts.o [1]
_BSP_IntHandler_173     0xffffd656     0x2  Code  Gb  interrupts.o [1]
_BSP_IntHandler_174     0xffffd654     0x2  Code  Gb  interrupts.o [1]
_BSP_IntHandler_175     0xffffd652     0x2  Code  Gb  interrupts.o [1]
_BSP_IntHandler_176     0xffffd650     0x2  Code  Gb  interrupts.o [1]
_BSP_IntHandler_177     0xffffd64e     0x2  Code  Gb  interrupts.o [1]
_BSP_IntHandler_178     0xffffd64c     0x2  Code  Gb  interrupts.o [1]
_BSP_IntHandler_179     0xffffd64a     0x2  Code  Gb  interrupts.o [1]
_BSP_IntHandler_180     0xffffd648     0x2  Code  Gb  interrupts.o [1]
_BSP_IntHandler_181     0xffffd646     0x2  Code  Gb  interrupts.o [1]
_BSP_IntHandler_182     0xffffd644     0x2  Code  Gb  interrupts.o [1]
_BSP_IntHandler_183     0xffffd642     0x2  Code  Gb  interrupts.o [1]
_BSP_IntHandler_184     0xffffd640     0x2  Code  Gb  interrupts.o [1]
_BSP_IntHandler_185     0xffffd63e     0x2  Code  Gb  interrupts.o [1]
_BSP_IntHandler_186     0xffffd63c     0x2  Code  Gb  interrupts.o [1]
_BSP_IntHandler_187     0xffffd63a     0x2  Code  Gb  interrupts.o [1]
_BSP_IntHandler_188     0xffffd638     0x2  Code  Gb  interrupts.o [1]
_BSP_IntHandler_189     0xffffd636     0x2  Code  Gb  interrupts.o [1]
_BSP_IntHandler_190     0xffffd634     0x2  Code  Gb  interrupts.o [1]
_BSP_IntHandler_191     0xffffd632     0x2  Code  Gb  interrupts.o [1]
_BSP_IntHandler_192     0xffffd630     0x2  Code  Gb  interrupts.o [1]
_BSP_IntHandler_193     0xffffd62e     0x2  Code  Gb  interrupts.o [1]
_BSP_IntHandler_194     0xffffd62c     0x2  Code  Gb  interrupts.o [1]
_BSP_IntHandler_195     0xffffd62a     0x2  Code  Gb  interrupts.o [1]
_BSP_IntHandler_196     0xffffd628     0x2  Code  Gb  interrupts.o [1]
_BSP_IntHandler_197     0xffffd626     0x2  Code  Gb  interrupts.o [1]
_BSP_IntHandler_198     0xffffd624     0x2  Code  Gb  interrupts.o [1]
_BSP_IntHandler_199     0xffffd622     0x2  Code  Gb  interrupts.o [1]
_BSP_IntHandler_200     0xffffd620     0x2  Code  Gb  interrupts.o [1]
_BSP_IntHandler_201     0xffffd61e     0x2  Code  Gb  interrupts.o [1]
_BSP_IntHandler_202     0xffffd61c     0x2  Code  Gb  interrupts.o [1]
_BSP_IntHandler_203     0xffffd61a     0x2  Code  Gb  interrupts.o [1]
_BSP_IntHandler_204     0xffffd618     0x2  Code  Gb  interrupts.o [1]
_BSP_IntHandler_205     0xffffd616     0x2  Code  Gb  interrupts.o [1]
_BSP_IntHandler_206     0xffffd614     0x2  Code  Gb  interrupts.o [1]
_BSP_IntHandler_207     0xffffd612     0x2  Code  Gb  interrupts.o [1]
_BSP_IntHandler_208     0xffffd610     0x2  Code  Gb  interrupts.o [1]
_BSP_IntHandler_209     0xffffd60e     0x2  Code  Gb  interrupts.o [1]
_BSP_IntHandler_210     0xffffd60c     0x2  Code  Gb  interrupts.o [1]
_BSP_IntHandler_211     0xffffd60a     0x2  Code  Gb  interrupts.o [1]
_BSP_IntHandler_212     0xffffd608     0x2  Code  Gb  interrupts.o [1]
_BSP_IntHandler_213     0xffffd606     0x2  Code  Gb  interrupts.o [1]
_BSP_IntHandler_214     0xffffd604     0x2  Code  Gb  interrupts.o [1]
_BSP_IntHandler_215     0xffffd602     0x2  Code  Gb  interrupts.o [1]
_BSP_IntHandler_216     0xffffd600     0x2  Code  Gb  interrupts.o [1]
_BSP_IntHandler_217     0xffffd5fe     0x2  Code  Gb  interrupts.o [1]
_BSP_IntHandler_218     0xffffd5fc     0x2  Code  Gb  interrupts.o [1]
_BSP_IntHandler_219     0xffffd5fa     0x2  Code  Gb  interrupts.o [1]
_BSP_IntHandler_220     0xffffd5f8     0x2  Code  Gb  interrupts.o [1]
_BSP_IntHandler_221     0xffffd5f6     0x2  Code  Gb  interrupts.o [1]
_BSP_IntHandler_222     0xffffd5f4     0x2  Code  Gb  interrupts.o [1]
_BSP_IntHandler_223     0xffffd5f2     0x2  Code  Gb  interrupts.o [1]
_BSP_IntHandler_224     0xffffd5f0     0x2  Code  Gb  interrupts.o [1]
_BSP_IntHandler_225     0xffffd5ee     0x2  Code  Gb  interrupts.o [1]
_BSP_IntHandler_226     0xffffd5ec     0x2  Code  Gb  interrupts.o [1]
_BSP_IntHandler_227     0xffffd5ea     0x2  Code  Gb  interrupts.o [1]
_BSP_IntHandler_228     0xffffd5e8     0x2  Code  Gb  interrupts.o [1]
_BSP_IntHandler_229     0xffffd5e6     0x2  Code  Gb  interrupts.o [1]
_BSP_IntHandler_230     0xffffd5e4     0x2  Code  Gb  interrupts.o [1]
_BSP_IntHandler_231     0xffffd5e2     0x2  Code  Gb  interrupts.o [1]
_BSP_IntHandler_232     0xffffd5e0     0x2  Code  Gb  interrupts.o [1]
_BSP_IntHandler_233     0xffffd5de     0x2  Code  Gb  interrupts.o [1]
_BSP_IntHandler_234     0xffffd5dc     0x2  Code  Gb  interrupts.o [1]
_BSP_IntHandler_235     0xffffd5da     0x2  Code  Gb  interrupts.o [1]
_BSP_IntHandler_236     0xffffd5d8     0x2  Code  Gb  interrupts.o [1]
_BSP_IntHandler_237     0xffffd5d6     0x2  Code  Gb  interrupts.o [1]
_BSP_IntHandler_238     0xffffd5d4     0x2  Code  Gb  interrupts.o [1]
_BSP_IntHandler_239     0xffffd5d2     0x2  Code  Gb  interrupts.o [1]
_BSP_IntHandler_240     0xffffd5d0     0x2  Code  Gb  interrupts.o [1]
_BSP_IntHandler_241     0xffffd5ce     0x2  Code  Gb  interrupts.o [1]
_BSP_IntHandler_242     0xffffd5cc     0x2  Code  Gb  interrupts.o [1]
_BSP_IntHandler_243     0xffffd5ca     0x2  Code  Gb  interrupts.o [1]
_BSP_IntHandler_244     0xffffd5c8     0x2  Code  Gb  interrupts.o [1]
_BSP_IntHandler_245     0xffffd5c6     0x2  Code  Gb  interrupts.o [1]
_BSP_IntHandler_246     0xffffd5c4     0x2  Code  Gb  interrupts.o [1]
_BSP_IntHandler_247     0xffffd5c2     0x2  Code  Gb  interrupts.o [1]
_BSP_IntHandler_248     0xffffd5c0     0x2  Code  Gb  interrupts.o [1]
_BSP_IntHandler_249     0xffffd5be     0x2  Code  Gb  interrupts.o [1]
_BSP_IntHandler_250     0xffffd5bc     0x2  Code  Gb  interrupts.o [1]
_BSP_IntHandler_251     0xffffd5ba     0x2  Code  Gb  interrupts.o [1]
_BSP_IntHandler_252     0xffffd5b8     0x2  Code  Gb  interrupts.o [1]
_BSP_IntHandler_253     0xffffd5b6     0x2  Code  Gb  interrupts.o [1]
_BSP_IntHandler_254     0xffffd5b4     0x2  Code  Gb  interrupts.o [1]
_BSP_IntHandler_255     0xffffd5b2     0x2  Code  Gb  interrupts.o [1]
_BSP_IntVectSet         0xffffd7ae     0xc  Code  Gb  interrupts.o [1]
_BSP_IntVectTbl         0xffff882c   0x400  Data  Gb  interrupts.o [1]
_BSP_LED_Init           0xffffd558    0x5a  Code  Gb  bsp_led.o [1]
_BSP_LED_Off            0xffffd47e    0xda  Code  Gb  bsp_led.o [1]
_BSP_LED_Toggle         0xffffd228   0x256  Code  Gb  bsp_led.o [1]
_BSP_MicInit            0xffffdebf    0x48  Code  Lc  bsp_misc.o [1]
_BSP_MiscInit           0xffffdf07     0xa  Code  Gb  bsp_misc.o [1]
_BSP_OS_GLCD_MutexCreate
                        0xffffdf73    0x1e  Code  Gb  bsp_os.o [1]
_BSP_OS_GLCD_MutexPend  0xffffdf5a    0x19  Code  Gb  bsp_os.o [1]
_BSP_OS_GLCD_MutexPost  0xffffdf49    0x11  Code  Gb  bsp_os.o [1]
_BSP_PotInit            0xffffde57    0x68  Code  Lc  bsp_misc.o [1]
_BSP_SwsInit            0xffffde41    0x16  Code  Lc  bsp_misc.o [1]
_BSP_SysInit            0xffffc5b1    0x63  Code  Gb  bsp_sys.o [1]
_BSP_SysPerClkFreqGet   0xffffc523    0x8e  Code  Gb  bsp_sys.o [1]
_CPU_CntLeadZeros       0xffffae52    0x10  Code  Gb  cpu_core.o [1]
_CPU_CntLeadZeros32     0xffffadeb    0x67  Code  Gb  cpu_core.o [1]
_CPU_CntLeadZerosTbl    0xffff8c2c   0x100  Data  Lc  cpu_core.o [1]
_CPU_Init               0xffffb016     0xa  Code  Gb  cpu_core.o [1]
_CPU_IntDisMeasCtr      0x0000659e     0x2  Data  Gb  cpu_core.o [1]
_CPU_IntDisMeasInit     0xffffad1f    0xa2  Code  Lc  cpu_core.o [1]
_CPU_IntDisMeasMaxCalc  0xffffacfe    0x21  Code  Lc  cpu_core.o [1]
_CPU_IntDisMeasMaxCurGet
                        0xffffaf04    0x39  Code  Gb  cpu_core.o [1]
_CPU_IntDisMeasMaxCurReset
                        0xffffaf3d    0x38  Code  Gb  cpu_core.o [1]
_CPU_IntDisMeasMaxCur_cnts
                        0x000065a8     0x2  Data  Gb  cpu_core.o [1]
_CPU_IntDisMeasMax_cnts
                        0x000065aa     0x2  Data  Gb  cpu_core.o [1]
_CPU_IntDisMeasOvrhd_cnts
                        0x000065a6     0x2  Data  Gb  cpu_core.o [1]
_CPU_IntDisMeasStart    0xffffaecd    0x37  Code  Gb  cpu_core.o [1]
_CPU_IntDisMeasStart_cnts
                        0x000065a2     0x2  Data  Gb  cpu_core.o [1]
_CPU_IntDisMeasStop     0xffffae62    0x6b  Code  Gb  cpu_core.o [1]
_CPU_IntDisMeasStop_cnts
                        0x000065a4     0x2  Data  Gb  cpu_core.o [1]
_CPU_IntDisNestCtr      0x000065a0     0x2  Data  Gb  cpu_core.o [1]
_CPU_Name               0x000064e0    0x10  Data  Gb  cpu_core.o [1]
_CPU_NameClr            0xffffafdb    0x39  Code  Gb  cpu_core.o [1]
_CPU_NameInit           0xffffade7     0x4  Code  Lc  cpu_core.o [1]
_CPU_SW_Exception       0xffffb014     0x2  Code  Gb  cpu_core.o [1]
_CPU_TS_32_Accum        0x00006524     0x4  Data  Gb  cpu_core.o [1]
_CPU_TS_32_TmrPrev      0x0000659c     0x2  Data  Gb  cpu_core.o [1]
_CPU_TS_Get32           0xffffaf81    0x5a  Code  Gb  cpu_core.o [1]
_CPU_TS_Init            0xffffadc1    0x26  Code  Lc  cpu_core.o [1]
_CPU_TS_TmrFreqSet      0xffffaf75     0x8  Code  Gb  cpu_core.o [1]
_CPU_TS_TmrFreq_Hz      0x00006528     0x4  Data  Gb  cpu_core.o [1]
_CPU_TS_TmrInit         0xffffb02a    0x78  Code  Gb  cpu_bsp.o [1]
_CPU_TS_TmrRd           0xffffb020     0xa  Code  Gb  cpu_bsp.o [1]
_CPU_TS_Update          0xffffaf7d     0x4  Code  Gb  cpu_core.o [1]
_Comm_API               0x000064f0     0xc  Data  Gb  Glyph.o [1]
_Font8x8_char_0         0xffff8ed3     0xa  Data  Gb  font_8x8.o [1]
_Font8x8_char_1         0xffff8edd     0xa  Data  Gb  font_8x8.o [1]
_Font8x8_char_10        0xffff8f37     0xa  Data  Gb  font_8x8.o [1]
_Font8x8_char_100       0xffff92bb     0xa  Data  Gb  font_8x8.o [1]
_Font8x8_char_101       0xffff92c5     0xa  Data  Gb  font_8x8.o [1]
_Font8x8_char_102       0xffff92cf     0xa  Data  Gb  font_8x8.o [1]
_Font8x8_char_103       0xffff92d9     0xa  Data  Gb  font_8x8.o [1]
_Font8x8_char_104       0xffff92e3     0xa  Data  Gb  font_8x8.o [1]
_Font8x8_char_105       0xffff92ed     0xa  Data  Gb  font_8x8.o [1]
_Font8x8_char_106       0xffff92f7     0xa  Data  Gb  font_8x8.o [1]
_Font8x8_char_107       0xffff9301     0xa  Data  Gb  font_8x8.o [1]
_Font8x8_char_108       0xffff930b     0xa  Data  Gb  font_8x8.o [1]
_Font8x8_char_109       0xffff9315     0xa  Data  Gb  font_8x8.o [1]
_Font8x8_char_11        0xffff8f41     0xa  Data  Gb  font_8x8.o [1]
_Font8x8_char_110       0xffff931f     0xa  Data  Gb  font_8x8.o [1]
_Font8x8_char_111       0xffff9329     0xa  Data  Gb  font_8x8.o [1]
_Font8x8_char_112       0xffff9333     0xa  Data  Gb  font_8x8.o [1]
_Font8x8_char_113       0xffff933d     0xa  Data  Gb  font_8x8.o [1]
_Font8x8_char_114       0xffff9347     0xa  Data  Gb  font_8x8.o [1]
_Font8x8_char_115       0xffff9351     0xa  Data  Gb  font_8x8.o [1]
_Font8x8_char_116       0xffff935b     0xa  Data  Gb  font_8x8.o [1]
_Font8x8_char_117       0xffff9365     0xa  Data  Gb  font_8x8.o [1]
_Font8x8_char_118       0xffff936f     0xa  Data  Gb  font_8x8.o [1]
_Font8x8_char_119       0xffff9379     0xa  Data  Gb  font_8x8.o [1]
_Font8x8_char_12        0xffff8f4b     0xa  Data  Gb  font_8x8.o [1]
_Font8x8_char_120       0xffff9383     0xa  Data  Gb  font_8x8.o [1]
_Font8x8_char_121       0xffff938d     0xa  Data  Gb  font_8x8.o [1]
_Font8x8_char_122       0xffff9397     0xa  Data  Gb  font_8x8.o [1]
_Font8x8_char_123       0xffff93a1     0xa  Data  Gb  font_8x8.o [1]
_Font8x8_char_124       0xffff93ab     0xa  Data  Gb  font_8x8.o [1]
_Font8x8_char_125       0xffff93b5     0xa  Data  Gb  font_8x8.o [1]
_Font8x8_char_126       0xffff93bf     0xa  Data  Gb  font_8x8.o [1]
_Font8x8_char_127       0xffff93c9     0xa  Data  Gb  font_8x8.o [1]
_Font8x8_char_128       0xffff93d3     0xa  Data  Gb  font_8x8.o [1]
_Font8x8_char_129       0xffff93dd     0xa  Data  Gb  font_8x8.o [1]
_Font8x8_char_13        0xffff8f55     0xa  Data  Gb  font_8x8.o [1]
_Font8x8_char_130       0xffff93e7     0xa  Data  Gb  font_8x8.o [1]
_Font8x8_char_131       0xffff93f1     0xa  Data  Gb  font_8x8.o [1]
_Font8x8_char_132       0xffff93fb     0xa  Data  Gb  font_8x8.o [1]
_Font8x8_char_133       0xffff9405     0xa  Data  Gb  font_8x8.o [1]
_Font8x8_char_134       0xffff940f     0xa  Data  Gb  font_8x8.o [1]
_Font8x8_char_135       0xffff9419     0xa  Data  Gb  font_8x8.o [1]
_Font8x8_char_136       0xffff9423     0xa  Data  Gb  font_8x8.o [1]
_Font8x8_char_137       0xffff942d     0xa  Data  Gb  font_8x8.o [1]
_Font8x8_char_138       0xffff9437     0xa  Data  Gb  font_8x8.o [1]
_Font8x8_char_139       0xffff9441     0xa  Data  Gb  font_8x8.o [1]
_Font8x8_char_14        0xffff8f5f     0xa  Data  Gb  font_8x8.o [1]
_Font8x8_char_140       0xffff944b     0xa  Data  Gb  font_8x8.o [1]
_Font8x8_char_141       0xffff9455     0xa  Data  Gb  font_8x8.o [1]
_Font8x8_char_142       0xffff945f     0xa  Data  Gb  font_8x8.o [1]
_Font8x8_char_143       0xffff9469     0xa  Data  Gb  font_8x8.o [1]
_Font8x8_char_144       0xffff9473     0xa  Data  Gb  font_8x8.o [1]
_Font8x8_char_145       0xffff947d     0xa  Data  Gb  font_8x8.o [1]
_Font8x8_char_146       0xffff9487     0xa  Data  Gb  font_8x8.o [1]
_Font8x8_char_147       0xffff9491     0xa  Data  Gb  font_8x8.o [1]
_Font8x8_char_148       0xffff949b     0xa  Data  Gb  font_8x8.o [1]
_Font8x8_char_149       0xffff94a5     0xa  Data  Gb  font_8x8.o [1]
_Font8x8_char_15        0xffff8f69     0xa  Data  Gb  font_8x8.o [1]
_Font8x8_char_150       0xffff94af     0xa  Data  Gb  font_8x8.o [1]
_Font8x8_char_151       0xffff94b9     0xa  Data  Gb  font_8x8.o [1]
_Font8x8_char_152       0xffff94c3     0xa  Data  Gb  font_8x8.o [1]
_Font8x8_char_153       0xffff94cd     0xa  Data  Gb  font_8x8.o [1]
_Font8x8_char_154       0xffff94d7     0xa  Data  Gb  font_8x8.o [1]
_Font8x8_char_155       0xffff94e1     0xa  Data  Gb  font_8x8.o [1]
_Font8x8_char_156       0xffff94eb     0xa  Data  Gb  font_8x8.o [1]
_Font8x8_char_157       0xffff94f5     0xa  Data  Gb  font_8x8.o [1]
_Font8x8_char_158       0xffff94ff     0xa  Data  Gb  font_8x8.o [1]
_Font8x8_char_159       0xffff9509     0xa  Data  Gb  font_8x8.o [1]
_Font8x8_char_16        0xffff8f73     0xa  Data  Gb  font_8x8.o [1]
_Font8x8_char_160       0xffff9513     0xa  Data  Gb  font_8x8.o [1]
_Font8x8_char_161       0xffff951d     0xa  Data  Gb  font_8x8.o [1]
_Font8x8_char_162       0xffff9527     0xa  Data  Gb  font_8x8.o [1]
_Font8x8_char_163       0xffff9531     0xa  Data  Gb  font_8x8.o [1]
_Font8x8_char_164       0xffff953b     0xa  Data  Gb  font_8x8.o [1]
_Font8x8_char_165       0xffff9545     0xa  Data  Gb  font_8x8.o [1]
_Font8x8_char_166       0xffff954f     0xa  Data  Gb  font_8x8.o [1]
_Font8x8_char_167       0xffff9559     0xa  Data  Gb  font_8x8.o [1]
_Font8x8_char_168       0xffff9563     0xa  Data  Gb  font_8x8.o [1]
_Font8x8_char_169       0xffff956d     0xa  Data  Gb  font_8x8.o [1]
_Font8x8_char_17        0xffff8f7d     0xa  Data  Gb  font_8x8.o [1]
_Font8x8_char_170       0xffff9577     0xa  Data  Gb  font_8x8.o [1]
_Font8x8_char_171       0xffff9581     0xa  Data  Gb  font_8x8.o [1]
_Font8x8_char_172       0xffff958b     0xa  Data  Gb  font_8x8.o [1]
_Font8x8_char_173       0xffff9595     0xa  Data  Gb  font_8x8.o [1]
_Font8x8_char_174       0xffff959f     0xa  Data  Gb  font_8x8.o [1]
_Font8x8_char_175       0xffff95a9     0xa  Data  Gb  font_8x8.o [1]
_Font8x8_char_176       0xffff95b3     0xa  Data  Gb  font_8x8.o [1]
_Font8x8_char_177       0xffff95bd     0xa  Data  Gb  font_8x8.o [1]
_Font8x8_char_178       0xffff95c7     0xa  Data  Gb  font_8x8.o [1]
_Font8x8_char_179       0xffff95d1     0xa  Data  Gb  font_8x8.o [1]
_Font8x8_char_18        0xffff8f87     0xa  Data  Gb  font_8x8.o [1]
_Font8x8_char_180       0xffff95db     0xa  Data  Gb  font_8x8.o [1]
_Font8x8_char_181       0xffff95e5     0xa  Data  Gb  font_8x8.o [1]
_Font8x8_char_182       0xffff95ef     0xa  Data  Gb  font_8x8.o [1]
_Font8x8_char_183       0xffff95f9     0xa  Data  Gb  font_8x8.o [1]
_Font8x8_char_184       0xffff9603     0xa  Data  Gb  font_8x8.o [1]
_Font8x8_char_185       0xffff960d     0xa  Data  Gb  font_8x8.o [1]
_Font8x8_char_186       0xffff9617     0xa  Data  Gb  font_8x8.o [1]
_Font8x8_char_187       0xffff9621     0xa  Data  Gb  font_8x8.o [1]
[...]
___interrupt_115        0xffffe1a8    0x20  Code  Wk  interrupt_table.o [4]
___interrupt_116        0xffffe1a8    0x20  Code  Wk  interrupt_table.o [4]
___interrupt_117        0xffffe1a8    0x20  Code  Wk  interrupt_table.o [4]
___interrupt_118        0xffffe1a8    0x20  Code  Wk  interrupt_table.o [4]
___interrupt_119        0xffffe1a8    0x20  Code  Wk  interrupt_table.o [4]
___interrupt_12         0xffffe1a8    0x20  Code  Wk  interrupt_table.o [4]
___interrupt_120        0xffffe1a8    0x20  Code  Wk  interrupt_table.o [4]
___interrupt_121        0xffffe1a8    0x20  Code  Wk  interrupt_table.o [4]
___interrupt_122        0xffffe1a8    0x20  Code  Wk  interrupt_table.o [4]
___interrupt_123        0xffffe1a8    0x20  Code  Wk  interrupt_table.o [4]
___interrupt_124        0xffffe1a8    0x20  Code  Wk  interrupt_table.o [4]
___interrupt_125        0xffffe1a8    0x20  Code  Wk  interrupt_table.o [4]
___interrupt_126        0xffffe1a8    0x20  Code  Wk  interrupt_table.o [4]
___interrupt_127        0xffffe1a8    0x20  Code  Wk  interrupt_table.o [4]
___interrupt_128        0xffffe1a8    0x20  Code  Wk  interrupt_table.o [4]
___interrupt_129        0xffffe1a8    0x20  Code  Wk  interrupt_table.o [4]
___interrupt_13         0xffffe1a8    0x20  Code  Wk  interrupt_table.o [4]
___interrupt_130        0xffffe1a8    0x20  Code  Wk  interrupt_table.o [4]
___interrupt_131        0xffffe1a8    0x20  Code  Wk  interrupt_table.o [4]
___interrupt_132        0xffffe1a8    0x20  Code  Wk  interrupt_table.o [4]
___interrupt_133        0xffffe1a8    0x20  Code  Wk  interrupt_table.o [4]
___interrupt_134        0xffffe1a8    0x20  Code  Wk  interrupt_table.o [4]
___interrupt_135        0xffffe1a8    0x20  Code  Wk  interrupt_table.o [4]
___interrupt_136        0xffffe1a8    0x20  Code  Wk  interrupt_table.o [4]
___interrupt_137        0xffffe1a8    0x20  Code  Wk  interrupt_table.o [4]
___interrupt_138        0xffffe1a8    0x20  Code  Wk  interrupt_table.o [4]
___interrupt_139        0xffffe1a8    0x20  Code  Wk  interrupt_table.o [4]
___interrupt_14         0xffffe1a8    0x20  Code  Wk  interrupt_table.o [4]
___interrupt_140        0xffffe1a8    0x20  Code  Wk  interrupt_table.o [4]
___interrupt_141        0xffffe1a8    0x20  Code  Wk  interrupt_table.o [4]
___interrupt_142        0xffffe1a8    0x20  Code  Wk  interrupt_table.o [4]
___interrupt_143        0xffffe1a8    0x20  Code  Wk  interrupt_table.o [4]
___interrupt_144        0xffffe1a8    0x20  Code  Wk  interrupt_table.o [4]
___interrupt_145        0xffffe1a8    0x20  Code  Wk  interrupt_table.o [4]
___interrupt_146        0xffffe1a8    0x20  Code  Wk  interrupt_table.o [4]
___interrupt_147        0xffffe1a8    0x20  Code  Wk  interrupt_table.o [4]
___interrupt_148        0xffffe1a8    0x20  Code  Wk  interrupt_table.o [4]
___interrupt_149        0xffffe1a8    0x20  Code  Wk  interrupt_table.o [4]
___interrupt_15         0xffffe1a8    0x20  Code  Wk  interrupt_table.o [4]
___interrupt_150        0xffffe1a8    0x20  Code  Wk  interrupt_table.o [4]
___interrupt_151        0xffffe1a8    0x20  Code  Wk  interrupt_table.o [4]
___interrupt_152        0xffffe1a8    0x20  Code  Wk  interrupt_table.o [4]
___interrupt_153        0xffffe1a8    0x20  Code  Wk  interrupt_table.o [4]
___interrupt_154        0xffffe1a8    0x20  Code  Wk  interrupt_table.o [4]
___interrupt_155        0xffffe1a8    0x20  Code  Wk  interrupt_table.o [4]
___interrupt_156        0xffffe1a8    0x20  Code  Wk  interrupt_table.o [4]
___interrupt_157        0xffffe1a8    0x20  Code  Wk  interrupt_table.o [4]
___interrupt_158        0xffffe1a8    0x20  Code  Wk  interrupt_table.o [4]
___interrupt_159        0xffffe1a8    0x20  Code  Wk  interrupt_table.o [4]
___interrupt_16         0xffffe1a8    0x20  Code  Wk  interrupt_table.o [4]
___interrupt_160        0xffffe1a8    0x20  Code  Wk  interrupt_table.o [4]
___interrupt_161        0xffffe1a8    0x20  Code  Wk  interrupt_table.o [4]
___interrupt_162        0xffffe1a8    0x20  Code  Wk  interrupt_table.o [4]
___interrupt_163        0xffffe1a8    0x20  Code  Wk  interrupt_table.o [4]
___interrupt_164        0xffffe1a8    0x20  Code  Wk  interrupt_table.o [4]
___interrupt_165        0xffffe1a8    0x20  Code  Wk  interrupt_table.o [4]
___interrupt_166        0xffffe1a8    0x20  Code  Wk  interrupt_table.o [4]
___interrupt_167        0xffffe1a8    0x20  Code  Wk  interrupt_table.o [4]
___interrupt_168        0xffffe1a8    0x20  Code  Wk  interrupt_table.o [4]
___interrupt_169        0xffffe1a8    0x20  Code  Wk  interrupt_table.o [4]
___interrupt_17         0xffffe1a8    0x20  Code  Wk  interrupt_table.o [4]
___interrupt_170        0xffffe1a8    0x20  Code  Wk  interrupt_table.o [4]
___interrupt_171        0xffffe1a8    0x20  Code  Wk  interrupt_table.o [4]
___interrupt_172        0xffffe1a8    0x20  Code  Wk  interrupt_table.o [4]
___interrupt_173        0xffffe1a8    0x20  Code  Wk  interrupt_table.o [4]
___interrupt_174        0xffffe1a8    0x20  Code  Wk  interrupt_table.o [4]
___interrupt_175        0xffffe1a8    0x20  Code  Wk  interrupt_table.o [4]
___interrupt_176        0xffffe1a8    0x20  Code  Wk  interrupt_table.o [4]
___interrupt_177        0xffffe1a8    0x20  Code  Wk  interrupt_table.o [4]
___interrupt_178        0xffffe1a8    0x20  Code  Wk  interrupt_table.o [4]
___interrupt_179        0xffffe1a8    0x20  Code  Wk  interrupt_table.o [4]
___interrupt_18         0xffffe1a8    0x20  Code  Wk  interrupt_table.o [4]
___interrupt_180        0xffffe1a8    0x20  Code  Wk  interrupt_table.o [4]
___interrupt_181        0xffffe1a8    0x20  Code  Wk  interrupt_table.o [4]
___interrupt_182        0xffffe1a8    0x20  Code  Wk  interrupt_table.o [4]
___interrupt_183        0xffffe1a8    0x20  Code  Wk  interrupt_table.o [4]
___interrupt_184        0xffffe1a8    0x20  Code  Wk  interrupt_table.o [4]
___interrupt_185        0xffffe1a8    0x20  Code  Wk  interrupt_table.o [4]
___interrupt_186        0xffffe1a8    0x20  Code  Wk  interrupt_table.o [4]
___interrupt_187        0xffffe1a8    0x20  Code  Wk  interrupt_table.o [4]
___interrupt_188        0xffffe1a8    0x20  Code  Wk  interrupt_table.o [4]
___interrupt_189        0xffffe1a8    0x20  Code  Wk  interrupt_table.o [4]
___interrupt_19         0xffffe1a8    0x20  Code  Wk  interrupt_table.o [4]
___interrupt_190        0xffffe1a8    0x20  Code  Wk  interrupt_table.o [4]
___interrupt_191        0xffffe1a8    0x20  Code  Wk  interrupt_table.o [4]
___interrupt_192        0xffffe1a8    0x20  Code  Wk  interrupt_table.o [4]
___interrupt_193        0xffffe1a8    0x20  Code  Wk  interrupt_table.o [4]
___interrupt_194        0xffffe1a8    0x20  Code  Wk  interrupt_table.o [4]
___interrupt_195        0xffffe1a8    0x20  Code  Wk  interrupt_table.o [4]
___interrupt_196        0xffffe1a8    0x20  Code  Wk  interrupt_table.o [4]
___interrupt_197        0xffffe1a8    0x20  Code  Wk  interrupt_table.o [4]
___interrupt_198        0xffffe1a8    0x20  Code  Wk  interrupt_table.o [4]
___interrupt_199        0xffffe1a8    0x20  Code  Wk  interrupt_table.o [4]
___interrupt_2          0xffffe1a8    0x20  Code  Wk  interrupt_table.o [4]
___interrupt_20         0xffffe1a8    0x20  Code  Wk  interrupt_table.o [4]
___interrupt_200        0xffffe1a8    0x20  Code  Wk  interrupt_table.o [4]
___interrupt_201        0xffffe1a8    0x20  Code  Wk  interrupt_table.o [4]
___interrupt_202        0xffffe1a8    0x20  Code  Wk  interrupt_table.o [4]
___interrupt_203        0xffffe1a8    0x20  Code  Wk  interrupt_table.o [4]
___interrupt_204        0xffffe1a8    0x20  Code  Wk  interrupt_table.o [4]
___interrupt_205        0xffffe1a8    0x20  Code  Wk  interrupt_table.o [4]
___interrupt_206        0xffffe1a8    0x20  Code  Wk  interrupt_table.o [4]
___interrupt_207        0xffffe1a8    0x20  Code  Wk  interrupt_table.o [4]
___interrupt_208        0xffffe1a8    0x20  Code  Wk  interrupt_table.o [4]
___interrupt_209        0xffffe1a8    0x20  Code  Wk  interrupt_table.o [4]
___interrupt_21         0xffffe1a8    0x20  Code  Wk  interrupt_table.o [4]
___interrupt_210        0xffffe1a8    0x20  Code  Wk  interrupt_table.o [4]
___interrupt_211        0xffffe1a8    0x20  Code  Wk  interrupt_table.o [4]
___interrupt_212        0xffffe1a8    0x20  Code  Wk  interrupt_table.o [4]
___interrupt_213        0xffffe1a8    0x20  Code  Wk  interrupt_table.o [4]
___interrupt_214        0xffffe1a8    0x20  Code  Wk  interrupt_table.o [4]
___interrupt_215        0xffffe1a8    0x20  Code  Wk  interrupt_table.o [4]
___interrupt_216        0xffffe1a8    0x20  Code  Wk  interrupt_table.o [4]
___interrupt_217        0xffffe1a8    0x20  Code  Wk  interrupt_table.o [4]
___interrupt_218        0xffffe1a8    0x20  Code  Wk  interrupt_table.o [4]
___interrupt_219        0xffffe1a8    0x20  Code  Wk  interrupt_table.o [4]
___interrupt_22         0xffffe1a8    0x20  Code  Wk  interrupt_table.o [4]
___interrupt_220        0xffffe1a8    0x20  Code  Wk  interrupt_table.o [4]
___interrupt_221        0xffffe1a8    0x20  Code  Wk  interrupt_table.o [4]
___interrupt_222        0xffffe1a8    0x20  Code  Wk  interrupt_table.o [4]
___interrupt_223        0xffffe1a8    0x20  Code  Wk  interrupt_table.o [4]
___interrupt_224        0xffffe1a8    0x20  Code  Wk  interrupt_table.o [4]
___interrupt_225        0xffffe1a8    0x20  Code  Wk  interrupt_table.o [4]
___interrupt_226        0xffffe1a8    0x20  Code  Wk  interrupt_table.o [4]
___interrupt_227        0xffffe1a8    0x20  Code  Wk  interrupt_table.o [4]
___interrupt_228        0xffffe1a8    0x20  Code  Wk  interrupt_table.o [4]
___interrupt_229        0xffffe1a8    0x20  Code  Wk  interrupt_table.o [4]
___interrupt_23         0xffffe1a8    0x20  Code  Wk  interrupt_table.o [4]
___interrupt_230        0xffffe1a8    0x20  Code  Wk  interrupt_table.o [4]
___interrupt_231        0xffffe1a8    0x20  Code  Wk  interrupt_table.o [4]
___interrupt_232        0xffffe1a8    0x20  Code  Wk  interrupt_table.o [4]
___interrupt_233        0xffffe1a8    0x20  Code  Wk  interrupt_table.o [4]
___interrupt_234        0xffffe1a8    0x20  Code  Wk  interrupt_table.o [4]
___interrupt_235        0xffffe1a8    0x20  Code  Wk  interrupt_table.o [4]
___interrupt_236        0xffffe1a8    0x20  Code  Wk  interrupt_table.o [4]
___interrupt_237        0xffffe1a8    0x20  Code  Wk  interrupt_table.o [4]
___interrupt_238        0xffffe1a8    0x20  Code  Wk  interrupt_table.o [4]
___interrupt_239        0xffffe1a8    0x20  Code  Wk  interrupt_table.o [4]
___interrupt_24         0xffffe1a8    0x20  Code  Wk  interrupt_table.o [4]
___interrupt_240        0xffffe1a8    0x20  Code  Wk  interrupt_table.o [4]
___interrupt_241        0xffffe1a8    0x20  Code  Wk  interrupt_table.o [4]
___interrupt_242        0xffffe1a8    0x20  Code  Wk  interrupt_table.o [4]
___interrupt_243        0xffffe1a8    0x20  Code  Wk  interrupt_table.o [4]
___interrupt_244        0xffffe1a8    0x20  Code  Wk  interrupt_table.o [4]
___interrupt_245        0xffffe1a8    0x20  Code  Wk  interrupt_table.o [4]
___interrupt_246        0xffffe1a8    0x20  Code  Wk  interrupt_table.o [4]
___interrupt_247        0xffffe1a8    0x20  Code  Wk  interrupt_table.o [4]
___interrupt_248        0xffffe1a8    0x20  Code  Wk  interrupt_table.o [4]
___interrupt_249        0xffffe1a8    0x20  Code  Wk  interrupt_table.o [4]
___interrupt_25         0xffffe1a8    0x20  Code  Wk  interrupt_table.o [4]
___interrupt_250        0xffffe1a8    0x20  Code  Wk  interrupt_table.o [4]
___interrupt_251        0xffffe1a8    0x20  Code  Wk  interrupt_table.o [4]
___interrupt_252        0xffffe1a8    0x20  Code  Wk  interrupt_table.o [4]
___interrupt_253        0xffffe1a8    0x20  Code  Wk  interrupt_table.o [4]
___interrupt_254        0xffffe1a8    0x20  Code  Wk  interrupt_table.o [4]
___interrupt_255        0xffffe1a8    0x20  Code  Wk  interrupt_table.o [4]
___interrupt_26         0xffffe1a8    0x20  Code  Wk  interrupt_table.o [4]
___interrupt_27         0xffffe1a8    0x20  Code  Wk  interrupt_table.o [4]
___interrupt_28         0xffffe1a8    0x20  Code  Wk  interrupt_table.o [4]
___interrupt_29         0xffffe1a8    0x20  Code  Wk  interrupt_table.o [4]
___interrupt_3          0xffffe1a8    0x20  Code  Wk  interrupt_table.o [4]
___interrupt_30         0xffffe1a8    0x20  Code  Wk  interrupt_table.o [4]
___interrupt_31         0xffffe1a8    0x20  Code  Wk  interrupt_table.o [4]
___interrupt_32         0xffffe1a8    0x20  Code  Wk  interrupt_table.o [4]
___interrupt_33         0xffffe1a8    0x20  Code  Wk  interrupt_table.o [4]
___interrupt_34         0xffffe1a8    0x20  Code  Wk  interrupt_table.o [4]
___interrupt_35         0xffffe1a8    0x20  Code  Wk  interrupt_table.o [4]
___interrupt_36         0xffffe1a8    0x20  Code  Wk  interrupt_table.o [4]
___interrupt_37         0xffffe1a8    0x20  Code  Wk  interrupt_table.o [4]
___interrupt_38         0xffffe1a8    0x20  Code  Wk  interrupt_table.o [4]
___interrupt_39         0xffffe1a8    0x20  Code  Wk  interrupt_table.o [4]
___interrupt_4          0xffffe1a8    0x20  Code  Wk  interrupt_table.o [4]
___interrupt_40         0xffffe1a8    0x20  Code  Wk  interrupt_table.o [4]
___interrupt_41         0xffffe1a8    0x20  Code  Wk  interrupt_table.o [4]
___interrupt_42         0xffffe1a8    0x20  Code  Wk  interrupt_table.o [4]
___interrupt_43         0xffffe1a8    0x20  Code  Wk  interrupt_table.o [4]
___interrupt_44         0xffffe1a8    0x20  Code  Wk  interrupt_table.o [4]
___interrupt_45         0xffffe1a8    0x20  Code  Wk  interrupt_table.o [4]
___interrupt_46         0xffffe1a8    0x20  Code  Wk  interrupt_table.o [4]
___interrupt_47         0xffffe1a8    0x20  Code  Wk  interrupt_table.o [4]
___interrupt_48         0xffffe1a8    0x20  Code  Wk  interrupt_table.o [4]
___interrupt_49         0xffffe1a8    0x20  Code  Wk  interrupt_table.o [4]
___interrupt_5          0xffffe1a8    0x20  Code  Wk  interrupt_table.o [4]
___interrupt_50         0xffffe1a8    0x20  Code  Wk  interrupt_table.o [4]
___interrupt_51         0xffffe1a8    0x20  Code  Wk  interrupt_table.o [4]
___interrupt_52         0xffffe1a8    0x20  Code  Wk  interrupt_table.o [4]
___interrupt_53         0xffffe1a8    0x20  Code  Wk  interrupt_table.o [4]
___interrupt_54         0xffffe1a8    0x20  Code  Wk  interrupt_table.o [4]
___interrupt_55         0xffffe1a8    0x20  Code  Wk  interrupt_table.o [4]
___interrupt_56         0xffffe1a8    0x20  Code  Wk  interrupt_table.o [4]
___interrupt_57         0xffffe1a8    0x20  Code  Wk  interrupt_table.o [4]
___interrupt_58         0xffffe1a8    0x20  Code  Wk  interrupt_table.o [4]
___interrupt_59         0xffffe1a8    0x20  Code  Wk  interrupt_table.o [4]
___interrupt_6          0xffffe1a8    0x20  Code  Wk  interrupt_table.o [4]
___interrupt_60         0xffffe1a8    0x20  Code  Wk  interrupt_table.o [4]
___interrupt_61         0xffffe1a8    0x20  Code  Wk  interrupt_table.o [4]
___interrupt_62         0xffffe1a8    0x20  Code  Wk  interrupt_table.o [4]
___interrupt_63         0xffffe1a8    0x20  Code  Wk  interrupt_table.o [4]
___interrupt_64         0xffffe1a8    0x20  Code  Wk  interrupt_table.o [4]
___interrupt_65         0xffffe1a8    0x20  Code  Wk  interrupt_table.o [4]
___interrupt_66         0xffffe1a8    0x20  Code  Wk  interrupt_table.o [4]
___interrupt_67         0xffffe1a8    0x20  Code  Wk  interrupt_table.o [4]
___interrupt_68         0xffffe1a8    0x20  Code  Wk  interrupt_table.o [4]
___interrupt_69         0xffffe1a8    0x20  Code  Wk  interrupt_table.o [4]
___interrupt_7          0xffffe1a8    0x20  Code  Wk  interrupt_table.o [4]
___interrupt_70         0xffffe1a8    0x20  Code  Wk  interrupt_table.o [4]
___interrupt_71         0xffffe1a8    0x20  Code  Wk  interrupt_table.o [4]
___interrupt_72         0xffffe1a8    0x20  Code  Wk  interrupt_table.o [4]
___interrupt_73         0xffffe1a8    0x20  Code  Wk  interrupt_table.o [4]
___interrupt_74         0xffffe1a8    0x20  Code  Wk  interrupt_table.o [4]
___interrupt_75         0xffffe1a8    0x20  Code  Wk  interrupt_table.o [4]
___interrupt_76         0xffffe1a8    0x20  Code  Wk  interrupt_table.o [4]
___interrupt_77         0xffffe1a8    0x20  Code  Wk  interrupt_table.o [4]
___interrupt_78         0xffffe1a8    0x20  Code  Wk  interrupt_table.o [4]
___interrupt_79         0xffffe1a8    0x20  Code  Wk  interrupt_table.o [4]
___interrupt_8          0xffffe1a8    0x20  Code  Wk  interrupt_table.o [4]
___interrupt_80         0xffffe1a8    0x20  Code  Wk  interrupt_table.o [4]
___interrupt_81         0xffffe1a8    0x20  Code  Wk  interrupt_table.o [4]
___interrupt_82         0xffffe1a8    0x20  Code  Wk  interrupt_table.o [4]
___interrupt_83         0xffffe1a8    0x20  Code  Wk  interrupt_table.o [4]
___interrupt_84         0xffffe1a8    0x20  Code  Wk  interrupt_table.o [4]
___interrupt_85         0xffffe1a8    0x20  Code  Wk  interrupt_table.o [4]
___interrupt_86         0xffffe1a8    0x20  Code  Wk  interrupt_table.o [4]
___interrupt_87         0xffffe1a8    0x20  Code  Wk  interrupt_table.o [4]
___interrupt_88         0xffffe1a8    0x20  Code  Wk  interrupt_table.o [4]
___interrupt_89         0xffffe1a8    0x20  Code  Wk  interrupt_table.o [4]
___interrupt_9          0xffffe1a8    0x20  Code  Wk  interrupt_table.o [4]
___interrupt_90         0xffffe1a8    0x20  Code  Wk  interrupt_table.o [4]
___interrupt_91         0xffffe1a8    0x20  Code  Wk  interrupt_table.o [4]
___interrupt_92         0xffffe1a8    0x20  Code  Wk  interrupt_table.o [4]
___interrupt_93         0xffffe1a8    0x20  Code  Wk  interrupt_table.o [4]
___interrupt_94         0xffffe1a8    0x20  Code  Wk  interrupt_table.o [4]
___interrupt_95         0xffffe1a8    0x20  Code  Wk  interrupt_table.o [4]
___interrupt_96         0xffffe1a8    0x20  Code  Wk  interrupt_table.o [4]
___interrupt_97         0xffffe1a8    0x20  Code  Wk  interrupt_table.o [4]
___interrupt_98         0xffffe1a8    0x20  Code  Wk  interrupt_table.o [4]
___interrupt_99         0xffffe1a8    0x20  Code  Wk  interrupt_table.o [4]
___privileged_handler   0xffffe0ee          Code  Wk  def_nmi_handlers.o [4]
___rxabi_assert         0xffffdc01    0x89  Code  Gb  xassert.o [4]
___undefined_handler    0xffffe0ee          Code  Wk  def_nmi_handlers.o [4]
___write                0xffffe00d     0xa  Code  Gb  __dbg_xxwrite.o [3]
__exit                  0xffffe14f          Code  Gb  cexit.o [4]
__float_placeholder     0xffffe0ee          Code  Wk  def_nmi_handlers.o [4]
__iar_cstart_end        0xffffe136          Code  Gb  cstartup.o [1]
__iar_main_call         0xffffe126          Code  Gb  cstartup.o [1]
__iar_program_start     0xffffe114          Code  Gb  cstartup.o [1]
__iar_reset_vector      0xfffffffc          Data  Gb  nmivec.o [4]
_abort                  0xffffdd26     0xf  Code  Gb  __dbg_abort.o [3]
_default_handler        0xffffe1a8    0x20  Code  Gb  interrupt_table.o [4]
_exit                   0xffffe14b     0x4  Code  Gb  exit.o [4]
_g_led5_stack           0x00005644   0x200  Data  Lc  exercise4.o [1]
_g_led5_tcb             0x00006044    0xc4  Data  Lc  exercise4.o [1]
_led5_task              0xffffdbb7    0x4a  Code  Gb  exercise4.o [1]
_main                   0xffffdb08    0xaf  Code  Gb  exercise4.o [1]
_out                    0xffffdd11    0x15  Code  Lc  xreportassert.o [4]
_putchar                0xffffdf11    0x25  Code  Gb  putchar.o [4]
_vector_table           0xffffce28   0x400  Data  Gb  interrupt_table.o [4]


[1] = C:\Embed_v2\Exercises\HandsOn\Exercise4\Debug\Obj
[2] = command line
[3] = dbgrxlld.a
[4] = dlrxflln.a

  16 361 bytes of readonly  code memory
   8 878 bytes of readonly  data memory
  26 562 bytes of readwrite data memory

Errors: none
Warnings: none
