###############################################################################
#
# IAR ELF Linker V2.60.1.1702 for Renesas RX              21/Oct/2015  16:18:01
# Copyright 2009-2014 IAR Systems AB.
#
#    Output file  =  
#        C:\Embed_v2\Exercises\HandsOn\Exercise8\Debug\Exe\Exercise8.out
#    Map file     =  
#        C:\Embed_v2\Exercises\HandsOn\Exercise8\Debug\List\Exercise8.map
#    Command line =  
#        C:\Embed_v2\Exercises\HandsOn\Exercise8\Debug\Obj\adc.o
#        C:\Embed_v2\Exercises\HandsOn\Exercise8\Debug\Obj\adcisr.o
#        C:\Embed_v2\Exercises\HandsOn\Exercise8\Debug\Obj\alarm.o
#        C:\Embed_v2\Exercises\HandsOn\Exercise8\Debug\Obj\bsp.o
#        C:\Embed_v2\Exercises\HandsOn\Exercise8\Debug\Obj\bsp_glcd.o
#        C:\Embed_v2\Exercises\HandsOn\Exercise8\Debug\Obj\bsp_int.o
#        C:\Embed_v2\Exercises\HandsOn\Exercise8\Debug\Obj\bsp_led.o
#        C:\Embed_v2\Exercises\HandsOn\Exercise8\Debug\Obj\bsp_misc.o
#        C:\Embed_v2\Exercises\HandsOn\Exercise8\Debug\Obj\bsp_os.o
#        C:\Embed_v2\Exercises\HandsOn\Exercise8\Debug\Obj\bsp_ser.o
#        C:\Embed_v2\Exercises\HandsOn\Exercise8\Debug\Obj\bsp_sys.o
#        C:\Embed_v2\Exercises\HandsOn\Exercise8\Debug\Obj\cpu_bsp.o
#        C:\Embed_v2\Exercises\HandsOn\Exercise8\Debug\Obj\cpu_core.o
#        C:\Embed_v2\Exercises\HandsOn\Exercise8\Debug\Obj\cstartup.o
#        C:\Embed_v2\Exercises\HandsOn\Exercise8\Debug\Obj\exercise8.o
#        C:\Embed_v2\Exercises\HandsOn\Exercise8\Debug\Obj\font_8x8.o
#        C:\Embed_v2\Exercises\HandsOn\Exercise8\Debug\Obj\font_x5x7.o
#        C:\Embed_v2\Exercises\HandsOn\Exercise8\Debug\Obj\Glyph.o
#        C:\Embed_v2\Exercises\HandsOn\Exercise8\Debug\Obj\GlyphRegister.o
#        C:\Embed_v2\Exercises\HandsOn\Exercise8\Debug\Obj\interrupts.o
#        C:\Embed_v2\Exercises\HandsOn\Exercise8\Debug\Obj\lib_ascii.o
#        C:\Embed_v2\Exercises\HandsOn\Exercise8\Debug\Obj\lib_math.o
#        C:\Embed_v2\Exercises\HandsOn\Exercise8\Debug\Obj\lib_mem.o
#        C:\Embed_v2\Exercises\HandsOn\Exercise8\Debug\Obj\lib_str.o
#        C:\Embed_v2\Exercises\HandsOn\Exercise8\Debug\Obj\os_app_hooks.o
#        C:\Embed_v2\Exercises\HandsOn\Exercise8\Debug\Obj\os_bsp.o
#        C:\Embed_v2\Exercises\HandsOn\Exercise8\Debug\Obj\os_cfg_app.o
#        C:\Embed_v2\Exercises\HandsOn\Exercise8\Debug\Obj\os_core.o
#        C:\Embed_v2\Exercises\HandsOn\Exercise8\Debug\Obj\os_cpu_a.o
#        C:\Embed_v2\Exercises\HandsOn\Exercise8\Debug\Obj\os_cpu_c.o
#        C:\Embed_v2\Exercises\HandsOn\Exercise8\Debug\Obj\os_dbg.o
#        C:\Embed_v2\Exercises\HandsOn\Exercise8\Debug\Obj\os_flag.o
#        C:\Embed_v2\Exercises\HandsOn\Exercise8\Debug\Obj\os_int.o
#        C:\Embed_v2\Exercises\HandsOn\Exercise8\Debug\Obj\os_mem.o
#        C:\Embed_v2\Exercises\HandsOn\Exercise8\Debug\Obj\os_msg.o
#        C:\Embed_v2\Exercises\HandsOn\Exercise8\Debug\Obj\os_mutex.o
#        C:\Embed_v2\Exercises\HandsOn\Exercise8\Debug\Obj\os_pend_multi.o
#        C:\Embed_v2\Exercises\HandsOn\Exercise8\Debug\Obj\os_prio.o
#        C:\Embed_v2\Exercises\HandsOn\Exercise8\Debug\Obj\os_q.o
#        C:\Embed_v2\Exercises\HandsOn\Exercise8\Debug\Obj\os_sem.o
#        C:\Embed_v2\Exercises\HandsOn\Exercise8\Debug\Obj\os_stat.o
#        C:\Embed_v2\Exercises\HandsOn\Exercise8\Debug\Obj\os_task.o
#        C:\Embed_v2\Exercises\HandsOn\Exercise8\Debug\Obj\os_tick.o
#        C:\Embed_v2\Exercises\HandsOn\Exercise8\Debug\Obj\os_time.o
#        C:\Embed_v2\Exercises\HandsOn\Exercise8\Debug\Obj\os_tmr.o
#        C:\Embed_v2\Exercises\HandsOn\Exercise8\Debug\Obj\os_var.o
#        C:\Embed_v2\Exercises\HandsOn\Exercise8\Debug\Obj\pushbutton.o
#        C:\Embed_v2\Exercises\HandsOn\Exercise8\Debug\Obj\ST7579_LCD.o
#        C:\Embed_v2\Exercises\HandsOn\Exercise8\Debug\Obj\YRDKRX63N_RSPI0.o
#        --redirect __Printf=__PrintfSmall --redirect __Scanf=__ScanfFull -o
#        C:\Embed_v2\Exercises\HandsOn\Exercise8\Debug\Exe\Exercise8.out --map
#        C:\Embed_v2\Exercises\HandsOn\Exercise8\Debug\List\Exercise8.map
#        --config "C:\Program Files (x86)\IAR Systems\Embedded Workbench
#        7.0\rx\CONFIG\lnkr5f563nb.icf" --config_def _USTACK_SIZE=0x0
#        --config_def _ISTACK_SIZE=0x200 --config_def _HEAP_SIZE=0x800 --entry
#        __iar_program_start --debug_lib --inline --vfe
#
###############################################################################

*******************************************************************************
*** RUNTIME MODEL ATTRIBUTES
***

__SystemLibrary            = DLib
__calling_conv             = abi10
__core                     = 1
__dlib_file_descriptor     = 0
__dlib_full_locale_support = 0
__double_size              = 32
__endian                   = l
__fpu                      = 1
__int_size                 = 32
__lock_R10                 = 0
__lock_R11                 = 0
__lock_R12                 = 0
__lock_R13                 = 0
__lock_R8                  = 0
__lock_R9                  = 0
__rt_version               = 5


*******************************************************************************
*** PLACEMENT SUMMARY
***

"A1":  place at 0xffffff80 { ro section .nmivec };
"ROM16":
       place in [from 0xffff8000 to 0xffffffff] {
          ro section .code16*, ro section .data16* };
"ROM24":
       place in [from 0xfff00000 to 0xffffffff] {
          ro section .code24*, ro section .data24* };
"RAM24":
       place in [from 0x00000004 to 0x0001ffff] { rw section .data24* };
"ROM32":
       place in [from 0xfff00000 to 0xffffffff] { ro };
"RAM32":
       place in [from 0x00000004 to 0x0001ffff] {
          rw, ro section D, ro section D_1, ro section D_2, block HEAP,
          block STACKS };

  Section          Kind        Address    Size  Object
  -------          ----        -------    ----  ------
"RAM24":                                0x7cc4
  .data24.bss      zero     0x00000004  0x5000  lib_mem.o [1]
  .data24.bss      zero     0x00005004   0x640  os_cfg_app.o [1]
  .data24.bss      zero     0x00005644   0x200  alarm.o [1]
  .data24.bss      zero     0x00005844   0x200  exercise8.o [1]
  .data24.bss      zero     0x00005a44   0x200  exercise8.o [1]
  .data24.bss      zero     0x00005c44   0x200  exercise8.o [1]
  .data24.bss      zero     0x00005e44   0x200  exercise8.o [1]
  .data24.bss      zero     0x00006044   0x200  exercise8.o [1]
  .data24.bss      zero     0x00006244   0x200  exercise8.o [1]
  .data24.bss      zero     0x00006444   0x200  exercise8.o [1]
  .data24.bss      zero     0x00006644   0x200  exercise8.o [1]
  .data24.bss      zero     0x00006844   0x200  os_cfg_app.o [1]
  .data24.bss      zero     0x00006a44   0x200  os_cfg_app.o [1]
  .data24.bss      zero     0x00006c44   0x200  os_cfg_app.o [1]
  .data24.bss      zero     0x00006e44   0x200  os_cfg_app.o [1]
  .data24.bss      zero     0x00007044    0xc4  alarm.o [1]
  .data24.bss      zero     0x00007108    0xc4  exercise8.o [1]
  .data24.bss      zero     0x000071cc    0xc4  exercise8.o [1]
  .data24.bss      zero     0x00007290    0xc4  exercise8.o [1]
  .data24.bss      zero     0x00007354    0xc4  exercise8.o [1]
  .data24.bss      zero     0x00007418    0xc4  exercise8.o [1]
  .data24.bss      zero     0x000074dc    0xc4  exercise8.o [1]
  .data24.bss      zero     0x000075a0    0xc4  exercise8.o [1]
  .data24.bss      zero     0x00007664    0xc4  exercise8.o [1]
  .data24.bss      zero     0x00007728    0xc4  os_var.o [1]
  .data24.bss      zero     0x000077ec    0xc4  os_var.o [1]
  .data24.bss      zero     0x000078b0    0xc4  os_var.o [1]
  .data24.bss      zero     0x00007974    0xc0  os_var.o [1]
  .data24.bss      zero     0x00007a34    0x58  Glyph.o [1]
  .data24.bss      zero     0x00007a8c    0x30  adc.o [1]
  .data24.bss      zero     0x00007abc    0x30  bsp_os.o [1]
  .data24.bss      zero     0x00007aec    0x30  exercise8.o [1]
  .data24.bss      zero     0x00007b1c    0x30  os_var.o [1]
  .data24.bss      zero     0x00007b4c    0x28  exercise8.o [1]
  .data24.bss      zero     0x00007b74    0x28  exercise8.o [1]
  .data24.bss      zero     0x00007b9c    0x28  exercise8.o [1]
  .data24.bss      zero     0x00007bc4    0x14  lib_mem.o [1]
  .data24.bss      zero     0x00007bd8    0x10  cpu_core.o [1]
  .data24.bss      zero     0x00007be8     0xc  Glyph.o [1]
  .data24.bss      zero     0x00007bf4     0xc  os_var.o [1]
  .data24.bss      zero     0x00007c00     0x8  Glyph.o [1]
  .data24.bss      zero     0x00007c08     0x8  os_var.o [1]
  .data24.bss      zero     0x00007c10     0x8  os_var.o [1]
  .data24.bss      zero     0x00007c18     0x4  bsp_glcd.o [1]
  .data24.bss      zero     0x00007c1c     0x4  cpu_core.o [1]
  .data24.bss      zero     0x00007c20     0x4  cpu_core.o [1]
  .data24.bss      zero     0x00007c24     0x4  lib_mem.o [1]
  .data24.bss      zero     0x00007c28     0x4  os_cpu_c.o [1]
  .data24.bss      zero     0x00007c2c     0x4  os_prio.o [1]
  .data24.bss      zero     0x00007c30     0x4  os_var.o [1]
  .data24.bss      zero     0x00007c34     0x4  os_var.o [1]
  .data24.bss      zero     0x00007c38     0x4  os_var.o [1]
  .data24.bss      zero     0x00007c3c     0x4  os_var.o [1]
  .data24.bss      zero     0x00007c40     0x4  os_var.o [1]
  .data24.bss      zero     0x00007c44     0x4  os_var.o [1]
  .data24.bss      zero     0x00007c48     0x4  os_var.o [1]
  .data24.bss      zero     0x00007c4c     0x4  os_var.o [1]
  .data24.bss      zero     0x00007c50     0x4  os_var.o [1]
  .data24.bss      zero     0x00007c54     0x4  os_var.o [1]
  .data24.bss      zero     0x00007c58     0x4  os_var.o [1]
  .data24.bss      zero     0x00007c5c     0x4  os_var.o [1]
  .data24.bss      zero     0x00007c60     0x4  os_var.o [1]
  .data24.bss      zero     0x00007c64     0x4  os_var.o [1]
  .data24.bss      zero     0x00007c68     0x4  os_var.o [1]
  .data24.bss      zero     0x00007c6c     0x4  os_var.o [1]
  .data24.bss      zero     0x00007c70     0x4  os_var.o [1]
  .data24.bss      zero     0x00007c74     0x4  os_var.o [1]
  .data24.bss      zero     0x00007c78     0x4  os_var.o [1]
  .data24.bss      zero     0x00007c7c     0x4  os_var.o [1]
  .data24.bss      zero     0x00007c80     0x4  os_var.o [1]
  .data24.bss      zero     0x00007c84     0x4  os_var.o [1]
  .data24.bss      zero     0x00007c88     0x4  os_var.o [1]
  .data24.bss      zero     0x00007c8c     0x4  os_var.o [1]
  .data24.bss      zero     0x00007c90     0x4  os_var.o [1]
  .data24.bss      zero     0x00007c94     0x2  adc.o [1]
  .data24.bss      zero     0x00007c96     0x2  adc.o [1]
  .data24.bss      zero     0x00007c98     0x2  cpu_core.o [1]
  .data24.bss      zero     0x00007c9a     0x2  cpu_core.o [1]
  .data24.bss      zero     0x00007c9c     0x2  cpu_core.o [1]
  .data24.bss      zero     0x00007c9e     0x2  cpu_core.o [1]
  .data24.bss      zero     0x00007ca0     0x2  cpu_core.o [1]
  .data24.bss      zero     0x00007ca2     0x2  cpu_core.o [1]
  .data24.bss      zero     0x00007ca4     0x2  cpu_core.o [1]
  .data24.bss      zero     0x00007ca6     0x2  cpu_core.o [1]
  .data24.bss      zero     0x00007ca8     0x2  os_var.o [1]
  .data24.bss      zero     0x00007caa     0x2  os_var.o [1]
  .data24.bss      zero     0x00007cac     0x2  os_var.o [1]
  .data24.bss      zero     0x00007cae     0x2  os_var.o [1]
  .data24.bss      zero     0x00007cb0     0x2  os_var.o [1]
  .data24.bss      zero     0x00007cb2     0x2  os_var.o [1]
  .data24.bss      zero     0x00007cb4     0x2  os_var.o [1]
  .data24.bss      zero     0x00007cb6     0x2  os_var.o [1]
  .data24.bss      zero     0x00007cb8     0x2  os_var.o [1]
  .data24.bss      zero     0x00007cba     0x2  pushbutton.o [1]
  .data24.bss      zero     0x00007cbc     0x2  pushbutton.o [1]
  .data24.bss      zero     0x00007cbe     0x1  os_var.o [1]
  .data24.bss      zero     0x00007cbf     0x1  os_var.o [1]
  .data24.bss      zero     0x00007cc0     0x1  os_var.o [1]
  .data24.bss      zero     0x00007cc1     0x1  os_var.o [1]
  .data24.bss      zero     0x00007cc2     0x1  os_var.o [1]
  .data24.bss      zero     0x00007cc3     0x1  os_var.o [1]
  .data24.bss      zero     0x00007cc4     0x1  os_var.o [1]
  .data24.bss      zero     0x00007cc5     0x1  os_var.o [1]
                          - 0x00007cc6  0x7cc2

"RAM32":                                 0x200
  STACKS                    0x00007cc8   0x200  <Block>
    ISTACK                  0x00007cc8   0x200  <Block>
      ISTACK       uninit   0x00007cc8   0x200  <Block tail>
                          - 0x00007ec8   0x200

"ROM24":                                0x1e7a
  .data24.rodata   const    0xfff00000   0x400  font_8x8.o [1]
  .data24.rodata   const    0xfff00400   0x400  font_x5x7.o [1]
  .data24.rodata   const    0xfff00800   0x400  interrupts.o [1]
  .data24.rodata   const    0xfff00c00   0x100  cpu_core.o [1]
  .data24.rodata   const    0xfff00d00    0x34  exercise8.o [1]
  .data24.rodata   const    0xfff00d34    0x30  alarm.o [1]
  .data24.rodata   const    0xfff00d64    0x30  os_dbg.o [1]
  .data24.rodata   const    0xfff00d94    0x30  os_dbg.o [1]
  .data24.rodata   const    0xfff00dc4    0x30  os_dbg.o [1]
  .data24.rodata   const    0xfff00df4    0x2e  adc.o [1]
  .data24.rodata   const    0xfff00e22     0xa  adc.o [1]
  .data24.rodata   const    0xfff00e2c    0x28  os_dbg.o [1]
  .data24.rodata   const    0xfff00e54    0x28  os_dbg.o [1]
  .data24.rodata   const    0xfff00e7c    0x20  os_dbg.o [1]
  .data24.rodata   const    0xfff00e9c    0x1d  exercise8.o [1]
  .data24.rodata   const    0xfff00eb9    0x13  adc.o [1]
  .data24.rodata   const    0xfff00ecc    0x1c  exercise8.o [1]
  .data24.rodata   const    0xfff00ee8    0x15  exercise8.o [1]
  .data24.rodata   const    0xfff00efd    0x15  os_tmr.o [1]
  .data24.rodata   const    0xfff00f12     0xa  exercise8.o [1]
  .data24.rodata   const    0xfff00f1c    0x14  os_core.o [1]
  .data24.rodata   const    0xfff00f30    0x14  os_tick.o [1]
  .data24.rodata   const    0xfff00f44    0x13  alarm.o [1]
  .data24.rodata   const    0xfff00f57    0x13  exercise8.o [1]
  .data24.rodata   const    0xfff00f6a     0xa  font_8x8.o [1]
  .data24.rodata   const    0xfff00f74    0x10  exercise8.o [1]
  .data24.rodata   const    0xfff00f84    0x10  exercise8.o [1]
  .data24.rodata   const    0xfff00f94     0xf  adc.o [1]
  .data24.rodata   const    0xfff00fa3     0xd  alarm.o [1]
  .data24.rodata   const    0xfff00fb0     0xd  os_tmr.o [1]
  .data24.rodata   const    0xfff00fbd     0xb  bsp_os.o [1]
  .data24.rodata   const    0xfff00fc8     0xb  exercise8.o [1]
  .data24.rodata   const    0xfff00fd3     0xb  exercise8.o [1]
  .data24.rodata   const    0xfff00fde     0xa  font_8x8.o [1]
  .data24.rodata   const    0xfff00fe8     0xa  font_8x8.o [1]
  .data24.rodata   const    0xfff00ff2     0xa  font_8x8.o [1]
  .data24.rodata   const    0xfff00ffc     0xa  font_8x8.o [1]
  .data24.rodata   const    0xfff01006     0xa  font_8x8.o [1]
  .data24.rodata   const    0xfff01010     0xa  font_8x8.o [1]
  .data24.rodata   const    0xfff0101a     0xa  font_8x8.o [1]
  .data24.rodata   const    0xfff01024     0xa  font_8x8.o [1]
  .data24.rodata   const    0xfff0102e     0xa  font_8x8.o [1]
  .data24.rodata   const    0xfff01038     0xa  font_8x8.o [1]
  .data24.rodata   const    0xfff01042     0xa  font_8x8.o [1]
  .data24.rodata   const    0xfff0104c     0xa  font_8x8.o [1]
  .data24.rodata   const    0xfff01056     0xa  font_8x8.o [1]
  .data24.rodata   const    0xfff01060     0xa  font_8x8.o [1]
  .data24.rodata   const    0xfff0106a     0xa  font_8x8.o [1]
  .data24.rodata   const    0xfff01074     0xa  font_8x8.o [1]
  .data24.rodata   const    0xfff0107e     0xa  font_8x8.o [1]
  .data24.rodata   const    0xfff01088     0xa  font_8x8.o [1]
  .data24.rodata   const    0xfff01092     0xa  font_8x8.o [1]
  .data24.rodata   const    0xfff0109c     0xa  font_8x8.o [1]
  .data24.rodata   const    0xfff010a6     0xa  font_8x8.o [1]
  .data24.rodata   const    0xfff010b0     0xa  font_8x8.o [1]
  .data24.rodata   const    0xfff010ba     0xa  font_8x8.o [1]
  .data24.rodata   const    0xfff010c4     0xa  font_8x8.o [1]
  .data24.rodata   const    0xfff010ce     0xa  font_8x8.o [1]
  .data24.rodata   const    0xfff010d8     0xa  font_8x8.o [1]
  .data24.rodata   const    0xfff010e2     0xa  font_8x8.o [1]
  .data24.rodata   const    0xfff010ec     0xa  font_8x8.o [1]
  .data24.rodata   const    0xfff010f6     0xa  font_8x8.o [1]
  .data24.rodata   const    0xfff01100     0xa  font_8x8.o [1]
  .data24.rodata   const    0xfff0110a     0xa  font_8x8.o [1]
  .data24.rodata   const    0xfff01114     0xa  font_8x8.o [1]
  .data24.rodata   const    0xfff0111e     0xa  font_8x8.o [1]
  .data24.rodata   const    0xfff01128     0xa  font_8x8.o [1]
  .data24.rodata   const    0xfff01132     0xa  font_8x8.o [1]
  .data24.rodata   const    0xfff0113c     0xa  font_8x8.o [1]
  .data24.rodata   const    0xfff01146     0xa  font_8x8.o [1]
  .data24.rodata   const    0xfff01150     0xa  font_8x8.o [1]
  .data24.rodata   const    0xfff0115a     0xa  font_8x8.o [1]
  .data24.rodata   const    0xfff01164     0xa  font_8x8.o [1]
  .data24.rodata   const    0xfff0116e     0xa  font_8x8.o [1]
  .data24.rodata   const    0xfff01178     0xa  font_8x8.o [1]
  .data24.rodata   const    0xfff01182     0xa  font_8x8.o [1]
  .data24.rodata   const    0xfff0118c     0xa  font_8x8.o [1]
  .data24.rodata   const    0xfff01196     0xa  font_8x8.o [1]
  .data24.rodata   const    0xfff011a0     0xa  font_8x8.o [1]
  .data24.rodata   const    0xfff011aa     0xa  font_8x8.o [1]
  .data24.rodata   const    0xfff011b4     0xa  font_8x8.o [1]
  .data24.rodata   const    0xfff011be     0xa  font_8x8.o [1]
  .data24.rodata   const    0xfff011c8     0xa  font_8x8.o [1]
  .data24.rodata   const    0xfff011d2     0xa  font_8x8.o [1]
  .data24.rodata   const    0xfff011dc     0xa  font_8x8.o [1]
  .data24.rodata   const    0xfff011e6     0xa  font_8x8.o [1]
  .data24.rodata   const    0xfff011f0     0xa  font_8x8.o [1]
  .data24.rodata   const    0xfff011fa     0xa  font_8x8.o [1]
  .data24.rodata   const    0xfff01204     0xa  font_8x8.o [1]
  .data24.rodata   const    0xfff0120e     0xa  font_8x8.o [1]
  .data24.rodata   const    0xfff01218     0xa  font_8x8.o [1]
  .data24.rodata   const    0xfff01222     0xa  font_8x8.o [1]
  .data24.rodata   const    0xfff0122c     0xa  font_8x8.o [1]
  .data24.rodata   const    0xfff01236     0xa  font_8x8.o [1]
  .data24.rodata   const    0xfff01240     0xa  font_8x8.o [1]
  .data24.rodata   const    0xfff0124a     0xa  font_8x8.o [1]
  .data24.rodata   const    0xfff01254     0xa  font_8x8.o [1]
  .data24.rodata   const    0xfff0125e     0xa  font_8x8.o [1]
  .data24.rodata   const    0xfff01268     0xa  font_8x8.o [1]
  .data24.rodata   const    0xfff01272     0xa  font_8x8.o [1]
  .data24.rodata   const    0xfff0127c     0xa  font_8x8.o [1]
  .data24.rodata   const    0xfff01286     0xa  font_8x8.o [1]
  .data24.rodata   const    0xfff01290     0xa  font_8x8.o [1]
  .data24.rodata   const    0xfff0129a     0xa  font_8x8.o [1]
  .data24.rodata   const    0xfff012a4     0xa  font_8x8.o [1]
  .data24.rodata   const    0xfff012ae     0xa  font_8x8.o [1]
  .data24.rodata   const    0xfff012b8     0xa  font_8x8.o [1]
  .data24.rodata   const    0xfff012c2     0xa  font_8x8.o [1]
  .data24.rodata   const    0xfff012cc     0xa  font_8x8.o [1]
  .data24.rodata   const    0xfff012d6     0xa  font_8x8.o [1]
  .data24.rodata   const    0xfff012e0     0xa  font_8x8.o [1]
  .data24.rodata   const    0xfff012ea     0xa  font_8x8.o [1]
  .data24.rodata   const    0xfff012f4     0xa  font_8x8.o [1]
  .data24.rodata   const    0xfff012fe     0xa  font_8x8.o [1]
  .data24.rodata   const    0xfff01308     0xa  font_8x8.o [1]
  .data24.rodata   const    0xfff01312     0xa  font_8x8.o [1]
  .data24.rodata   const    0xfff0131c     0xa  font_8x8.o [1]
  .data24.rodata   const    0xfff01326     0xa  font_8x8.o [1]
  .data24.rodata   const    0xfff01330     0xa  font_8x8.o [1]
  .data24.rodata   const    0xfff0133a     0xa  font_8x8.o [1]
  .data24.rodata   const    0xfff01344     0xa  font_8x8.o [1]
  .data24.rodata   const    0xfff0134e     0xa  font_8x8.o [1]
  .data24.rodata   const    0xfff01358     0xa  font_8x8.o [1]
  .data24.rodata   const    0xfff01362     0xa  font_8x8.o [1]
  .data24.rodata   const    0xfff0136c     0xa  font_8x8.o [1]
  .data24.rodata   const    0xfff01376     0xa  font_8x8.o [1]
  .data24.rodata   const    0xfff01380     0xa  font_8x8.o [1]
  .data24.rodata   const    0xfff0138a     0xa  font_8x8.o [1]
  .data24.rodata   const    0xfff01394     0xa  font_8x8.o [1]
  .data24.rodata   const    0xfff0139e     0xa  font_8x8.o [1]
  .data24.rodata   const    0xfff013a8     0xa  font_8x8.o [1]
  .data24.rodata   const    0xfff013b2     0xa  font_8x8.o [1]
  .data24.rodata   const    0xfff013bc     0xa  font_8x8.o [1]
  .data24.rodata   const    0xfff013c6     0xa  font_8x8.o [1]
  .data24.rodata   const    0xfff013d0     0xa  font_8x8.o [1]
  .data24.rodata   const    0xfff013da     0xa  font_8x8.o [1]
  .data24.rodata   const    0xfff013e4     0xa  font_8x8.o [1]
  .data24.rodata   const    0xfff013ee     0xa  font_8x8.o [1]
  .data24.rodata   const    0xfff013f8     0xa  font_8x8.o [1]
  .data24.rodata   const    0xfff01402     0xa  font_8x8.o [1]
  .data24.rodata   const    0xfff0140c     0xa  font_8x8.o [1]
  .data24.rodata   const    0xfff01416     0xa  font_8x8.o [1]
  .data24.rodata   const    0xfff01420     0xa  font_8x8.o [1]
  .data24.rodata   const    0xfff0142a     0xa  font_8x8.o [1]
  .data24.rodata   const    0xfff01434     0xa  font_8x8.o [1]
  .data24.rodata   const    0xfff0143e     0xa  font_8x8.o [1]
  .data24.rodata   const    0xfff01448     0xa  font_8x8.o [1]
  .data24.rodata   const    0xfff01452     0xa  font_8x8.o [1]
  .data24.rodata   const    0xfff0145c     0xa  font_8x8.o [1]
  .data24.rodata   const    0xfff01466     0xa  font_8x8.o [1]
  .data24.rodata   const    0xfff01470     0xa  font_8x8.o [1]
  .data24.rodata   const    0xfff0147a     0xa  font_8x8.o [1]
  .data24.rodata   const    0xfff01484     0xa  font_8x8.o [1]
  .data24.rodata   const    0xfff0148e     0xa  font_8x8.o [1]
  .data24.rodata   const    0xfff01498     0xa  font_8x8.o [1]
  .data24.rodata   const    0xfff014a2     0xa  font_8x8.o [1]
  .data24.rodata   const    0xfff014ac     0xa  font_8x8.o [1]
  .data24.rodata   const    0xfff014b6     0xa  font_8x8.o [1]
  .data24.rodata   const    0xfff014c0     0xa  font_8x8.o [1]
  .data24.rodata   const    0xfff014ca     0xa  font_8x8.o [1]
  .data24.rodata   const    0xfff014d4     0xa  font_8x8.o [1]
  .data24.rodata   const    0xfff014de     0xa  font_8x8.o [1]
  .data24.rodata   const    0xfff014e8     0xa  font_8x8.o [1]
  .data24.rodata   const    0xfff014f2     0xa  font_8x8.o [1]
  .data24.rodata   const    0xfff014fc     0xa  font_8x8.o [1]
  .data24.rodata   const    0xfff01506     0xa  font_8x8.o [1]
  .data24.rodata   const    0xfff01510     0xa  font_8x8.o [1]
  .data24.rodata   const    0xfff0151a     0xa  font_8x8.o [1]
  .data24.rodata   const    0xfff01524     0xa  font_8x8.o [1]
  .data24.rodata   const    0xfff0152e     0xa  font_8x8.o [1]
  .data24.rodata   const    0xfff01538     0xa  font_8x8.o [1]
  .data24.rodata   const    0xfff01542     0xa  font_8x8.o [1]
  .data24.rodata   const    0xfff0154c     0xa  font_8x8.o [1]
  .data24.rodata   const    0xfff01556     0xa  font_8x8.o [1]
  .data24.rodata   const    0xfff01560     0xa  font_8x8.o [1]
  .data24.rodata   const    0xfff0156a     0xa  font_8x8.o [1]
  .data24.rodata   const    0xfff01574     0xa  font_8x8.o [1]
  .data24.rodata   const    0xfff0157e     0xa  font_8x8.o [1]
  .data24.rodata   const    0xfff01588     0xa  font_8x8.o [1]
  .data24.rodata   const    0xfff01592     0xa  font_8x8.o [1]
  .data24.rodata   const    0xfff0159c     0xa  font_8x8.o [1]
  .data24.rodata   const    0xfff015a6     0xa  font_8x8.o [1]
  .data24.rodata   const    0xfff015b0     0xa  font_8x8.o [1]
  .data24.rodata   const    0xfff015ba     0xa  font_8x8.o [1]
  .data24.rodata   const    0xfff015c4     0xa  font_8x8.o [1]
  .data24.rodata   const    0xfff015ce     0xa  font_8x8.o [1]
  .data24.rodata   const    0xfff015d8     0xa  font_8x8.o [1]
  .data24.rodata   const    0xfff015e2     0xa  font_8x8.o [1]
  .data24.rodata   const    0xfff015ec     0xa  font_8x8.o [1]
  .data24.rodata   const    0xfff015f6     0xa  font_8x8.o [1]
  .data24.rodata   const    0xfff01600     0xa  font_8x8.o [1]
  .data24.rodata   const    0xfff0160a     0xa  font_8x8.o [1]
  .data24.rodata   const    0xfff01614     0xa  font_8x8.o [1]
  .data24.rodata   const    0xfff0161e     0xa  font_8x8.o [1]
  .data24.rodata   const    0xfff01628     0xa  font_8x8.o [1]
  .data24.rodata   const    0xfff01632     0xa  font_8x8.o [1]
  .data24.rodata   const    0xfff0163c     0xa  font_8x8.o [1]
  .data24.rodata   const    0xfff01646     0xa  font_8x8.o [1]
  .data24.rodata   const    0xfff01650     0xa  font_8x8.o [1]
  .data24.rodata   const    0xfff0165a     0xa  font_8x8.o [1]
  .data24.rodata   const    0xfff01664     0xa  font_8x8.o [1]
  .data24.rodata   const    0xfff0166e     0xa  font_8x8.o [1]
  .data24.rodata   const    0xfff01678     0xa  font_8x8.o [1]
  .data24.rodata   const    0xfff01682     0xa  font_8x8.o [1]
  .data24.rodata   const    0xfff0168c     0xa  font_8x8.o [1]
  .data24.rodata   const    0xfff01696     0xa  font_8x8.o [1]
  .data24.rodata   const    0xfff016a0     0xa  font_8x8.o [1]
  .data24.rodata   const    0xfff016aa     0xa  font_8x8.o [1]
  .data24.rodata   const    0xfff016b4     0xa  font_8x8.o [1]
  .data24.rodata   const    0xfff016be     0xa  font_8x8.o [1]
  .data24.rodata   const    0xfff016c8     0xa  font_8x8.o [1]
  .data24.rodata   const    0xfff016d2     0xa  font_8x8.o [1]
  .data24.rodata   const    0xfff016dc     0xa  font_8x8.o [1]
  .data24.rodata   const    0xfff016e6     0xa  font_8x8.o [1]
  .data24.rodata   const    0xfff016f0     0xa  font_8x8.o [1]
  .data24.rodata   const    0xfff016fa     0xa  font_8x8.o [1]
  .data24.rodata   const    0xfff01704     0xa  font_8x8.o [1]
  .data24.rodata   const    0xfff0170e     0xa  font_8x8.o [1]
  .data24.rodata   const    0xfff01718     0xa  font_8x8.o [1]
  .data24.rodata   const    0xfff01722     0xa  font_8x8.o [1]
  .data24.rodata   const    0xfff0172c     0xa  font_8x8.o [1]
  .data24.rodata   const    0xfff01736     0xa  font_8x8.o [1]
  .data24.rodata   const    0xfff01740     0xa  font_8x8.o [1]
  .data24.rodata   const    0xfff0174a     0xa  font_8x8.o [1]
  .data24.rodata   const    0xfff01754     0xa  font_8x8.o [1]
  .data24.rodata   const    0xfff0175e     0xa  font_8x8.o [1]
  .data24.rodata   const    0xfff01768     0xa  font_8x8.o [1]
  .data24.rodata   const    0xfff01772     0xa  font_8x8.o [1]
  .data24.rodata   const    0xfff0177c     0xa  font_8x8.o [1]
  .data24.rodata   const    0xfff01786     0xa  font_8x8.o [1]
  .data24.rodata   const    0xfff01790     0xa  font_8x8.o [1]
  .data24.rodata   const    0xfff0179a     0xa  font_8x8.o [1]
  .data24.rodata   const    0xfff017a4     0xa  font_8x8.o [1]
  .data24.rodata   const    0xfff017ae     0xa  font_8x8.o [1]
  .data24.rodata   const    0xfff017b8     0xa  font_8x8.o [1]
  .data24.rodata   const    0xfff017c2     0xa  font_8x8.o [1]
  .data24.rodata   const    0xfff017cc     0xa  font_8x8.o [1]
  .data24.rodata   const    0xfff017d6     0xa  font_8x8.o [1]
  .data24.rodata   const    0xfff017e0     0xa  font_8x8.o [1]
  .data24.rodata   const    0xfff017ea     0xa  font_8x8.o [1]
  .data24.rodata   const    0xfff017f4     0xa  font_8x8.o [1]
  .data24.rodata   const    0xfff017fe     0xa  font_8x8.o [1]
  .data24.rodata   const    0xfff01808     0xa  font_8x8.o [1]
  .data24.rodata   const    0xfff01812     0xa  font_8x8.o [1]
  .data24.rodata   const    0xfff0181c     0xa  font_8x8.o [1]
  .data24.rodata   const    0xfff01826     0xa  font_8x8.o [1]
  .data24.rodata   const    0xfff01830     0xa  font_8x8.o [1]
  .data24.rodata   const    0xfff0183a     0xa  font_8x8.o [1]
  .data24.rodata   const    0xfff01844     0xa  font_8x8.o [1]
  .data24.rodata   const    0xfff0184e     0xa  font_8x8.o [1]
  .data24.rodata   const    0xfff01858     0xa  font_8x8.o [1]
  .data24.rodata   const    0xfff01862     0xa  font_8x8.o [1]
  .data24.rodata   const    0xfff0186c     0xa  font_8x8.o [1]
  .data24.rodata   const    0xfff01876     0xa  font_8x8.o [1]
  .data24.rodata   const    0xfff01880     0xa  font_8x8.o [1]
  .data24.rodata   const    0xfff0188a     0xa  font_8x8.o [1]
  .data24.rodata   const    0xfff01894     0xa  font_8x8.o [1]
  .data24.rodata   const    0xfff0189e     0xa  font_8x8.o [1]
  .data24.rodata   const    0xfff018a8     0xa  font_8x8.o [1]
  .data24.rodata   const    0xfff018b2     0xa  font_8x8.o [1]
  .data24.rodata   const    0xfff018bc     0xa  font_8x8.o [1]
  .data24.rodata   const    0xfff018c6     0xa  font_8x8.o [1]
  .data24.rodata   const    0xfff018d0     0xa  font_8x8.o [1]
  .data24.rodata   const    0xfff018da     0xa  font_8x8.o [1]
  .data24.rodata   const    0xfff018e4     0xa  font_8x8.o [1]
  .data24.rodata   const    0xfff018ee     0xa  font_8x8.o [1]
  .data24.rodata   const    0xfff018f8     0xa  font_8x8.o [1]
  .data24.rodata   const    0xfff01902     0xa  font_8x8.o [1]
  .data24.rodata   const    0xfff0190c     0xa  font_8x8.o [1]
  .data24.rodata   const    0xfff01916     0xa  font_8x8.o [1]
  .data24.rodata   const    0xfff01920     0xa  font_8x8.o [1]
  .data24.rodata   const    0xfff0192a     0xa  font_8x8.o [1]
  .data24.rodata   const    0xfff01934     0xa  font_8x8.o [1]
  .data24.rodata   const    0xfff0193e     0xa  font_8x8.o [1]
  .data24.rodata   const    0xfff01948     0xa  font_8x8.o [1]
  .data24.rodata   const    0xfff01952     0xa  font_8x8.o [1]
  .data24.rodata   const    0xfff0195c     0xa  font_8x8.o [1]
  .data24.rodata   const    0xfff01966     0xa  font_8x8.o [1]
  .data24.rodata   const    0xfff01970     0xa  font_8x8.o [1]
  .data24.rodata   const    0xfff0197a     0xa  font_8x8.o [1]
  .data24.rodata   const    0xfff01984     0xa  font_8x8.o [1]
  .data24.rodata   const    0xfff0198e     0xa  font_8x8.o [1]
  .data24.rodata   const    0xfff01998     0xa  font_8x8.o [1]
  .data24.rodata   const    0xfff019a2     0xa  font_8x8.o [1]
  .data24.rodata   const    0xfff019ac     0xa  font_8x8.o [1]
  .data24.rodata   const    0xfff019b6     0xa  font_8x8.o [1]
  .data24.rodata   const    0xfff019c0     0xa  font_8x8.o [1]
  .data24.rodata   const    0xfff019ca     0xa  font_8x8.o [1]
  .data24.rodata   const    0xfff019d4     0xa  ST7579_LCD.o [1]
  .data24.rodata   const    0xfff019de     0x9  exercise8.o [1]
  .data24.rodata   const    0xfff019e7     0x9  os_core.o [1]
  .data24.rodata   const    0xfff019f0     0x9  pushbutton.o [1]
  .data24.rodata   const    0xfff019f9     0x9  pushbutton.o [1]
  .data24.rodata   const    0xfff01a02     0x6  exercise8.o [1]
  .data24.rodata   const    0xfff01a08     0x8  alarm.o [1]
  .data24.rodata   const    0xfff01a10     0x8  alarm.o [1]
  .data24.rodata   const    0xfff01a18     0x8  alarm.o [1]
  .data24.rodata   const    0xfff01a20     0x8  exercise8.o [1]
  .data24.rodata   const    0xfff01a28     0x7  font_x5x7.o [1]
  .data24.rodata   const    0xfff01a2f     0x7  font_x5x7.o [1]
  .data24.rodata   const    0xfff01a36     0x7  font_x5x7.o [1]
  .data24.rodata   const    0xfff01a3d     0x7  font_x5x7.o [1]
  .data24.rodata   const    0xfff01a44     0x7  font_x5x7.o [1]
  .data24.rodata   const    0xfff01a4b     0x7  font_x5x7.o [1]
  .data24.rodata   const    0xfff01a52     0x7  font_x5x7.o [1]
  .data24.rodata   const    0xfff01a59     0x7  font_x5x7.o [1]
  .data24.rodata   const    0xfff01a60     0x7  font_x5x7.o [1]
  .data24.rodata   const    0xfff01a67     0x7  font_x5x7.o [1]
  .data24.rodata   const    0xfff01a6e     0x7  font_x5x7.o [1]
  .data24.rodata   const    0xfff01a75     0x7  font_x5x7.o [1]
  .data24.rodata   const    0xfff01a7c     0x7  font_x5x7.o [1]
  .data24.rodata   const    0xfff01a83     0x7  font_x5x7.o [1]
  .data24.rodata   const    0xfff01a8a     0x7  font_x5x7.o [1]
  .data24.rodata   const    0xfff01a91     0x7  font_x5x7.o [1]
  .data24.rodata   const    0xfff01a98     0x7  font_x5x7.o [1]
  .data24.rodata   const    0xfff01a9f     0x7  font_x5x7.o [1]
  .data24.rodata   const    0xfff01aa6     0x7  font_x5x7.o [1]
  .data24.rodata   const    0xfff01aad     0x7  font_x5x7.o [1]
  .data24.rodata   const    0xfff01ab4     0x7  font_x5x7.o [1]
  .data24.rodata   const    0xfff01abb     0x7  font_x5x7.o [1]
  .data24.rodata   const    0xfff01ac2     0x7  font_x5x7.o [1]
  .data24.rodata   const    0xfff01ac9     0x7  font_x5x7.o [1]
  .data24.rodata   const    0xfff01ad0     0x7  font_x5x7.o [1]
  .data24.rodata   const    0xfff01ad7     0x7  font_x5x7.o [1]
  .data24.rodata   const    0xfff01ade     0x7  font_x5x7.o [1]
  .data24.rodata   const    0xfff01ae5     0x7  font_x5x7.o [1]
  .data24.rodata   const    0xfff01aec     0x7  font_x5x7.o [1]
  .data24.rodata   const    0xfff01af3     0x7  font_x5x7.o [1]
  .data24.rodata   const    0xfff01afa     0x7  font_x5x7.o [1]
  .data24.rodata   const    0xfff01b01     0x7  font_x5x7.o [1]
  .data24.rodata   const    0xfff01b08     0x7  font_x5x7.o [1]
  .data24.rodata   const    0xfff01b0f     0x7  font_x5x7.o [1]
  .data24.rodata   const    0xfff01b16     0x7  font_x5x7.o [1]
  .data24.rodata   const    0xfff01b1d     0x7  font_x5x7.o [1]
  .data24.rodata   const    0xfff01b24     0x7  font_x5x7.o [1]
  .data24.rodata   const    0xfff01b2b     0x7  font_x5x7.o [1]
  .data24.rodata   const    0xfff01b32     0x7  font_x5x7.o [1]
  .data24.rodata   const    0xfff01b39     0x7  font_x5x7.o [1]
  .data24.rodata   const    0xfff01b40     0x7  font_x5x7.o [1]
  .data24.rodata   const    0xfff01b47     0x7  font_x5x7.o [1]
  .data24.rodata   const    0xfff01b4e     0x7  font_x5x7.o [1]
  .data24.rodata   const    0xfff01b55     0x7  font_x5x7.o [1]
  .data24.rodata   const    0xfff01b5c     0x7  font_x5x7.o [1]
  .data24.rodata   const    0xfff01b63     0x7  font_x5x7.o [1]
  .data24.rodata   const    0xfff01b6a     0x7  font_x5x7.o [1]
  .data24.rodata   const    0xfff01b71     0x7  font_x5x7.o [1]
  .data24.rodata   const    0xfff01b78     0x7  font_x5x7.o [1]
  .data24.rodata   const    0xfff01b7f     0x7  font_x5x7.o [1]
  .data24.rodata   const    0xfff01b86     0x7  font_x5x7.o [1]
  .data24.rodata   const    0xfff01b8d     0x7  font_x5x7.o [1]
  .data24.rodata   const    0xfff01b94     0x7  font_x5x7.o [1]
  .data24.rodata   const    0xfff01b9b     0x7  font_x5x7.o [1]
  .data24.rodata   const    0xfff01ba2     0x7  font_x5x7.o [1]
  .data24.rodata   const    0xfff01ba9     0x7  font_x5x7.o [1]
  .data24.rodata   const    0xfff01bb0     0x7  font_x5x7.o [1]
  .data24.rodata   const    0xfff01bb7     0x7  font_x5x7.o [1]
  .data24.rodata   const    0xfff01bbe     0x7  font_x5x7.o [1]
  .data24.rodata   const    0xfff01bc5     0x7  font_x5x7.o [1]
  .data24.rodata   const    0xfff01bcc     0x7  font_x5x7.o [1]
  .data24.rodata   const    0xfff01bd3     0x7  font_x5x7.o [1]
  .data24.rodata   const    0xfff01bda     0x7  font_x5x7.o [1]
  .data24.rodata   const    0xfff01be1     0x7  font_x5x7.o [1]
  .data24.rodata   const    0xfff01be8     0x7  font_x5x7.o [1]
  .data24.rodata   const    0xfff01bef     0x7  font_x5x7.o [1]
  .data24.rodata   const    0xfff01bf6     0x7  font_x5x7.o [1]
  .data24.rodata   const    0xfff01bfd     0x7  font_x5x7.o [1]
  .data24.rodata   const    0xfff01c04     0x7  font_x5x7.o [1]
  .data24.rodata   const    0xfff01c0b     0x7  font_x5x7.o [1]
  .data24.rodata   const    0xfff01c12     0x7  font_x5x7.o [1]
  .data24.rodata   const    0xfff01c19     0x7  font_x5x7.o [1]
  .data24.rodata   const    0xfff01c20     0x7  font_x5x7.o [1]
  .data24.rodata   const    0xfff01c27     0x7  font_x5x7.o [1]
  .data24.rodata   const    0xfff01c2e     0x7  font_x5x7.o [1]
  .data24.rodata   const    0xfff01c35     0x7  font_x5x7.o [1]
  .data24.rodata   const    0xfff01c3c     0x7  font_x5x7.o [1]
  .data24.rodata   const    0xfff01c43     0x7  font_x5x7.o [1]
  .data24.rodata   const    0xfff01c4a     0x7  font_x5x7.o [1]
  .data24.rodata   const    0xfff01c51     0x7  font_x5x7.o [1]
  .data24.rodata   const    0xfff01c58     0x7  font_x5x7.o [1]
  .data24.rodata   const    0xfff01c5f     0x7  font_x5x7.o [1]
  .data24.rodata   const    0xfff01c66     0x7  font_x5x7.o [1]
  .data24.rodata   const    0xfff01c6d     0x7  font_x5x7.o [1]
  .data24.rodata   const    0xfff01c74     0x7  font_x5x7.o [1]
  .data24.rodata   const    0xfff01c7b     0x7  font_x5x7.o [1]
  .data24.rodata   const    0xfff01c82     0x7  font_x5x7.o [1]
  .data24.rodata   const    0xfff01c89     0x7  font_x5x7.o [1]
  .data24.rodata   const    0xfff01c90     0x7  font_x5x7.o [1]
  .data24.rodata   const    0xfff01c97     0x7  font_x5x7.o [1]
  .data24.rodata   const    0xfff01c9e     0x7  font_x5x7.o [1]
  .data24.rodata   const    0xfff01ca5     0x7  font_x5x7.o [1]
  .data24.rodata   const    0xfff01cac     0x7  font_x5x7.o [1]
  .data24.rodata   const    0xfff01cb3     0x7  font_x5x7.o [1]
  .data24.rodata   const    0xfff01cba     0x7  font_x5x7.o [1]
  .data24.rodata   const    0xfff01cc1     0x7  font_x5x7.o [1]
  .data24.rodata   const    0xfff01cc8     0x7  font_x5x7.o [1]
  .data24.rodata   const    0xfff01ccf     0x7  font_x5x7.o [1]
  .data24.rodata   const    0xfff01cd6     0x7  font_x5x7.o [1]
  .data24.rodata   const    0xfff01cdd     0x7  font_x5x7.o [1]
  .data24.rodata   const    0xfff01ce4     0x7  font_x5x7.o [1]
  .data24.rodata   const    0xfff01ceb     0x7  font_x5x7.o [1]
  .data24.rodata   const    0xfff01cf2     0x7  font_x5x7.o [1]
  .data24.rodata   const    0xfff01cf9     0x7  font_x5x7.o [1]
  .data24.rodata   const    0xfff01d00     0x7  font_x5x7.o [1]
  .data24.rodata   const    0xfff01d07     0x7  font_x5x7.o [1]
  .data24.rodata   const    0xfff01d0e     0x7  font_x5x7.o [1]
  .data24.rodata   const    0xfff01d15     0x7  font_x5x7.o [1]
  .data24.rodata   const    0xfff01d1c     0x7  font_x5x7.o [1]
  .data24.rodata   const    0xfff01d23     0x7  font_x5x7.o [1]
  .data24.rodata   const    0xfff01d2a     0x7  font_x5x7.o [1]
  .data24.rodata   const    0xfff01d31     0x7  font_x5x7.o [1]
  .data24.rodata   const    0xfff01d38     0x7  font_x5x7.o [1]
  .data24.rodata   const    0xfff01d3f     0x7  font_x5x7.o [1]
  .data24.rodata   const    0xfff01d46     0x7  font_x5x7.o [1]
  .data24.rodata   const    0xfff01d4d     0x7  font_x5x7.o [1]
  .data24.rodata   const    0xfff01d54     0x7  font_x5x7.o [1]
  .data24.rodata   const    0xfff01d5b     0x7  font_x5x7.o [1]
  .data24.rodata   const    0xfff01d62     0x7  font_x5x7.o [1]
  .data24.rodata   const    0xfff01d69     0x7  font_x5x7.o [1]
  .data24.rodata   const    0xfff01d70     0x7  font_x5x7.o [1]
  .data24.rodata   const    0xfff01d77     0x7  font_x5x7.o [1]
  .data24.rodata   const    0xfff01d7e     0x7  font_x5x7.o [1]
  .data24.rodata   const    0xfff01d85     0x7  font_x5x7.o [1]
  .data24.rodata   const    0xfff01d8c     0x7  font_x5x7.o [1]
  .data24.rodata   const    0xfff01d93     0x7  font_x5x7.o [1]
  .data24.rodata   const    0xfff01d9a     0x7  font_x5x7.o [1]
  .data24.rodata   const    0xfff01da1     0x7  os_core.o [1]
  .data24.rodata   const    0xfff01da8     0x6  os_task.o [1]
  .data24.rodata   const    0xfff01dae     0x5  lib_mem.o [1]
  .data24.rodata   const    0xfff01db3     0x1  os_cfg_app.o [1]
  .data24.rodata   const    0xfff01db4     0x4  adc.o [1]
  .data24.rodata   const    0xfff01db8     0x4  os_cfg_app.o [1]
  .data24.rodata   const    0xfff01dbc     0x4  os_cfg_app.o [1]
  .data24.rodata   const    0xfff01dc0     0x4  os_cfg_app.o [1]
  .data24.rodata   const    0xfff01dc4     0x4  os_cfg_app.o [1]
  .data24.rodata   const    0xfff01dc8     0x4  os_cfg_app.o [1]
  .data24.rodata   const    0xfff01dcc     0x4  os_cfg_app.o [1]
  .data24.rodata   const    0xfff01dd0     0x4  os_cfg_app.o [1]
  .data24.rodata   const    0xfff01dd4     0x4  os_cfg_app.o [1]
  .data24.rodata   const    0xfff01dd8     0x4  os_cfg_app.o [1]
  .data24.rodata   const    0xfff01ddc     0x4  os_cfg_app.o [1]
  .data24.rodata   const    0xfff01de0     0x4  os_cfg_app.o [1]
  .data24.rodata   const    0xfff01de4     0x4  os_cfg_app.o [1]
  .data24.rodata   const    0xfff01de8     0x4  os_cfg_app.o [1]
  .data24.rodata   const    0xfff01dec     0x4  os_cfg_app.o [1]
  .data24.rodata   const    0xfff01df0     0x4  os_cfg_app.o [1]
  .data24.rodata   const    0xfff01df4     0x4  os_cfg_app.o [1]
  .data24.rodata   const    0xfff01df8     0x4  os_cfg_app.o [1]
  .data24.rodata   const    0xfff01dfc     0x4  os_cfg_app.o [1]
  .data24.rodata   const    0xfff01e00     0x4  os_cfg_app.o [1]
  .data24.rodata   const    0xfff01e04     0x4  os_cfg_app.o [1]
  .data24.rodata   const    0xfff01e08     0x4  os_cfg_app.o [1]
  .data24.rodata   const    0xfff01e0c     0x4  os_dbg.o [1]
  .data24.rodata   const    0xfff01e10     0x4  os_dbg.o [1]
  .data24.rodata   const    0xfff01e14     0x4  os_dbg.o [1]
  .data24.rodata   const    0xfff01e18     0x2  alarm.o [1]
  .data24.rodata   const    0xfff01e1a     0x2  exercise8.o [1]
  .data24.rodata   const    0xfff01e1c     0x2  os_cfg_app.o [1]
  .data24.rodata   const    0xfff01e1e     0x2  os_core.o [1]
  .data24.rodata   const    0xfff01e20     0x2  os_dbg.o [1]
  .data24.rodata   const    0xfff01e22     0x2  os_dbg.o [1]
  .data24.rodata   const    0xfff01e24     0x2  os_dbg.o [1]
  .data24.rodata   const    0xfff01e26     0x2  os_dbg.o [1]
  .data24.rodata   const    0xfff01e28     0x2  os_dbg.o [1]
  .data24.rodata   const    0xfff01e2a     0x2  os_dbg.o [1]
  .data24.rodata   const    0xfff01e2c     0x2  os_dbg.o [1]
  .data24.rodata   const    0xfff01e2e     0x2  os_dbg.o [1]
  .data24.rodata   const    0xfff01e30     0x2  os_dbg.o [1]
  .data24.rodata   const    0xfff01e32     0x2  os_dbg.o [1]
  .data24.rodata   const    0xfff01e34     0x2  os_dbg.o [1]
  .data24.rodata   const    0xfff01e36     0x2  os_dbg.o [1]
  .data24.rodata   const    0xfff01e38     0x2  os_dbg.o [1]
  .data24.rodata   const    0xfff01e3a     0x2  os_dbg.o [1]
  .data24.rodata   const    0xfff01e3c     0x2  os_dbg.o [1]
  .data24.rodata   const    0xfff01e3e     0x2  os_dbg.o [1]
  .data24.rodata   const    0xfff01e40     0x2  os_dbg.o [1]
  .data24.rodata   const    0xfff01e42     0x2  os_dbg.o [1]
  .data24.rodata   const    0xfff01e44     0x2  os_dbg.o [1]
  .data24.rodata   const    0xfff01e46     0x2  os_dbg.o [1]
  .data24.rodata   const    0xfff01e48     0x2  os_flag.o [1]
  .data24.rodata   const    0xfff01e4a     0x2  os_mutex.o [1]
  .data24.rodata   const    0xfff01e4c     0x2  os_q.o [1]
  .data24.rodata   const    0xfff01e4e     0x2  os_sem.o [1]
  .data24.rodata   const    0xfff01e50     0x2  os_task.o [1]
  .data24.rodata   const    0xfff01e52     0x1  os_cfg_app.o [1]
  .data24.rodata   const    0xfff01e53     0x1  os_dbg.o [1]
  .data24.rodata   const    0xfff01e54     0x1  os_dbg.o [1]
  .data24.rodata   const    0xfff01e55     0x1  os_dbg.o [1]
  .data24.rodata   const    0xfff01e56     0x1  os_dbg.o [1]
  .data24.rodata   const    0xfff01e57     0x1  os_dbg.o [1]
  .data24.rodata   const    0xfff01e58     0x1  os_dbg.o [1]
  .data24.rodata   const    0xfff01e59     0x1  os_dbg.o [1]
  .data24.rodata   const    0xfff01e5a     0x1  os_dbg.o [1]
  .data24.rodata   const    0xfff01e5b     0x1  os_dbg.o [1]
  .data24.rodata   const    0xfff01e5c     0x1  os_dbg.o [1]
  .data24.rodata   const    0xfff01e5d     0x1  os_dbg.o [1]
  .data24.rodata   const    0xfff01e5e     0x1  os_dbg.o [1]
  .data24.rodata   const    0xfff01e5f     0x1  os_dbg.o [1]
  .data24.rodata   const    0xfff01e60     0x1  os_dbg.o [1]
  .data24.rodata   const    0xfff01e61     0x1  os_dbg.o [1]
  .data24.rodata   const    0xfff01e62     0x1  os_dbg.o [1]
  .data24.rodata   const    0xfff01e63     0x1  os_dbg.o [1]
  .data24.rodata   const    0xfff01e64     0x1  os_dbg.o [1]
  .data24.rodata   const    0xfff01e65     0x1  os_dbg.o [1]
  .data24.rodata   const    0xfff01e66     0x1  os_dbg.o [1]
  .data24.rodata   const    0xfff01e67     0x1  os_dbg.o [1]
  .data24.rodata   const    0xfff01e68     0x1  os_dbg.o [1]
  .data24.rodata   const    0xfff01e69     0x1  os_dbg.o [1]
  .data24.rodata   const    0xfff01e6a     0x1  os_dbg.o [1]
  .data24.rodata   const    0xfff01e6b     0x1  os_dbg.o [1]
  .data24.rodata   const    0xfff01e6c     0x1  os_dbg.o [1]
  .data24.rodata   const    0xfff01e6d     0x1  os_dbg.o [1]
  .data24.rodata   const    0xfff01e6e     0x1  os_dbg.o [1]
  .data24.rodata   const    0xfff01e6f     0x1  os_dbg.o [1]
  .data24.rodata   const    0xfff01e70     0x1  os_dbg.o [1]
  .data24.rodata   const    0xfff01e71     0x1  os_dbg.o [1]
  .data24.rodata   const    0xfff01e72     0x1  os_dbg.o [1]
  .data24.rodata   const    0xfff01e73     0x1  os_dbg.o [1]
  .data24.rodata   const    0xfff01e74     0x1  os_dbg.o [1]
  .data24.rodata   const    0xfff01e75     0x1  os_dbg.o [1]
  .data24.rodata   const    0xfff01e76     0x1  os_dbg.o [1]
  .data24.rodata   const    0xfff01e77     0x1  os_dbg.o [1]
  .data24.rodata   const    0xfff01e78     0x1  os_dbg.o [1]
  .data24.rodata   const    0xfff01e79     0x1  os_dbg.o [1]
                          - 0xfff01e7a  0x1e7a

"ROM32":                                0x64b5
  .text            ro code  0xfff01e7a   0xb50  os_core.o [1]
  .text            ro code  0xfff029ca   0x482  os_tick.o [1]
  .text            ro code  0xfff02e4c   0x322  cpu_core.o [1]
  .text            ro code  0xfff0316e    0x82  cpu_bsp.o [1]
  .text            ro code  0xfff031f0    0xa6  os_prio.o [1]
  .text            ro code  0xfff03296   0x836  os_task.o [1]
  .text            ro code  0xfff03acc   0x1ff  os_cpu_c.o [1]
  .text            ro code  0xfff03ccb    0xa1  os_cpu_a.o [1]
  .text            ro code  0xfff03d6c   0x5e2  os_flag.o [1]
  .text            ro code  0xfff0434e   0x21f  os_msg.o [1]
  .text            ro code  0xfff0456d   0x499  os_mutex.o [1]
  .text            ro code  0xfff04a06   0x317  os_q.o [1]
  .text            ro code  0xfff04d1d   0x324  os_sem.o [1]
  .text            ro code  0xfff05041   0x214  os_tmr.o [1]
  .text            ro code  0xfff05255   0x155  os_dbg.o [1]
  .text            ro code  0xfff053aa    0x79  os_cfg_app.o [1]
  .text            ro code  0xfff05423   0x1f4  lib_mem.o [1]
  .text            ro code  0xfff05617    0xf1  bsp_sys.o [1]
  .text            ro code  0xfff05708   0x814  ST7579_LCD.o [1]
  .text            ro code  0xfff05f1c   0x4a2  xprintfsmall.o [4]
  .text            ro code  0xfff063be    0x13  strchr.o [4]
  .text            ro code  0xfff063d1     0xf  strlen.o [4]
  .text            ro code  0xfff063e0    0x16  memchr.o [4]
  .text            ro code  0xfff063f6   0x430  alarm.o [1]
  .text            ro code  0xfff06826    0x89  xassert.o [4]
  .text            ro code  0xfff068af   0x169  os_time.o [1]
  .text            ro code  0xfff06a18    0x87  xreportassert.o [4]
  .text            ro code  0xfff06a9f     0xf  __dbg_abort.o [3]
  .text            ro code  0xfff06aae    0x25  putchar.o [4]
  .text            ro code  0xfff06ad3     0x1  __dbg_break.o [3]
  .text            ro code  0xfff06ad4    0x12  __dbg_xxexit.o [3]
  .text            ro code  0xfff06ae6     0xa  __dbg_xxwrite.o [3]
  .text            ro code  0xfff06af0    0x15  __dbg_xxdwrite.o [3]
  .inttable                 0xfff06b08   0x400  <Block>
    .inttable      const    0xfff06b08   0x400  interrupt_table.o [4]
  .text            ro code  0xfff06f08   0x3a1  exercise8.o [1]
  .text            ro code  0xfff072a9   0x206  interrupts.o [1]
  .text            ro code  0xfff074af    0x15  bsp.o [1]
  .text            ro code  0xfff074c4    0xb8  bsp_glcd.o [1]
  .text            ro code  0xfff0757c   0x38a  bsp_led.o [1]
  .text            ro code  0xfff07906    0xc8  os_bsp.o [1]
  .text            ro code  0xfff079ce    0xd0  bsp_misc.o [1]
  .text            ro code  0xfff07a9e    0x48  bsp_os.o [1]
  .text            ro code  0xfff07ae6   0x100  Glyph.o [1]
  .text            ro code  0xfff07be6    0x2e  lib_str.o [1]
  .text            ro code  0xfff07c14    0x6c  GlyphRegister.o [1]
  .text            ro code  0xfff07c80   0x1e5  YRDKRX63N_RSPI0.o [1]
  .text            ro code  0xfff07e65   0x17b  adc.o [1]
  .text            ro code  0xfff07fe0    0x2e  sprintf.o [4]
  .text            ro code  0xfff0800e   0x11e  pushbutton.o [1]
  .text            ro code  0xfff0812c    0x46  adcisr.o [1]
  .text            ro code  0xfff08172     0x2  def_nmi_handlers.o [4]
  .switch.rodata   const    0xfff08174    0x2c  ST7579_LCD.o [1]
  .switch.rodata   const    0xfff081a0    0x2a  ST7579_LCD.o [1]
  .switch.rodata   const    0xfff081cc    0x24  ST7579_LCD.o [1]
  .text            ro code  0xfff081f0    0x22  cstartup.o [1]
  .text            ro code  0xfff08212    0x15  data_init2.o [4]
  .text            ro code  0xfff08227     0x4  exit.o [4]
  .text            ro code  0xfff0822b     0x8  cexit.o [4]
  .iar.init_table  const    0xfff08234    0x10  - Linker created -
  .switch.rodata   const    0xfff08244    0x20  bsp_led.o [1]
  .switch.rodata   const    0xfff08264    0x20  bsp_led.o [1]
  .text            ro code  0xfff08284    0x20  interrupt_table.o [4]
  .text            ro code  0xfff082a4    0x18  zero_init2.o [4]
  .switch.rodata   const    0xfff082bc    0x10  os_core.o [1]
  .switch.rodata   const    0xfff082cc    0x10  os_task.o [1]
  .switch.rodata   const    0xfff082dc    0x10  os_task.o [1]
  .switch.rodata   const    0xfff082ec    0x10  os_task.o [1]
  .switch.rodata   const    0xfff082fc     0xe  xprintfsmall.o [4]
  .text            ro code  0xfff0830a     0xb  xsprout.o [4]
  .switch.rodata   const    0xfff08318     0x8  os_flag.o [1]
  .switch.rodata   const    0xfff08320     0x8  os_task.o [1]
  .switch.rodata   const    0xfff08328     0x7  bsp_sys.o [1]
                          - 0xfff0832f  0x64b5

"ROM16":                                  0x32
  .data16.rodata   const    0xffff8000    0x16  xreportassert.o [4]
  .data16.rodata   const    0xffff8016     0xd  xreportassert.o [4]
  .data16.rodata   const    0xffff8023     0x6  xprintfsmall.o [4]
  .data16.rodata   const    0xffff8029     0x5  xreportassert.o [4]
  .data16.rodata   const    0xffff802e     0x2  xreportassert.o [4]
  .data16.rodata   const    0xffff8030     0x2  xreportassert.o [4]
                          - 0xffff8032    0x32

"A1":                                     0x80
  .nmivec          const    0xffffff80    0x80  nmivec.o [4]
                          - 0x00000000    0x80


*******************************************************************************
*** INIT TABLE
***

          Address     Size
          -------     ----
Zero (___iar_zero_init2)
    1 destination range, total size 0x7cc2:
          0x00000004  0x7cc2



*******************************************************************************
*** MODULE SUMMARY
***

    Module              ro code  ro data  rw data
    ------              -------  -------  -------
C:\Embed_v2\Exercises\HandsOn\Exercise8\Debug\Obj: [1]
    Glyph.o                 256               108
    GlyphRegister.o         108
    ST7579_LCD.o          2 068      132
    YRDKRX63N_RSPI0.o       485
    adc.o                   379       94       52
    adcisr.o                 70
    alarm.o               1 072      106      708
    bsp.o                    21
    bsp_glcd.o              184                 4
    bsp_led.o               906       64
    bsp_misc.o              208
    bsp_os.o                 72       11       48
    bsp_sys.o               241        7
    cpu_bsp.o               130
    cpu_core.o              802      256       40
    cstartup.o               34
    exercise8.o             929      238    5 832
    font_8x8.o                     3 584
    font_x5x7.o                    1 913
    interrupts.o            518    1 024
    lib_mem.o               500        5   20 504
    lib_str.o                46
    os_bsp.o                200
    os_cfg_app.o            121       88    3 648
    os_core.o             2 896       54
    os_cpu_a.o              161
    os_cpu_c.o              511                 4
    os_dbg.o                341      347
    os_flag.o             1 506       10
    os_msg.o                543
    os_mutex.o            1 177        2
    os_prio.o               166                 4
    os_q.o                  791        2
    os_sem.o                804        2
    os_task.o             2 102       64
    os_tick.o             1 154       20
    os_time.o               361
    os_tmr.o                532       34
    os_var.o                                  982
    pushbutton.o            286       18        4
    ---------------------------------------------
    Total:               22 681    8 075   31 938

command line: [2]
    ---------------------------------------------
    Total:

dbgrxlld.a: [3]
    __dbg_abort.o            15
    __dbg_break.o             1
    __dbg_xxdwrite.o         21
    __dbg_xxexit.o           18
    __dbg_xxwrite.o          10
    ---------------------------------------------
    Total:                   65

dlrxflln.a: [4]
    cexit.o                   8
    data_init2.o             21
    def_nmi_handlers.o        2
    exit.o                    4
    interrupt_table.o        32    1 024
    memchr.o                 22
    nmivec.o                         128
    putchar.o                37
    sprintf.o                46
    strchr.o                 19
    strlen.o                 15
    xassert.o               137
    xprintfsmall.o        1 186       20
    xreportassert.o         135       44
    xsprout.o                11
    zero_init2.o             24
    ---------------------------------------------
    Total:                1 699    1 216

    Gaps                               6
    Linker created                    16      512
-------------------------------------------------
    Grand Total:         24 445    9 313   32 450


*******************************************************************************
*** ENTRY LIST
***

Entry                      Address    Size  Type      Object
-----                      -------    ----  ----      ------
.inttable$$Base         0xfff06b08           --   Gb  - Linker created -
.inttable$$Limit        0xfff06f08           --   Gb  - Linker created -
ISTACK$$Base            0x00007cc8           --   Gb  - Linker created -
ISTACK$$Limit           0x00007ec8           --   Gb  - Linker created -
Region$$Table$$Base     0xfff08234           --   Gb  - Linker created -
Region$$Table$$Limit    0xfff08244           --   Gb  - Linker created -
STACKS$$Base            0x00007cc8           --   Gb  - Linker created -
STACKS$$Limit           0x00007ec8           --   Gb  - Linker created -
_AdcIsr                 0xfff0812c          Code  Gb  adcisr.o [1]
_BSP_GraphLCD           0x00007c18     0x4  Data  Lc  bsp_glcd.o [1]
_BSP_GraphLCD_Init      0xfff07538    0x44  Code  Gb  bsp_glcd.o [1]
_BSP_GraphLCD_SetFont   0xfff074ff    0x39  Code  Gb  bsp_glcd.o [1]
_BSP_GraphLCD_String    0xfff074c4    0x3b  Code  Gb  bsp_glcd.o [1]
_BSP_Init               0xfff074af    0x15  Code  Gb  bsp.o [1]
_BSP_IntHandler_000     0xfff074a1     0x2  Code  Gb  interrupts.o [1]
_BSP_IntHandler_001     0xfff0749f     0x2  Code  Gb  interrupts.o [1]
_BSP_IntHandler_002     0xfff0749d     0x2  Code  Gb  interrupts.o [1]
_BSP_IntHandler_003     0xfff0749b     0x2  Code  Gb  interrupts.o [1]
_BSP_IntHandler_004     0xfff07499     0x2  Code  Gb  interrupts.o [1]
_BSP_IntHandler_005     0xfff07497     0x2  Code  Gb  interrupts.o [1]
_BSP_IntHandler_006     0xfff07495     0x2  Code  Gb  interrupts.o [1]
_BSP_IntHandler_007     0xfff07493     0x2  Code  Gb  interrupts.o [1]
_BSP_IntHandler_008     0xfff07491     0x2  Code  Gb  interrupts.o [1]
_BSP_IntHandler_009     0xfff0748f     0x2  Code  Gb  interrupts.o [1]
_BSP_IntHandler_010     0xfff0748d     0x2  Code  Gb  interrupts.o [1]
_BSP_IntHandler_011     0xfff0748b     0x2  Code  Gb  interrupts.o [1]
_BSP_IntHandler_012     0xfff07489     0x2  Code  Gb  interrupts.o [1]
_BSP_IntHandler_013     0xfff07487     0x2  Code  Gb  interrupts.o [1]
_BSP_IntHandler_014     0xfff07485     0x2  Code  Gb  interrupts.o [1]
_BSP_IntHandler_015     0xfff07483     0x2  Code  Gb  interrupts.o [1]
_BSP_IntHandler_016     0xfff07481     0x2  Code  Gb  interrupts.o [1]
_BSP_IntHandler_017     0xfff0747f     0x2  Code  Gb  interrupts.o [1]
_BSP_IntHandler_018     0xfff0747d     0x2  Code  Gb  interrupts.o [1]
_BSP_IntHandler_019     0xfff0747b     0x2  Code  Gb  interrupts.o [1]
_BSP_IntHandler_020     0xfff07479     0x2  Code  Gb  interrupts.o [1]
_BSP_IntHandler_021     0xfff07477     0x2  Code  Gb  interrupts.o [1]
_BSP_IntHandler_022     0xfff07475     0x2  Code  Gb  interrupts.o [1]
_BSP_IntHandler_023     0xfff07473     0x2  Code  Gb  interrupts.o [1]
_BSP_IntHandler_024     0xfff07471     0x2  Code  Gb  interrupts.o [1]
_BSP_IntHandler_025     0xfff0746f     0x2  Code  Gb  interrupts.o [1]
_BSP_IntHandler_026     0xfff0746d     0x2  Code  Gb  interrupts.o [1]
_BSP_IntHandler_029     0xfff0746b     0x2  Code  Gb  interrupts.o [1]
_BSP_IntHandler_030     0xfff07469     0x2  Code  Gb  interrupts.o [1]
_BSP_IntHandler_031     0xfff07467     0x2  Code  Gb  interrupts.o [1]
_BSP_IntHandler_032     0xfff07465     0x2  Code  Gb  interrupts.o [1]
_BSP_IntHandler_033     0xfff07463     0x2  Code  Gb  interrupts.o [1]
_BSP_IntHandler_034     0xfff07461     0x2  Code  Gb  interrupts.o [1]
_BSP_IntHandler_035     0xfff0745f     0x2  Code  Gb  interrupts.o [1]
_BSP_IntHandler_036     0xfff0745d     0x2  Code  Gb  interrupts.o [1]
_BSP_IntHandler_037     0xfff0745b     0x2  Code  Gb  interrupts.o [1]
_BSP_IntHandler_038     0xfff07459     0x2  Code  Gb  interrupts.o [1]
_BSP_IntHandler_039     0xfff07457     0x2  Code  Gb  interrupts.o [1]
_BSP_IntHandler_040     0xfff07455     0x2  Code  Gb  interrupts.o [1]
_BSP_IntHandler_041     0xfff07453     0x2  Code  Gb  interrupts.o [1]
_BSP_IntHandler_042     0xfff07451     0x2  Code  Gb  interrupts.o [1]
_BSP_IntHandler_043     0xfff0744f     0x2  Code  Gb  interrupts.o [1]
_BSP_IntHandler_044     0xfff0744d     0x2  Code  Gb  interrupts.o [1]
_BSP_IntHandler_045     0xfff0744b     0x2  Code  Gb  interrupts.o [1]
_BSP_IntHandler_046     0xfff07449     0x2  Code  Gb  interrupts.o [1]
_BSP_IntHandler_047     0xfff07447     0x2  Code  Gb  interrupts.o [1]
_BSP_IntHandler_048     0xfff07445     0x2  Code  Gb  interrupts.o [1]
_BSP_IntHandler_049     0xfff07443     0x2  Code  Gb  interrupts.o [1]
_BSP_IntHandler_050     0xfff07441     0x2  Code  Gb  interrupts.o [1]
_BSP_IntHandler_051     0xfff0743f     0x2  Code  Gb  interrupts.o [1]
_BSP_IntHandler_052     0xfff0743d     0x2  Code  Gb  interrupts.o [1]
_BSP_IntHandler_053     0xfff0743b     0x2  Code  Gb  interrupts.o [1]
_BSP_IntHandler_054     0xfff07439     0x2  Code  Gb  interrupts.o [1]
_BSP_IntHandler_055     0xfff07437     0x2  Code  Gb  interrupts.o [1]
_BSP_IntHandler_056     0xfff07435     0x2  Code  Gb  interrupts.o [1]
_BSP_IntHandler_057     0xfff07433     0x2  Code  Gb  interrupts.o [1]
_BSP_IntHandler_058     0xfff07431     0x2  Code  Gb  interrupts.o [1]
_BSP_IntHandler_059     0xfff0742f     0x2  Code  Gb  interrupts.o [1]
_BSP_IntHandler_060     0xfff0742d     0x2  Code  Gb  interrupts.o [1]
_BSP_IntHandler_061     0xfff0742b     0x2  Code  Gb  interrupts.o [1]
_BSP_IntHandler_062     0xfff07429     0x2  Code  Gb  interrupts.o [1]
_BSP_IntHandler_063     0xfff07427     0x2  Code  Gb  interrupts.o [1]
_BSP_IntHandler_064     0xfff07425     0x2  Code  Gb  interrupts.o [1]
_BSP_IntHandler_065     0xfff07423     0x2  Code  Gb  interrupts.o [1]
_BSP_IntHandler_066     0xfff07421     0x2  Code  Gb  interrupts.o [1]
_BSP_IntHandler_067     0xfff0741f     0x2  Code  Gb  interrupts.o [1]
_BSP_IntHandler_068     0xfff0741d     0x2  Code  Gb  interrupts.o [1]
_BSP_IntHandler_069     0xfff0741b     0x2  Code  Gb  interrupts.o [1]
_BSP_IntHandler_070     0xfff07419     0x2  Code  Gb  interrupts.o [1]
_BSP_IntHandler_071     0xfff07417     0x2  Code  Gb  interrupts.o [1]
_BSP_IntHandler_072     0xfff07415     0x2  Code  Gb  interrupts.o [1]
_BSP_IntHandler_073     0xfff07413     0x2  Code  Gb  interrupts.o [1]
_BSP_IntHandler_074     0xfff07411     0x2  Code  Gb  interrupts.o [1]
_BSP_IntHandler_075     0xfff0740f     0x2  Code  Gb  interrupts.o [1]
_BSP_IntHandler_076     0xfff0740d     0x2  Code  Gb  interrupts.o [1]
_BSP_IntHandler_077     0xfff0740b     0x2  Code  Gb  interrupts.o [1]
_BSP_IntHandler_078     0xfff07409     0x2  Code  Gb  interrupts.o [1]
_BSP_IntHandler_079     0xfff07407     0x2  Code  Gb  interrupts.o [1]
_BSP_IntHandler_080     0xfff07405     0x2  Code  Gb  interrupts.o [1]
_BSP_IntHandler_081     0xfff07403     0x2  Code  Gb  interrupts.o [1]
_BSP_IntHandler_082     0xfff07401     0x2  Code  Gb  interrupts.o [1]
_BSP_IntHandler_083     0xfff073ff     0x2  Code  Gb  interrupts.o [1]
_BSP_IntHandler_084     0xfff073fd     0x2  Code  Gb  interrupts.o [1]
_BSP_IntHandler_085     0xfff073fb     0x2  Code  Gb  interrupts.o [1]
_BSP_IntHandler_086     0xfff073f9     0x2  Code  Gb  interrupts.o [1]
_BSP_IntHandler_087     0xfff073f7     0x2  Code  Gb  interrupts.o [1]
_BSP_IntHandler_088     0xfff073f5     0x2  Code  Gb  interrupts.o [1]
_BSP_IntHandler_089     0xfff073f3     0x2  Code  Gb  interrupts.o [1]
_BSP_IntHandler_090     0xfff073f1     0x2  Code  Gb  interrupts.o [1]
_BSP_IntHandler_091     0xfff073ef     0x2  Code  Gb  interrupts.o [1]
_BSP_IntHandler_092     0xfff073ed     0x2  Code  Gb  interrupts.o [1]
_BSP_IntHandler_093     0xfff073eb     0x2  Code  Gb  interrupts.o [1]
_BSP_IntHandler_094     0xfff073e9     0x2  Code  Gb  interrupts.o [1]
_BSP_IntHandler_095     0xfff073e7     0x2  Code  Gb  interrupts.o [1]
_BSP_IntHandler_096     0xfff073e5     0x2  Code  Gb  interrupts.o [1]
_BSP_IntHandler_097     0xfff073e3     0x2  Code  Gb  interrupts.o [1]
_BSP_IntHandler_098     0xfff073e1     0x2  Code  Gb  interrupts.o [1]
_BSP_IntHandler_099     0xfff073df     0x2  Code  Gb  interrupts.o [1]
_BSP_IntHandler_100     0xfff073dd     0x2  Code  Gb  interrupts.o [1]
_BSP_IntHandler_101     0xfff073db     0x2  Code  Gb  interrupts.o [1]
_BSP_IntHandler_103     0xfff073d9     0x2  Code  Gb  interrupts.o [1]
_BSP_IntHandler_104     0xfff073d7     0x2  Code  Gb  interrupts.o [1]
_BSP_IntHandler_105     0xfff073d5     0x2  Code  Gb  interrupts.o [1]
_BSP_IntHandler_106     0xfff073d3     0x2  Code  Gb  interrupts.o [1]
_BSP_IntHandler_107     0xfff073d1     0x2  Code  Gb  interrupts.o [1]
_BSP_IntHandler_108     0xfff073cf     0x2  Code  Gb  interrupts.o [1]
_BSP_IntHandler_109     0xfff073cd     0x2  Code  Gb  interrupts.o [1]
_BSP_IntHandler_110     0xfff073cb     0x2  Code  Gb  interrupts.o [1]
_BSP_IntHandler_111     0xfff073c9     0x2  Code  Gb  interrupts.o [1]
_BSP_IntHandler_112     0xfff073c7     0x2  Code  Gb  interrupts.o [1]
_BSP_IntHandler_113     0xfff073c5     0x2  Code  Gb  interrupts.o [1]
_BSP_IntHandler_114     0xfff073c3     0x2  Code  Gb  interrupts.o [1]
_BSP_IntHandler_115     0xfff073c1     0x2  Code  Gb  interrupts.o [1]
_BSP_IntHandler_116     0xfff073bf     0x2  Code  Gb  interrupts.o [1]
_BSP_IntHandler_117     0xfff073bd     0x2  Code  Gb  interrupts.o [1]
_BSP_IntHandler_118     0xfff073bb     0x2  Code  Gb  interrupts.o [1]
_BSP_IntHandler_119     0xfff073b9     0x2  Code  Gb  interrupts.o [1]
_BSP_IntHandler_120     0xfff073b7     0x2  Code  Gb  interrupts.o [1]
_BSP_IntHandler_121     0xfff073b5     0x2  Code  Gb  interrupts.o [1]
_BSP_IntHandler_122     0xfff073b3     0x2  Code  Gb  interrupts.o [1]
_BSP_IntHandler_123     0xfff073b1     0x2  Code  Gb  interrupts.o [1]
_BSP_IntHandler_124     0xfff073af     0x2  Code  Gb  interrupts.o [1]
_BSP_IntHandler_125     0xfff073ad     0x2  Code  Gb  interrupts.o [1]
_BSP_IntHandler_126     0xfff073ab     0x2  Code  Gb  interrupts.o [1]
_BSP_IntHandler_127     0xfff073a9     0x2  Code  Gb  interrupts.o [1]
_BSP_IntHandler_128     0xfff073a7     0x2  Code  Gb  interrupts.o [1]
_BSP_IntHandler_129     0xfff073a5     0x2  Code  Gb  interrupts.o [1]
_BSP_IntHandler_130     0xfff073a3     0x2  Code  Gb  interrupts.o [1]
_BSP_IntHandler_131     0xfff073a1     0x2  Code  Gb  interrupts.o [1]
_BSP_IntHandler_132     0xfff0739f     0x2  Code  Gb  interrupts.o [1]
_BSP_IntHandler_133     0xfff0739d     0x2  Code  Gb  interrupts.o [1]
_BSP_IntHandler_134     0xfff0739b     0x2  Code  Gb  interrupts.o [1]
_BSP_IntHandler_135     0xfff07399     0x2  Code  Gb  interrupts.o [1]
_BSP_IntHandler_136     0xfff07397     0x2  Code  Gb  interrupts.o [1]
_BSP_IntHandler_137     0xfff07395     0x2  Code  Gb  interrupts.o [1]
_BSP_IntHandler_138     0xfff07393     0x2  Code  Gb  interrupts.o [1]
_BSP_IntHandler_139     0xfff07391     0x2  Code  Gb  interrupts.o [1]
_BSP_IntHandler_140     0xfff0738f     0x2  Code  Gb  interrupts.o [1]
_BSP_IntHandler_141     0xfff0738d     0x2  Code  Gb  interrupts.o [1]
_BSP_IntHandler_142     0xfff0738b     0x2  Code  Gb  interrupts.o [1]
_BSP_IntHandler_143     0xfff07389     0x2  Code  Gb  interrupts.o [1]
_BSP_IntHandler_144     0xfff07387     0x2  Code  Gb  interrupts.o [1]
_BSP_IntHandler_145     0xfff07385     0x2  Code  Gb  interrupts.o [1]
_BSP_IntHandler_146     0xfff07383     0x2  Code  Gb  interrupts.o [1]
_BSP_IntHandler_147     0xfff07381     0x2  Code  Gb  interrupts.o [1]
_BSP_IntHandler_148     0xfff0737f     0x2  Code  Gb  interrupts.o [1]
_BSP_IntHandler_149     0xfff0737d     0x2  Code  Gb  interrupts.o [1]
_BSP_IntHandler_150     0xfff0737b     0x2  Code  Gb  interrupts.o [1]
_BSP_IntHandler_151     0xfff07379     0x2  Code  Gb  interrupts.o [1]
_BSP_IntHandler_152     0xfff07377     0x2  Code  Gb  interrupts.o [1]
_BSP_IntHandler_153     0xfff07375     0x2  Code  Gb  interrupts.o [1]
_BSP_IntHandler_154     0xfff07373     0x2  Code  Gb  interrupts.o [1]
_BSP_IntHandler_155     0xfff07371     0x2  Code  Gb  interrupts.o [1]
_BSP_IntHandler_156     0xfff0736f     0x2  Code  Gb  interrupts.o [1]
_BSP_IntHandler_157     0xfff0736d     0x2  Code  Gb  interrupts.o [1]
_BSP_IntHandler_158     0xfff0736b     0x2  Code  Gb  interrupts.o [1]
_BSP_IntHandler_159     0xfff07369     0x2  Code  Gb  interrupts.o [1]
_BSP_IntHandler_160     0xfff07367     0x2  Code  Gb  interrupts.o [1]
_BSP_IntHandler_161     0xfff07365     0x2  Code  Gb  interrupts.o [1]
_BSP_IntHandler_162     0xfff07363     0x2  Code  Gb  interrupts.o [1]
_BSP_IntHandler_163     0xfff07361     0x2  Code  Gb  interrupts.o [1]
_BSP_IntHandler_164     0xfff0735f     0x2  Code  Gb  interrupts.o [1]
_BSP_IntHandler_165     0xfff0735d     0x2  Code  Gb  interrupts.o [1]
_BSP_IntHandler_166     0xfff0735b     0x2  Code  Gb  interrupts.o [1]
_BSP_IntHandler_167     0xfff07359     0x2  Code  Gb  interrupts.o [1]
_BSP_IntHandler_168     0xfff07357     0x2  Code  Gb  interrupts.o [1]
_BSP_IntHandler_169     0xfff07355     0x2  Code  Gb  interrupts.o [1]
_BSP_IntHandler_170     0xfff07353     0x2  Code  Gb  interrupts.o [1]
_BSP_IntHandler_171     0xfff07351     0x2  Code  Gb  interrupts.o [1]
_BSP_IntHandler_172     0xfff0734f     0x2  Code  Gb  interrupts.o [1]
_BSP_IntHandler_173     0xfff0734d     0x2  Code  Gb  interrupts.o [1]
_BSP_IntHandler_174     0xfff0734b     0x2  Code  Gb  interrupts.o [1]
_BSP_IntHandler_175     0xfff07349     0x2  Code  Gb  interrupts.o [1]
_BSP_IntHandler_176     0xfff07347     0x2  Code  Gb  interrupts.o [1]
_BSP_IntHandler_177     0xfff07345     0x2  Code  Gb  interrupts.o [1]
_BSP_IntHandler_178     0xfff07343     0x2  Code  Gb  interrupts.o [1]
_BSP_IntHandler_179     0xfff07341     0x2  Code  Gb  interrupts.o [1]
_BSP_IntHandler_180     0xfff0733f     0x2  Code  Gb  interrupts.o [1]
_BSP_IntHandler_181     0xfff0733d     0x2  Code  Gb  interrupts.o [1]
_BSP_IntHandler_182     0xfff0733b     0x2  Code  Gb  interrupts.o [1]
_BSP_IntHandler_183     0xfff07339     0x2  Code  Gb  interrupts.o [1]
_BSP_IntHandler_184     0xfff07337     0x2  Code  Gb  interrupts.o [1]
_BSP_IntHandler_185     0xfff07335     0x2  Code  Gb  interrupts.o [1]
_BSP_IntHandler_186     0xfff07333     0x2  Code  Gb  interrupts.o [1]
_BSP_IntHandler_187     0xfff07331     0x2  Code  Gb  interrupts.o [1]
_BSP_IntHandler_188     0xfff0732f     0x2  Code  Gb  interrupts.o [1]
_BSP_IntHandler_189     0xfff0732d     0x2  Code  Gb  interrupts.o [1]
_BSP_IntHandler_190     0xfff0732b     0x2  Code  Gb  interrupts.o [1]
_BSP_IntHandler_191     0xfff07329     0x2  Code  Gb  interrupts.o [1]
_BSP_IntHandler_192     0xfff07327     0x2  Code  Gb  interrupts.o [1]
_BSP_IntHandler_193     0xfff07325     0x2  Code  Gb  interrupts.o [1]
_BSP_IntHandler_194     0xfff07323     0x2  Code  Gb  interrupts.o [1]
_BSP_IntHandler_195     0xfff07321     0x2  Code  Gb  interrupts.o [1]
_BSP_IntHandler_196     0xfff0731f     0x2  Code  Gb  interrupts.o [1]
_BSP_IntHandler_197     0xfff0731d     0x2  Code  Gb  interrupts.o [1]
_BSP_IntHandler_198     0xfff0731b     0x2  Code  Gb  interrupts.o [1]
_BSP_IntHandler_199     0xfff07319     0x2  Code  Gb  interrupts.o [1]
_BSP_IntHandler_200     0xfff07317     0x2  Code  Gb  interrupts.o [1]
_BSP_IntHandler_201     0xfff07315     0x2  Code  Gb  interrupts.o [1]
_BSP_IntHandler_202     0xfff07313     0x2  Code  Gb  interrupts.o [1]
_BSP_IntHandler_203     0xfff07311     0x2  Code  Gb  interrupts.o [1]
_BSP_IntHandler_204     0xfff0730f     0x2  Code  Gb  interrupts.o [1]
_BSP_IntHandler_205     0xfff0730d     0x2  Code  Gb  interrupts.o [1]
_BSP_IntHandler_206     0xfff0730b     0x2  Code  Gb  interrupts.o [1]
_BSP_IntHandler_207     0xfff07309     0x2  Code  Gb  interrupts.o [1]
_BSP_IntHandler_208     0xfff07307     0x2  Code  Gb  interrupts.o [1]
_BSP_IntHandler_209     0xfff07305     0x2  Code  Gb  interrupts.o [1]
_BSP_IntHandler_210     0xfff07303     0x2  Code  Gb  interrupts.o [1]
_BSP_IntHandler_211     0xfff07301     0x2  Code  Gb  interrupts.o [1]
_BSP_IntHandler_212     0xfff072ff     0x2  Code  Gb  interrupts.o [1]
_BSP_IntHandler_213     0xfff072fd     0x2  Code  Gb  interrupts.o [1]
_BSP_IntHandler_214     0xfff072fb     0x2  Code  Gb  interrupts.o [1]
_BSP_IntHandler_215     0xfff072f9     0x2  Code  Gb  interrupts.o [1]
_BSP_IntHandler_216     0xfff072f7     0x2  Code  Gb  interrupts.o [1]
_BSP_IntHandler_217     0xfff072f5     0x2  Code  Gb  interrupts.o [1]
_BSP_IntHandler_218     0xfff072f3     0x2  Code  Gb  interrupts.o [1]
_BSP_IntHandler_219     0xfff072f1     0x2  Code  Gb  interrupts.o [1]
_BSP_IntHandler_220     0xfff072ef     0x2  Code  Gb  interrupts.o [1]
_BSP_IntHandler_221     0xfff072ed     0x2  Code  Gb  interrupts.o [1]
_BSP_IntHandler_222     0xfff072eb     0x2  Code  Gb  interrupts.o [1]
_BSP_IntHandler_223     0xfff072e9     0x2  Code  Gb  interrupts.o [1]
_BSP_IntHandler_224     0xfff072e7     0x2  Code  Gb  interrupts.o [1]
_BSP_IntHandler_225     0xfff072e5     0x2  Code  Gb  interrupts.o [1]
_BSP_IntHandler_226     0xfff072e3     0x2  Code  Gb  interrupts.o [1]
_BSP_IntHandler_227     0xfff072e1     0x2  Code  Gb  interrupts.o [1]
_BSP_IntHandler_228     0xfff072df     0x2  Code  Gb  interrupts.o [1]
_BSP_IntHandler_229     0xfff072dd     0x2  Code  Gb  interrupts.o [1]
_BSP_IntHandler_230     0xfff072db     0x2  Code  Gb  interrupts.o [1]
_BSP_IntHandler_231     0xfff072d9     0x2  Code  Gb  interrupts.o [1]
_BSP_IntHandler_232     0xfff072d7     0x2  Code  Gb  interrupts.o [1]
_BSP_IntHandler_233     0xfff072d5     0x2  Code  Gb  interrupts.o [1]
_BSP_IntHandler_234     0xfff072d3     0x2  Code  Gb  interrupts.o [1]
_BSP_IntHandler_235     0xfff072d1     0x2  Code  Gb  interrupts.o [1]
_BSP_IntHandler_236     0xfff072cf     0x2  Code  Gb  interrupts.o [1]
_BSP_IntHandler_237     0xfff072cd     0x2  Code  Gb  interrupts.o [1]
_BSP_IntHandler_238     0xfff072cb     0x2  Code  Gb  interrupts.o [1]
_BSP_IntHandler_239     0xfff072c9     0x2  Code  Gb  interrupts.o [1]
_BSP_IntHandler_240     0xfff072c7     0x2  Code  Gb  interrupts.o [1]
_BSP_IntHandler_241     0xfff072c5     0x2  Code  Gb  interrupts.o [1]
_BSP_IntHandler_242     0xfff072c3     0x2  Code  Gb  interrupts.o [1]
_BSP_IntHandler_243     0xfff072c1     0x2  Code  Gb  interrupts.o [1]
_BSP_IntHandler_244     0xfff072bf     0x2  Code  Gb  interrupts.o [1]
_BSP_IntHandler_245     0xfff072bd     0x2  Code  Gb  interrupts.o [1]
_BSP_IntHandler_246     0xfff072bb     0x2  Code  Gb  interrupts.o [1]
_BSP_IntHandler_247     0xfff072b9     0x2  Code  Gb  interrupts.o [1]
_BSP_IntHandler_248     0xfff072b7     0x2  Code  Gb  interrupts.o [1]
_BSP_IntHandler_249     0xfff072b5     0x2  Code  Gb  interrupts.o [1]
_BSP_IntHandler_250     0xfff072b3     0x2  Code  Gb  interrupts.o [1]
_BSP_IntHandler_251     0xfff072b1     0x2  Code  Gb  interrupts.o [1]
_BSP_IntHandler_252     0xfff072af     0x2  Code  Gb  interrupts.o [1]
_BSP_IntHandler_253     0xfff072ad     0x2  Code  Gb  interrupts.o [1]
_BSP_IntHandler_254     0xfff072ab     0x2  Code  Gb  interrupts.o [1]
_BSP_IntHandler_255     0xfff072a9     0x2  Code  Gb  interrupts.o [1]
_BSP_IntVectSet         0xfff074a3     0xc  Code  Gb  interrupts.o [1]
_BSP_IntVectTbl         0xfff00800   0x400  Data  Gb  interrupts.o [1]
_BSP_LED_Init           0xfff078ac    0x5a  Code  Gb  bsp_led.o [1]
_BSP_LED_Off            0xfff077d2    0xda  Code  Gb  bsp_led.o [1]
_BSP_LED_Toggle         0xfff0757c   0x256  Code  Gb  bsp_led.o [1]
_BSP_MicInit            0xfff07a4c    0x48  Code  Lc  bsp_misc.o [1]
_BSP_MiscInit           0xfff07a94     0xa  Code  Gb  bsp_misc.o [1]
_BSP_OS_GLCD_MutexCreate
                        0xfff07ac8    0x1e  Code  Gb  bsp_os.o [1]
_BSP_OS_GLCD_MutexPend  0xfff07aaf    0x19  Code  Gb  bsp_os.o [1]
_BSP_OS_GLCD_MutexPost  0xfff07a9e    0x11  Code  Gb  bsp_os.o [1]
_BSP_PotInit            0xfff079e4    0x68  Code  Lc  bsp_misc.o [1]
_BSP_SwsInit            0xfff079ce    0x16  Code  Lc  bsp_misc.o [1]
_BSP_SysInit            0xfff056a5    0x63  Code  Gb  bsp_sys.o [1]
_BSP_SysPerClkFreqGet   0xfff05617    0x8e  Code  Gb  bsp_sys.o [1]
_CPU_CntLeadZeros       0xfff02fa0    0x10  Code  Gb  cpu_core.o [1]
_CPU_CntLeadZeros32     0xfff02f39    0x67  Code  Gb  cpu_core.o [1]
_CPU_CntLeadZerosTbl    0xfff00c00   0x100  Data  Lc  cpu_core.o [1]
_CPU_Init               0xfff03164     0xa  Code  Gb  cpu_core.o [1]
_CPU_IntDisMeasCtr      0x00007c9a     0x2  Data  Gb  cpu_core.o [1]
_CPU_IntDisMeasInit     0xfff02e6d    0xa2  Code  Lc  cpu_core.o [1]
_CPU_IntDisMeasMaxCalc  0xfff02e4c    0x21  Code  Lc  cpu_core.o [1]
_CPU_IntDisMeasMaxCurGet
                        0xfff03052    0x39  Code  Gb  cpu_core.o [1]
_CPU_IntDisMeasMaxCurReset
                        0xfff0308b    0x38  Code  Gb  cpu_core.o [1]
_CPU_IntDisMeasMaxCur_cnts
                        0x00007ca4     0x2  Data  Gb  cpu_core.o [1]
_CPU_IntDisMeasMax_cnts
                        0x00007ca6     0x2  Data  Gb  cpu_core.o [1]
_CPU_IntDisMeasOvrhd_cnts
                        0x00007ca2     0x2  Data  Gb  cpu_core.o [1]
_CPU_IntDisMeasStart    0xfff0301b    0x37  Code  Gb  cpu_core.o [1]
_CPU_IntDisMeasStart_cnts
                        0x00007c9e     0x2  Data  Gb  cpu_core.o [1]
_CPU_IntDisMeasStop     0xfff02fb0    0x6b  Code  Gb  cpu_core.o [1]
_CPU_IntDisMeasStop_cnts
                        0x00007ca0     0x2  Data  Gb  cpu_core.o [1]
_CPU_IntDisNestCtr      0x00007c9c     0x2  Data  Gb  cpu_core.o [1]
_CPU_Name               0x00007bd8    0x10  Data  Gb  cpu_core.o [1]
_CPU_NameClr            0xfff03129    0x39  Code  Gb  cpu_core.o [1]
_CPU_NameInit           0xfff02f35     0x4  Code  Lc  cpu_core.o [1]
_CPU_SW_Exception       0xfff03162     0x2  Code  Gb  cpu_core.o [1]
_CPU_TS_32_Accum        0x00007c1c     0x4  Data  Gb  cpu_core.o [1]
_CPU_TS_32_TmrPrev      0x00007c98     0x2  Data  Gb  cpu_core.o [1]
_CPU_TS_Get32           0xfff030cf    0x5a  Code  Gb  cpu_core.o [1]
_CPU_TS_Init            0xfff02f0f    0x26  Code  Lc  cpu_core.o [1]
_CPU_TS_TmrFreqSet      0xfff030c3     0x8  Code  Gb  cpu_core.o [1]
_CPU_TS_TmrFreq_Hz      0x00007c20     0x4  Data  Gb  cpu_core.o [1]
_CPU_TS_TmrInit         0xfff03178    0x78  Code  Gb  cpu_bsp.o [1]
_CPU_TS_TmrRd           0xfff0316e     0xa  Code  Gb  cpu_bsp.o [1]
_CPU_TS_Update          0xfff030cb     0x4  Code  Gb  cpu_core.o [1]
_Comm_API               0x00007be8     0xc  Data  Gb  Glyph.o [1]
_Font8x8_char_0         0xfff00f6a     0xa  Data  Gb  font_8x8.o [1]
_Font8x8_char_1         0xfff00fde     0xa  Data  Gb  font_8x8.o [1]
_Font8x8_char_10        0xfff01038     0xa  Data  Gb  font_8x8.o [1]
_Font8x8_char_100       0xfff013bc     0xa  Data  Gb  font_8x8.o [1]
_Font8x8_char_101       0xfff013c6     0xa  Data  Gb  font_8x8.o [1]
_Font8x8_char_102       0xfff013d0     0xa  Data  Gb  font_8x8.o [1]
_Font8x8_char_103       0xfff013da     0xa  Data  Gb  font_8x8.o [1]
_Font8x8_char_104       0xfff013e4     0xa  Data  Gb  font_8x8.o [1]
_Font8x8_char_105       0xfff013ee     0xa  Data  Gb  font_8x8.o [1]
_Font8x8_char_106       0xfff013f8     0xa  Data  Gb  font_8x8.o [1]
_Font8x8_char_107       0xfff01402     0xa  Data  Gb  font_8x8.o [1]
_Font8x8_char_108       0xfff0140c     0xa  Data  Gb  font_8x8.o [1]
_Font8x8_char_109       0xfff01416     0xa  Data  Gb  font_8x8.o [1]
_Font8x8_char_11        0xfff01042     0xa  Data  Gb  font_8x8.o [1]
_Font8x8_char_110       0xfff01420     0xa  Data  Gb  font_8x8.o [1]
_Font8x8_char_111       0xfff0142a     0xa  Data  Gb  font_8x8.o [1]
_Font8x8_char_112       0xfff01434     0xa  Data  Gb  font_8x8.o [1]
_Font8x8_char_113       0xfff0143e     0xa  Data  Gb  font_8x8.o [1]
_Font8x8_char_114       0xfff01448     0xa  Data  Gb  font_8x8.o [1]
_Font8x8_char_115       0xfff01452     0xa  Data  Gb  font_8x8.o [1]
_Font8x8_char_116       0xfff0145c     0xa  Data  Gb  font_8x8.o [1]
_Font8x8_char_117       0xfff01466     0xa  Data  Gb  font_8x8.o [1]
_Font8x8_char_118       0xfff01470     0xa  Data  Gb  font_8x8.o [1]
_Font8x8_char_119       0xfff0147a     0xa  Data  Gb  font_8x8.o [1]
_Font8x8_char_12        0xfff0104c     0xa  Data  Gb  font_8x8.o [1]
[...]
___interrupt_15         0xfff08284    0x20  Code  Wk  interrupt_table.o [4]
___interrupt_150        0xfff08284    0x20  Code  Wk  interrupt_table.o [4]
___interrupt_151        0xfff08284    0x20  Code  Wk  interrupt_table.o [4]
___interrupt_152        0xfff08284    0x20  Code  Wk  interrupt_table.o [4]
___interrupt_153        0xfff08284    0x20  Code  Wk  interrupt_table.o [4]
___interrupt_154        0xfff08284    0x20  Code  Wk  interrupt_table.o [4]
___interrupt_155        0xfff08284    0x20  Code  Wk  interrupt_table.o [4]
___interrupt_156        0xfff08284    0x20  Code  Wk  interrupt_table.o [4]
___interrupt_157        0xfff08284    0x20  Code  Wk  interrupt_table.o [4]
___interrupt_158        0xfff08284    0x20  Code  Wk  interrupt_table.o [4]
___interrupt_159        0xfff08284    0x20  Code  Wk  interrupt_table.o [4]
___interrupt_16         0xfff08284    0x20  Code  Wk  interrupt_table.o [4]
___interrupt_160        0xfff08284    0x20  Code  Wk  interrupt_table.o [4]
___interrupt_161        0xfff08284    0x20  Code  Wk  interrupt_table.o [4]
___interrupt_162        0xfff08284    0x20  Code  Wk  interrupt_table.o [4]
___interrupt_163        0xfff08284    0x20  Code  Wk  interrupt_table.o [4]
___interrupt_164        0xfff08284    0x20  Code  Wk  interrupt_table.o [4]
___interrupt_165        0xfff08284    0x20  Code  Wk  interrupt_table.o [4]
___interrupt_166        0xfff08284    0x20  Code  Wk  interrupt_table.o [4]
___interrupt_167        0xfff08284    0x20  Code  Wk  interrupt_table.o [4]
___interrupt_168        0xfff08284    0x20  Code  Wk  interrupt_table.o [4]
___interrupt_169        0xfff08284    0x20  Code  Wk  interrupt_table.o [4]
___interrupt_17         0xfff08284    0x20  Code  Wk  interrupt_table.o [4]
___interrupt_170        0xfff08284    0x20  Code  Wk  interrupt_table.o [4]
___interrupt_171        0xfff08284    0x20  Code  Wk  interrupt_table.o [4]
___interrupt_172        0xfff08284    0x20  Code  Wk  interrupt_table.o [4]
___interrupt_173        0xfff08284    0x20  Code  Wk  interrupt_table.o [4]
___interrupt_174        0xfff08284    0x20  Code  Wk  interrupt_table.o [4]
___interrupt_175        0xfff08284    0x20  Code  Wk  interrupt_table.o [4]
___interrupt_176        0xfff08284    0x20  Code  Wk  interrupt_table.o [4]
___interrupt_177        0xfff08284    0x20  Code  Wk  interrupt_table.o [4]
___interrupt_178        0xfff08284    0x20  Code  Wk  interrupt_table.o [4]
___interrupt_179        0xfff08284    0x20  Code  Wk  interrupt_table.o [4]
___interrupt_18         0xfff08284    0x20  Code  Wk  interrupt_table.o [4]
___interrupt_180        0xfff08284    0x20  Code  Wk  interrupt_table.o [4]
___interrupt_181        0xfff08284    0x20  Code  Wk  interrupt_table.o [4]
___interrupt_182        0xfff08284    0x20  Code  Wk  interrupt_table.o [4]
___interrupt_183        0xfff08284    0x20  Code  Wk  interrupt_table.o [4]
___interrupt_184        0xfff08284    0x20  Code  Wk  interrupt_table.o [4]
___interrupt_185        0xfff08284    0x20  Code  Wk  interrupt_table.o [4]
___interrupt_186        0xfff08284    0x20  Code  Wk  interrupt_table.o [4]
___interrupt_187        0xfff08284    0x20  Code  Wk  interrupt_table.o [4]
___interrupt_188        0xfff08284    0x20  Code  Wk  interrupt_table.o [4]
___interrupt_189        0xfff08284    0x20  Code  Wk  interrupt_table.o [4]
___interrupt_19         0xfff08284    0x20  Code  Wk  interrupt_table.o [4]
___interrupt_190        0xfff08284    0x20  Code  Wk  interrupt_table.o [4]
___interrupt_191        0xfff08284    0x20  Code  Wk  interrupt_table.o [4]
___interrupt_192        0xfff08284    0x20  Code  Wk  interrupt_table.o [4]
___interrupt_193        0xfff08284    0x20  Code  Wk  interrupt_table.o [4]
___interrupt_194        0xfff08284    0x20  Code  Wk  interrupt_table.o [4]
___interrupt_195        0xfff08284    0x20  Code  Wk  interrupt_table.o [4]
___interrupt_196        0xfff08284    0x20  Code  Wk  interrupt_table.o [4]
___interrupt_197        0xfff08284    0x20  Code  Wk  interrupt_table.o [4]
___interrupt_198        0xfff08284    0x20  Code  Wk  interrupt_table.o [4]
___interrupt_199        0xfff08284    0x20  Code  Wk  interrupt_table.o [4]
___interrupt_2          0xfff08284    0x20  Code  Wk  interrupt_table.o [4]
___interrupt_20         0xfff08284    0x20  Code  Wk  interrupt_table.o [4]
___interrupt_200        0xfff08284    0x20  Code  Wk  interrupt_table.o [4]
___interrupt_201        0xfff08284    0x20  Code  Wk  interrupt_table.o [4]
___interrupt_202        0xfff08284    0x20  Code  Wk  interrupt_table.o [4]
___interrupt_203        0xfff08284    0x20  Code  Wk  interrupt_table.o [4]
___interrupt_204        0xfff08284    0x20  Code  Wk  interrupt_table.o [4]
___interrupt_205        0xfff08284    0x20  Code  Wk  interrupt_table.o [4]
___interrupt_206        0xfff08284    0x20  Code  Wk  interrupt_table.o [4]
___interrupt_207        0xfff08284    0x20  Code  Wk  interrupt_table.o [4]
___interrupt_208        0xfff08284    0x20  Code  Wk  interrupt_table.o [4]
___interrupt_209        0xfff08284    0x20  Code  Wk  interrupt_table.o [4]
___interrupt_21         0xfff08284    0x20  Code  Wk  interrupt_table.o [4]
___interrupt_210        0xfff08284    0x20  Code  Wk  interrupt_table.o [4]
___interrupt_211        0xfff08284    0x20  Code  Wk  interrupt_table.o [4]
___interrupt_212        0xfff08284    0x20  Code  Wk  interrupt_table.o [4]
___interrupt_213        0xfff08284    0x20  Code  Wk  interrupt_table.o [4]
___interrupt_214        0xfff08284    0x20  Code  Wk  interrupt_table.o [4]
___interrupt_215        0xfff08284    0x20  Code  Wk  interrupt_table.o [4]
___interrupt_216        0xfff08284    0x20  Code  Wk  interrupt_table.o [4]
___interrupt_217        0xfff08284    0x20  Code  Wk  interrupt_table.o [4]
___interrupt_218        0xfff08284    0x20  Code  Wk  interrupt_table.o [4]
___interrupt_219        0xfff08284    0x20  Code  Wk  interrupt_table.o [4]
___interrupt_22         0xfff08284    0x20  Code  Wk  interrupt_table.o [4]
___interrupt_220        0xfff08284    0x20  Code  Wk  interrupt_table.o [4]
___interrupt_221        0xfff08284    0x20  Code  Wk  interrupt_table.o [4]
___interrupt_222        0xfff08284    0x20  Code  Wk  interrupt_table.o [4]
___interrupt_223        0xfff08284    0x20  Code  Wk  interrupt_table.o [4]
___interrupt_224        0xfff08284    0x20  Code  Wk  interrupt_table.o [4]
___interrupt_225        0xfff08284    0x20  Code  Wk  interrupt_table.o [4]
___interrupt_226        0xfff08284    0x20  Code  Wk  interrupt_table.o [4]
___interrupt_227        0xfff08284    0x20  Code  Wk  interrupt_table.o [4]
___interrupt_228        0xfff08284    0x20  Code  Wk  interrupt_table.o [4]
___interrupt_229        0xfff08284    0x20  Code  Wk  interrupt_table.o [4]
___interrupt_23         0xfff08284    0x20  Code  Wk  interrupt_table.o [4]
___interrupt_230        0xfff08284    0x20  Code  Wk  interrupt_table.o [4]
___interrupt_231        0xfff08284    0x20  Code  Wk  interrupt_table.o [4]
___interrupt_232        0xfff08284    0x20  Code  Wk  interrupt_table.o [4]
___interrupt_233        0xfff08284    0x20  Code  Wk  interrupt_table.o [4]
___interrupt_234        0xfff08284    0x20  Code  Wk  interrupt_table.o [4]
___interrupt_235        0xfff08284    0x20  Code  Wk  interrupt_table.o [4]
___interrupt_236        0xfff08284    0x20  Code  Wk  interrupt_table.o [4]
___interrupt_237        0xfff08284    0x20  Code  Wk  interrupt_table.o [4]
___interrupt_238        0xfff08284    0x20  Code  Wk  interrupt_table.o [4]
___interrupt_239        0xfff08284    0x20  Code  Wk  interrupt_table.o [4]
___interrupt_24         0xfff08284    0x20  Code  Wk  interrupt_table.o [4]
___interrupt_240        0xfff08284    0x20  Code  Wk  interrupt_table.o [4]
___interrupt_241        0xfff08284    0x20  Code  Wk  interrupt_table.o [4]
___interrupt_242        0xfff08284    0x20  Code  Wk  interrupt_table.o [4]
___interrupt_243        0xfff08284    0x20  Code  Wk  interrupt_table.o [4]
___interrupt_244        0xfff08284    0x20  Code  Wk  interrupt_table.o [4]
___interrupt_245        0xfff08284    0x20  Code  Wk  interrupt_table.o [4]
___interrupt_246        0xfff08284    0x20  Code  Wk  interrupt_table.o [4]
___interrupt_247        0xfff08284    0x20  Code  Wk  interrupt_table.o [4]
___interrupt_248        0xfff08284    0x20  Code  Wk  interrupt_table.o [4]
___interrupt_249        0xfff08284    0x20  Code  Wk  interrupt_table.o [4]
___interrupt_25         0xfff08284    0x20  Code  Wk  interrupt_table.o [4]
___interrupt_250        0xfff08284    0x20  Code  Wk  interrupt_table.o [4]
___interrupt_251        0xfff08284    0x20  Code  Wk  interrupt_table.o [4]
___interrupt_252        0xfff08284    0x20  Code  Wk  interrupt_table.o [4]
___interrupt_253        0xfff08284    0x20  Code  Wk  interrupt_table.o [4]
___interrupt_254        0xfff08284    0x20  Code  Wk  interrupt_table.o [4]
___interrupt_255        0xfff08284    0x20  Code  Wk  interrupt_table.o [4]
___interrupt_26         0xfff08284    0x20  Code  Wk  interrupt_table.o [4]
___interrupt_27         0xfff08284    0x20  Code  Wk  interrupt_table.o [4]
___interrupt_28         0xfff08284    0x20  Code  Wk  interrupt_table.o [4]
___interrupt_29         0xfff08284    0x20  Code  Wk  interrupt_table.o [4]
___interrupt_3          0xfff08284    0x20  Code  Wk  interrupt_table.o [4]
___interrupt_30         0xfff08284    0x20  Code  Wk  interrupt_table.o [4]
___interrupt_31         0xfff08284    0x20  Code  Wk  interrupt_table.o [4]
___interrupt_32         0xfff08284    0x20  Code  Wk  interrupt_table.o [4]
___interrupt_33         0xfff08284    0x20  Code  Wk  interrupt_table.o [4]
___interrupt_34         0xfff08284    0x20  Code  Wk  interrupt_table.o [4]
___interrupt_35         0xfff08284    0x20  Code  Wk  interrupt_table.o [4]
___interrupt_36         0xfff08284    0x20  Code  Wk  interrupt_table.o [4]
___interrupt_37         0xfff08284    0x20  Code  Wk  interrupt_table.o [4]
___interrupt_38         0xfff08284    0x20  Code  Wk  interrupt_table.o [4]
___interrupt_39         0xfff08284    0x20  Code  Wk  interrupt_table.o [4]
___interrupt_4          0xfff08284    0x20  Code  Wk  interrupt_table.o [4]
___interrupt_40         0xfff08284    0x20  Code  Wk  interrupt_table.o [4]
___interrupt_41         0xfff08284    0x20  Code  Wk  interrupt_table.o [4]
___interrupt_42         0xfff08284    0x20  Code  Wk  interrupt_table.o [4]
___interrupt_43         0xfff08284    0x20  Code  Wk  interrupt_table.o [4]
___interrupt_44         0xfff08284    0x20  Code  Wk  interrupt_table.o [4]
___interrupt_45         0xfff08284    0x20  Code  Wk  interrupt_table.o [4]
___interrupt_46         0xfff08284    0x20  Code  Wk  interrupt_table.o [4]
___interrupt_47         0xfff08284    0x20  Code  Wk  interrupt_table.o [4]
___interrupt_48         0xfff08284    0x20  Code  Wk  interrupt_table.o [4]
___interrupt_49         0xfff08284    0x20  Code  Wk  interrupt_table.o [4]
___interrupt_5          0xfff08284    0x20  Code  Wk  interrupt_table.o [4]
___interrupt_50         0xfff08284    0x20  Code  Wk  interrupt_table.o [4]
___interrupt_51         0xfff08284    0x20  Code  Wk  interrupt_table.o [4]
___interrupt_52         0xfff08284    0x20  Code  Wk  interrupt_table.o [4]
___interrupt_53         0xfff08284    0x20  Code  Wk  interrupt_table.o [4]
___interrupt_54         0xfff08284    0x20  Code  Wk  interrupt_table.o [4]
___interrupt_55         0xfff08284    0x20  Code  Wk  interrupt_table.o [4]
___interrupt_56         0xfff08284    0x20  Code  Wk  interrupt_table.o [4]
___interrupt_57         0xfff08284    0x20  Code  Wk  interrupt_table.o [4]
___interrupt_58         0xfff08284    0x20  Code  Wk  interrupt_table.o [4]
___interrupt_59         0xfff08284    0x20  Code  Wk  interrupt_table.o [4]
___interrupt_6          0xfff08284    0x20  Code  Wk  interrupt_table.o [4]
___interrupt_60         0xfff08284    0x20  Code  Wk  interrupt_table.o [4]
___interrupt_61         0xfff08284    0x20  Code  Wk  interrupt_table.o [4]
___interrupt_62         0xfff08284    0x20  Code  Wk  interrupt_table.o [4]
___interrupt_63         0xfff08284    0x20  Code  Wk  interrupt_table.o [4]
___interrupt_64         0xfff08284    0x20  Code  Wk  interrupt_table.o [4]
___interrupt_65         0xfff08284    0x20  Code  Wk  interrupt_table.o [4]
___interrupt_66         0xfff08284    0x20  Code  Wk  interrupt_table.o [4]
___interrupt_67         0xfff08284    0x20  Code  Wk  interrupt_table.o [4]
___interrupt_68         0xfff08284    0x20  Code  Wk  interrupt_table.o [4]
___interrupt_69         0xfff08284    0x20  Code  Wk  interrupt_table.o [4]
___interrupt_7          0xfff08284    0x20  Code  Wk  interrupt_table.o [4]
___interrupt_70         0xfff08284    0x20  Code  Wk  interrupt_table.o [4]
___interrupt_71         0xfff08284    0x20  Code  Wk  interrupt_table.o [4]
___interrupt_72         0xfff08284    0x20  Code  Wk  interrupt_table.o [4]
___interrupt_73         0xfff08284    0x20  Code  Wk  interrupt_table.o [4]
___interrupt_74         0xfff08284    0x20  Code  Wk  interrupt_table.o [4]
___interrupt_75         0xfff08284    0x20  Code  Wk  interrupt_table.o [4]
___interrupt_76         0xfff08284    0x20  Code  Wk  interrupt_table.o [4]
___interrupt_77         0xfff08284    0x20  Code  Wk  interrupt_table.o [4]
___interrupt_78         0xfff08284    0x20  Code  Wk  interrupt_table.o [4]
___interrupt_79         0xfff08284    0x20  Code  Wk  interrupt_table.o [4]
___interrupt_8          0xfff08284    0x20  Code  Wk  interrupt_table.o [4]
___interrupt_80         0xfff08284    0x20  Code  Wk  interrupt_table.o [4]
___interrupt_81         0xfff08284    0x20  Code  Wk  interrupt_table.o [4]
___interrupt_82         0xfff08284    0x20  Code  Wk  interrupt_table.o [4]
___interrupt_83         0xfff08284    0x20  Code  Wk  interrupt_table.o [4]
___interrupt_84         0xfff08284    0x20  Code  Wk  interrupt_table.o [4]
___interrupt_85         0xfff08284    0x20  Code  Wk  interrupt_table.o [4]
___interrupt_86         0xfff08284    0x20  Code  Wk  interrupt_table.o [4]
___interrupt_87         0xfff08284    0x20  Code  Wk  interrupt_table.o [4]
___interrupt_88         0xfff08284    0x20  Code  Wk  interrupt_table.o [4]
___interrupt_89         0xfff08284    0x20  Code  Wk  interrupt_table.o [4]
___interrupt_9          0xfff08284    0x20  Code  Wk  interrupt_table.o [4]
___interrupt_90         0xfff08284    0x20  Code  Wk  interrupt_table.o [4]
___interrupt_91         0xfff08284    0x20  Code  Wk  interrupt_table.o [4]
___interrupt_92         0xfff08284    0x20  Code  Wk  interrupt_table.o [4]
___interrupt_93         0xfff08284    0x20  Code  Wk  interrupt_table.o [4]
___interrupt_94         0xfff08284    0x20  Code  Wk  interrupt_table.o [4]
___interrupt_95         0xfff08284    0x20  Code  Wk  interrupt_table.o [4]
___interrupt_96         0xfff08284    0x20  Code  Wk  interrupt_table.o [4]
___interrupt_97         0xfff08284    0x20  Code  Wk  interrupt_table.o [4]
___interrupt_98         0xfff08284    0x20  Code  Wk  interrupt_table.o [4]
___interrupt_99         0xfff08284    0x20  Code  Wk  interrupt_table.o [4]
___privileged_handler   0xfff08172          Code  Wk  def_nmi_handlers.o [4]
___rxabi_assert         0xfff06826    0x89  Code  Gb  xassert.o [4]
___undefined_handler    0xfff08172          Code  Wk  def_nmi_handlers.o [4]
___write                0xfff06ae6     0xa  Code  Gb  __dbg_xxwrite.o [3]
__exit                  0xfff0822b          Code  Gb  cexit.o [4]
__float_placeholder     0xfff08172          Code  Wk  def_nmi_handlers.o [4]
__iar_cstart_end        0xfff08212          Code  Gb  cstartup.o [1]
__iar_main_call         0xfff08202          Code  Gb  cstartup.o [1]
__iar_program_start     0xfff081f0          Code  Gb  cstartup.o [1]
__iar_reset_vector      0xfffffffc          Data  Gb  nmivec.o [4]
_abort                  0xfff06a9f     0xf  Code  Gb  __dbg_abort.o [3]
_adc_config             0xfff07f8c    0x54  Code  Lc  adc.o [1]
_adc_flag_group         0x00007b9c    0x28  Data  Gb  exercise8.o [1]
_adc_isr                0xfff07e65    0x31  Code  Gb  adc.o [1]
_adc_task               0xfff07e96    0xf6  Code  Gb  adc.o [1]
_alarm_high             0xfff01a18     0x8  Data  Gb  alarm.o [1]
_alarm_low              0xfff01a08     0x8  Data  Gb  alarm.o [1]
_alarm_medium           0xfff01a10     0x8  Data  Gb  alarm.o [1]
_alarm_task             0xfff063f6   0x1d8  Code  Gb  alarm.o [1]
_debounce_task          0xfff080a4    0x88  Code  Gb  pushbutton.o [1]
_default_handler        0xfff08284    0x20  Code  Gb  interrupt_table.o [4]
_exit                   0xfff08227     0x4  Code  Gb  exit.o [4]
_g_adc_q                0x00007a8c    0x30  Data  Lc  adc.o [1]
_g_alarm_stack          0x00006644   0x200  Data  Lc  exercise8.o [1]
_g_alarm_tcb            0x00007664    0xc4  Data  Lc  exercise8.o [1]
_g_debounce_stack       0x00005e44   0x200  Data  Lc  exercise8.o [1]
_g_debounce_tcb         0x00007354    0xc4  Data  Lc  exercise8.o [1]
_g_handle_potentiometer_stack
                        0x00006444   0x200  Data  Lc  exercise8.o [1]
_g_handle_sw1_stack     0x00006044   0x200  Data  Lc  exercise8.o [1]
_g_handle_sw2_stack     0x00006244   0x200  Data  Lc  exercise8.o [1]
_g_led5_stack           0x00005844   0x200  Data  Lc  exercise8.o [1]
_g_led5_tcb             0x00007108    0xc4  Data  Lc  exercise8.o [1]
_g_led6_stack           0x00005a44   0x200  Data  Lc  exercise8.o [1]
_g_led6_tcb             0x000071cc    0xc4  Data  Lc  exercise8.o [1]
_g_speaker_stack        0x00005644   0x200  Data  Lc  alarm.o [1]
_g_speaker_tcb          0x00007044    0xc4  Data  Lc  alarm.o [1]
_g_startup_stack        0x00005c44   0x200  Data  Lc  exercise8.o [1]
_g_startup_tcb          0x00007290    0xc4  Data  Lc  exercise8.o [1]
_g_sw1_sem              0x00007b74    0x28  Data  Gb  exercise8.o [1]
_g_sw2_sem              0x00007b4c    0x28  Data  Gb  exercise8.o [1]
_handle_potentiometer_tcb
                        0x000075a0    0xc4  Data  Lc  exercise8.o [1]
_handle_sw1_press_task  0xfff08059    0x4b  Code  Gb  pushbutton.o [1]
_handle_sw1_tcb         0x00007418    0xc4  Data  Lc  exercise8.o [1]
_handle_sw2_press_task  0xfff0800e    0x4b  Code  Gb  pushbutton.o [1]
_handle_sw2_tcb         0x000074dc    0xc4  Data  Lc  exercise8.o [1]
_led5_task              0xfff07246    0x63  Code  Gb  exercise8.o [1]
_led6_task              0xfff071e4    0x62  Code  Gb  exercise8.o [1]
_led_mutex              0x00007aec    0x30  Data  Gb  exercise8.o [1]
_main                   0xfff06f08    0xad  Code  Gb  exercise8.o [1]
_out                    0xfff06a8a    0x15  Code  Lc  xreportassert.o [4]
_p_adc                  0xfff01db4     0x4  Data  Gb  adc.o [1]
_putchar                0xfff06aae    0x25  Code  Gb  putchar.o [4]
_size                   0x00007c94     0x2  Data  Lc  adc.o [1]
_speaker_config         0xfff0672e    0xf8  Code  Lc  alarm.o [1]
_speaker_task           0xfff065ce   0x160  Code  Gb  alarm.o [1]
_sprintf                0xfff07fe0    0x2e  Code  Gb  sprintf.o [4]
_startup_task           0xfff06fb5   0x22f  Code  Gb  exercise8.o [1]
_strlen                 0xfff063d1     0xf  Code  Gb  strlen.o [4]
_sw1_counter            0x00007cba     0x2  Data  Lc  pushbutton.o [1]
_sw2_counter            0x00007cbc     0x2  Data  Lc  pushbutton.o [1]
_vector_table           0xfff06b08   0x400  Data  Gb  interrupt_table.o [4]


[1] = C:\Embed_v2\Exercises\HandsOn\Exercise8\Debug\Obj
[2] = command line
[3] = dbgrxlld.a
[4] = dlrxflln.a

  24 445 bytes of readonly  code memory
   9 313 bytes of readonly  data memory
  32 450 bytes of readwrite data memory

Errors: none
Warnings: none
